<?xml version="1.0" encoding="utf-8" ?>
<result>
	<row>
		<label>00</label>
		<nb_visits>3</nb_visits>
		<nb_actions>5</nb_actions>
		<sum_visit_length>1397</sum_visit_length>
		<bounce_count>0</bounce_count>
		<nb_visits_converted>1</nb_visits_converted>
		<nb_conversions>1</nb_conversions>
		<revenue>0</revenue>
		<sum_daily_nb_uniq_visitors>3</sum_daily_nb_uniq_visitors>
		<goals>
			<row idgoal='1'>
				<nb_conversions>0</nb_conversions>
				<revenue>0</revenue>
				<nb_visits_converted>0</nb_visits_converted>
			</row>
			<row idgoal='2'>
				<nb_conversions>0</nb_conversions>
				<revenue>0</revenue>
				<nb_visits_converted>0</nb_visits_converted>
			</row>
			<row idgoal='3'>
				<nb_conversions>1</nb_conversions>
				<revenue>0</revenue>
				<nb_visits_converted>1</nb_visits_converted>
			</row>
			<row idgoal='ecommerceOrder'>
				<nb_conversions>0</nb_conversions>
			</row>
		</goals>
		<segment>visitLocalHour==00</segment>
	</row>
	<row>
		<label>01</label>
		<nb_visits>6</nb_visits>
		<nb_actions>11</nb_actions>
		<sum_visit_length>2116</sum_visit_length>
		<bounce_count>1</bounce_count>
		<nb_visits_converted>1</nb_visits_converted>
		<nb_conversions>3</nb_conversions>
		<revenue>1974</revenue>
		<sum_daily_nb_uniq_visitors>7</sum_daily_nb_uniq_visitors>
		<goals>
			<row idgoal='1'>
				<nb_conversions>1</nb_conversions>
				<revenue>0</revenue>
				<nb_visits_converted>0</nb_visits_converted>
			</row>
			<row idgoal='2'>
				<nb_conversions>1</nb_conversions>
				<revenue>0</revenue>
				<nb_visits_converted>0</nb_visits_converted>
			</row>
			<row idgoal='3'>
				<nb_conversions>0</nb_conversions>
				<revenue>0</revenue>
				<nb_visits_converted>0</nb_visits_converted>
			</row>
			<row idgoal='ecommerceOrder'>
				<nb_conversions>1</nb_conversions>
				<revenue>1974</revenue>
				<items>2</items>
			</row>
		</goals>
		<segment>visitLocalHour==01</segment>
	</row>
	<row>
		<label>02</label>
		<nb_visits>16</nb_visits>
		<nb_actions>44</nb_actions>
		<sum_visit_length>48</sum_visit_length>
		<bounce_count>7</bounce_count>
		<nb_visits_converted>6</nb_visits_converted>
		<nb_conversions>10</nb_conversions>
		<revenue>26037</revenue>
		<goals>
			<row idgoal='1'>
				<nb_conversions>2</nb_conversions>
				<revenue>0</revenue>
				<nb_visits_converted>1</nb_visits_converted>
			</row>
			<row idgoal='2'>
				<nb_conversions>4</nb_conversions>
				<revenue>0</revenue>
				<nb_visits_converted>4</nb_visits_converted>
			</row>
			<row idgoal='3'>
				<nb_conversions>1</nb_conversions>
				<revenue>0</revenue>
				<nb_visits_converted>0</nb_visits_converted>
			</row>
			<row idgoal='ecommerceOrder'>
				<nb_conversions>3</nb_conversions>
				<revenue>26037</revenue>
				<items>22</items>
			</row>
		</goals>
		<sum_daily_nb_uniq_visitors>18</sum_daily_nb_uniq_visitors>
		<segment>visitLocalHour==02</segment>
	</row>
	<row>
		<label>03</label>
		<nb_visits>6</nb_visits>
		<nb_actions>23</nb_actions>
		<sum_visit_length>2120</sum_visit_length>
		<bounce_count>3</bounce_count>
		<nb_visits_converted>1</nb_visits_converted>
		<nb_conversions>1</nb_conversions>
		<revenue>0</revenue>
		<sum_daily_nb_uniq_visitors>6</sum_daily_nb_uniq_visitors>
		<goals>
			<row idgoal='1'>
				<nb_conversions>0</nb_conversions>
				<revenue>0</revenue>
				<nb_visits_converted>0</nb_visits_converted>
			</row>
			<row idgoal='2'>
				<nb_conversions>0</nb_conversions>
				<revenue>0</revenue>
				<nb_visits_converted>0</nb_visits_converted>
			</row>
			<row idgoal='3'>
				<nb_conversions>1</nb_conversions>
				<revenue>0</revenue>
				<nb_visits_converted>1</nb_visits_converted>
			</row>
			<row idgoal='ecommerceOrder'>
				<nb_conversions>0</nb_conversions>
			</row>
		</goals>
		<segment>visitLocalHour==03</segment>
	</row>
	<row>
		<label>04</label>
		<nb_visits>160</nb_visits>
		<nb_actions>549</nb_actions>
		<sum_visit_length>12309</sum_visit_length>
		<bounce_count>33</bounce_count>
		<nb_visits_converted>66</nb_visits_converted>
		<nb_conversions>124</nb_conversions>
		<revenue>388085</revenue>
		<sum_daily_nb_uniq_visitors>51</sum_daily_nb_uniq_visitors>
		<goals>
			<row idgoal='1'>
				<nb_conversions>30</nb_conversions>
				<revenue>0</revenue>
				<nb_visits_converted>29</nb_visits_converted>
			</row>
			<row idgoal='2'>
				<nb_conversions>33</nb_conversions>
				<revenue>0</revenue>
				<nb_visits_converted>32</nb_visits_converted>
			</row>
			<row idgoal='3'>
				<nb_conversions>3</nb_conversions>
				<revenue>0</revenue>
				<nb_visits_converted>2</nb_visits_converted>
			</row>
			<row idgoal='ecommerceOrder'>
				<nb_conversions>58</nb_conversions>
				<revenue>388085</revenue>
				<items>321</items>
			</row>
		</goals>
		<segment>visitLocalHour==04</segment>
	</row>
	<row>
		<label>05</label>
		<nb_visits>15</nb_visits>
		<nb_actions>45</nb_actions>
		<sum_visit_length>59</sum_visit_length>
		<bounce_count>3</bounce_count>
		<nb_visits_converted>2</nb_visits_converted>
		<nb_conversions>5</nb_conversions>
		<revenue>23407</revenue>
		<sum_daily_nb_uniq_visitors>15</sum_daily_nb_uniq_visitors>
		<goals>
			<row idgoal='1'>
				<nb_conversions>0</nb_conversions>
				<revenue>0</revenue>
				<nb_visits_converted>0</nb_visits_converted>
			</row>
			<row idgoal='2'>
				<nb_conversions>0</nb_conversions>
				<revenue>0</revenue>
				<nb_visits_converted>0</nb_visits_converted>
			</row>
			<row idgoal='3'>
				<nb_conversions>2</nb_conversions>
				<revenue>0</revenue>
				<nb_visits_converted>1</nb_visits_converted>
			</row>
			<row idgoal='ecommerceOrder'>
				<nb_conversions>3</nb_conversions>
				<revenue>23407</revenue>
				<items>14</items>
			</row>
		</goals>
		<segment>visitLocalHour==05</segment>
	</row>
	<row>
		<label>06</label>
		<nb_visits>54</nb_visits>
		<nb_actions>147</nb_actions>
		<sum_visit_length>1065</sum_visit_length>
		<bounce_count>16</bounce_count>
		<nb_visits_converted>18</nb_visits_converted>
		<nb_conversions>31</nb_conversions>
		<revenue>97056</revenue>
		<sum_daily_nb_uniq_visitors>33</sum_daily_nb_uniq_visitors>
		<goals>
			<row idgoal='1'>
				<nb_conversions>14</nb_conversions>
				<revenue>0</revenue>
				<nb_visits_converted>14</nb_visits_converted>
			</row>
			<row idgoal='2'>
				<nb_conversions>4</nb_conversions>
				<revenue>0</revenue>
				<nb_visits_converted>4</nb_visits_converted>
			</row>
			<row idgoal='3'>
				<nb_conversions>0</nb_conversions>
				<revenue>0</revenue>
				<nb_visits_converted>0</nb_visits_converted>
			</row>
			<row idgoal='ecommerceOrder'>
				<nb_conversions>13</nb_conversions>
				<revenue>97056</revenue>
				<items>75</items>
			</row>
		</goals>
		<segment>visitLocalHour==06</segment>
	</row>
	<row>
		<label>07</label>
		<nb_visits>3</nb_visits>
		<nb_actions>3</nb_actions>
		<sum_visit_length>0</sum_visit_length>
		<bounce_count>3</bounce_count>
		<nb_visits_converted>2</nb_visits_converted>
		<nb_conversions>2</nb_conversions>
		<revenue>0</revenue>
		<sum_daily_nb_uniq_visitors>3</sum_daily_nb_uniq_visitors>
		<goals>
			<row idgoal='1'>
				<nb_conversions>2</nb_conversions>
				<revenue>0</revenue>
				<nb_visits_converted>2</nb_visits_converted>
			</row>
			<row idgoal='2'>
				<nb_conversions>0</nb_conversions>
				<revenue>0</revenue>
				<nb_visits_converted>0</nb_visits_converted>
			</row>
			<row idgoal='3'>
				<nb_conversions>0</nb_conversions>
				<revenue>0</revenue>
				<nb_visits_converted>0</nb_visits_converted>
			</row>
			<row idgoal='ecommerceOrder'>
				<nb_conversions>0</nb_conversions>
			</row>
		</goals>
		<segment>visitLocalHour==07</segment>
	</row>
	<row>
		<label>08</label>
		<nb_visits>8</nb_visits>
		<nb_actions>8</nb_actions>
		<sum_visit_length>0</sum_visit_length>
		<bounce_count>8</bounce_count>
		<nb_visits_converted>0</nb_visits_converted>
		<nb_conversions>0</nb_conversions>
		<revenue>0</revenue>
		<sum_daily_nb_uniq_visitors>8</sum_daily_nb_uniq_visitors>
		<segment>visitLocalHour==08</segment>
	</row>
	<row>
		<label>09</label>
		<nb_visits>1</nb_visits>
		<nb_actions>1</nb_actions>
		<sum_visit_length>0</sum_visit_length>
		<bounce_count>1</bounce_count>
		<nb_visits_converted>0</nb_visits_converted>
		<nb_conversions>0</nb_conversions>
		<revenue>0.0</revenue>
		<sum_daily_nb_uniq_visitors>1</sum_daily_nb_uniq_visitors>
		<segment>visitLocalHour==09</segment>
	</row>
	<row>
		<label>10</label>
		<nb_visits>4</nb_visits>
		<nb_actions>4</nb_actions>
		<sum_visit_length>0</sum_visit_length>
		<bounce_count>4</bounce_count>
		<nb_visits_converted>0</nb_visits_converted>
		<nb_conversions>0</nb_conversions>
		<revenue>0</revenue>
		<sum_daily_nb_uniq_visitors>4</sum_daily_nb_uniq_visitors>
		<segment>visitLocalHour==10</segment>
	</row>
	<row>
		<label>11</label>
		<nb_visits>1</nb_visits>
		<nb_actions>1</nb_actions>
		<sum_visit_length>0</sum_visit_length>
		<bounce_count>1</bounce_count>
		<nb_visits_converted>0</nb_visits_converted>
		<nb_conversions>0</nb_conversions>
		<revenue>0.0</revenue>
		<sum_daily_nb_uniq_visitors>1</sum_daily_nb_uniq_visitors>
		<segment>visitLocalHour==11</segment>
	</row>
	<row>
		<label>12</label>
		<nb_visits>2</nb_visits>
		<nb_actions>2</nb_actions>
		<sum_visit_length>0</sum_visit_length>
		<bounce_count>2</bounce_count>
		<nb_visits_converted>0</nb_visits_converted>
		<nb_conversions>0</nb_conversions>
		<revenue>0</revenue>
		<sum_daily_nb_uniq_visitors>2</sum_daily_nb_uniq_visitors>
		<segment>visitLocalHour==12</segment>
	</row>
	<row>
		<label>13</label>
		<nb_visits>2</nb_visits>
		<nb_actions>2</nb_actions>
		<sum_visit_length>0</sum_visit_length>
		<bounce_count>2</bounce_count>
		<nb_visits_converted>0</nb_visits_converted>
		<nb_conversions>0</nb_conversions>
		<revenue>0</revenue>
		<sum_daily_nb_uniq_visitors>2</sum_daily_nb_uniq_visitors>
		<segment>visitLocalHour==13</segment>
	</row>
	<row>
		<label>14</label>
		<nb_visits>1</nb_visits>
		<nb_actions>1</nb_actions>
		<sum_visit_length>1726</sum_visit_length>
		<bounce_count>0</bounce_count>
		<nb_visits_converted>0</nb_visits_converted>
		<nb_conversions>0</nb_conversions>
		<revenue>0.0</revenue>
		<sum_daily_nb_uniq_visitors>1</sum_daily_nb_uniq_visitors>
		<segment>visitLocalHour==14</segment>
	</row>
	<row>
		<label>15</label>
		<nb_visits>0</nb_visits>
		<nb_actions>1</nb_actions>
		<sum_visit_length>0</sum_visit_length>
		<bounce_count>0</bounce_count>
		<nb_visits_converted>0</nb_visits_converted>
		<nb_conversions>1</nb_conversions>
		<revenue>0.0</revenue>
		<goals>
			<row idgoal='1'>
				<nb_conversions>0</nb_conversions>
				<revenue>0</revenue>
				<nb_visits_converted>0</nb_visits_converted>
			</row>
			<row idgoal='2'>
				<nb_conversions>0</nb_conversions>
				<revenue>0</revenue>
				<nb_visits_converted>0</nb_visits_converted>
			</row>
			<row idgoal='3'>
				<nb_conversions>1</nb_conversions>
				<revenue>0</revenue>
				<nb_visits_converted>0</nb_visits_converted>
			</row>
			<row idgoal='ecommerceOrder'>
				<nb_conversions>0</nb_conversions>
			</row>
		</goals>
		<sum_daily_nb_uniq_visitors>1</sum_daily_nb_uniq_visitors>
		<segment>visitLocalHour==15</segment>
	</row>
	<row>
		<label>16</label>
		<nb_visits>2</nb_visits>
		<nb_actions>2</nb_actions>
		<sum_visit_length>0</sum_visit_length>
		<bounce_count>2</bounce_count>
		<nb_visits_converted>0</nb_visits_converted>
		<nb_conversions>0</nb_conversions>
		<revenue>0</revenue>
		<sum_daily_nb_uniq_visitors>2</sum_daily_nb_uniq_visitors>
		<segment>visitLocalHour==16</segment>
	</row>
	<row>
		<label>17</label>
		<nb_visits>3</nb_visits>
		<nb_actions>4</nb_actions>
		<sum_visit_length>44</sum_visit_length>
		<bounce_count>2</bounce_count>
		<nb_visits_converted>0</nb_visits_converted>
		<nb_conversions>0</nb_conversions>
		<revenue>0.0</revenue>
		<sum_daily_nb_uniq_visitors>3</sum_daily_nb_uniq_visitors>
		<segment>visitLocalHour==17</segment>
	</row>
	<row>
		<label>18</label>
		<nb_visits>2</nb_visits>
		<nb_actions>2</nb_actions>
		<sum_visit_length>0</sum_visit_length>
		<bounce_count>2</bounce_count>
		<nb_visits_converted>0</nb_visits_converted>
		<nb_conversions>0</nb_conversions>
		<revenue>0</revenue>
		<sum_daily_nb_uniq_visitors>2</sum_daily_nb_uniq_visitors>
		<segment>visitLocalHour==18</segment>
	</row>
	<row>
		<label>19</label>
		<nb_visits>4</nb_visits>
		<nb_actions>4</nb_actions>
		<sum_visit_length>261</sum_visit_length>
		<bounce_count>3</bounce_count>
		<nb_visits_converted>0</nb_visits_converted>
		<nb_conversions>0</nb_conversions>
		<revenue>0</revenue>
		<sum_daily_nb_uniq_visitors>4</sum_daily_nb_uniq_visitors>
		<segment>visitLocalHour==19</segment>
	</row>
	<row>
		<label>20</label>
		<nb_visits>24</nb_visits>
		<nb_actions>51</nb_actions>
		<sum_visit_length>144</sum_visit_length>
		<bounce_count>9</bounce_count>
		<nb_visits_converted>4</nb_visits_converted>
		<nb_conversions>9</nb_conversions>
		<revenue>21093</revenue>
		<sum_daily_nb_uniq_visitors>23</sum_daily_nb_uniq_visitors>
		<goals>
			<row idgoal='1'>
				<nb_conversions>3</nb_conversions>
				<revenue>0</revenue>
				<nb_visits_converted>2</nb_visits_converted>
			</row>
			<row idgoal='2'>
				<nb_conversions>2</nb_conversions>
				<revenue>0</revenue>
				<nb_visits_converted>1</nb_visits_converted>
			</row>
			<row idgoal='3'>
				<nb_conversions>0</nb_conversions>
				<revenue>0</revenue>
				<nb_visits_converted>0</nb_visits_converted>
			</row>
			<row idgoal='ecommerceOrder'>
				<nb_conversions>4</nb_conversions>
				<revenue>21093</revenue>
				<items>14</items>
			</row>
		</goals>
		<segment>visitLocalHour==20</segment>
	</row>
	<row>
		<label>21</label>
		<nb_visits>147</nb_visits>
		<nb_actions>630</nb_actions>
		<sum_visit_length>3818</sum_visit_length>
		<bounce_count>22</bounce_count>
		<nb_visits_converted>29</nb_visits_converted>
		<nb_conversions>84</nb_conversions>
		<revenue>671835</revenue>
		<goals>
			<row idgoal='1'>
				<nb_conversions>16</nb_conversions>
				<revenue>0</revenue>
				<nb_visits_converted>16</nb_visits_converted>
			</row>
			<row idgoal='2'>
				<nb_conversions>13</nb_conversions>
				<revenue>0</revenue>
				<nb_visits_converted>12</nb_visits_converted>
			</row>
			<row idgoal='3'>
				<nb_conversions>0</nb_conversions>
				<revenue>0</revenue>
				<nb_visits_converted>0</nb_visits_converted>
			</row>
			<row idgoal='ecommerceOrder'>
				<nb_conversions>55</nb_conversions>
				<revenue>671835</revenue>
				<items>508</items>
			</row>
		</goals>
		<sum_daily_nb_uniq_visitors>48</sum_daily_nb_uniq_visitors>
		<segment>visitLocalHour==21</segment>
	</row>
	<row>
		<label>22</label>
		<nb_visits>240</nb_visits>
		<nb_actions>914</nb_actions>
		<sum_visit_length>6964</sum_visit_length>
		<bounce_count>54</bounce_count>
		<nb_visits_converted>76</nb_visits_converted>
		<nb_conversions>159</nb_conversions>
		<revenue>725449</revenue>
		<goals>
			<row idgoal='1'>
				<nb_conversions>40</nb_conversions>
				<revenue>0</revenue>
				<nb_visits_converted>40</nb_visits_converted>
			</row>
			<row idgoal='2'>
				<nb_conversions>37</nb_conversions>
				<revenue>0</revenue>
				<nb_visits_converted>36</nb_visits_converted>
			</row>
			<row idgoal='3'>
				<nb_conversions>0</nb_conversions>
				<revenue>0</revenue>
				<nb_visits_converted>0</nb_visits_converted>
			</row>
			<row idgoal='ecommerceOrder'>
				<nb_conversions>82</nb_conversions>
				<revenue>725449</revenue>
				<items>507</items>
			</row>
		</goals>
		<sum_daily_nb_uniq_visitors>105</sum_daily_nb_uniq_visitors>
		<segment>visitLocalHour==22</segment>
	</row>
	<row>
		<label>23</label>
		<nb_visits>4</nb_visits>
		<nb_actions>6</nb_actions>
		<sum_visit_length>1346</sum_visit_length>
		<bounce_count>2</bounce_count>
		<nb_visits_converted>1</nb_visits_converted>
		<nb_conversions>1</nb_conversions>
		<revenue>0</revenue>
		<sum_daily_nb_uniq_visitors>4</sum_daily_nb_uniq_visitors>
		<goals>
			<row idgoal='1'>
				<nb_conversions>0</nb_conversions>
				<revenue>0</revenue>
				<nb_visits_converted>0</nb_visits_converted>
			</row>
			<row idgoal='2'>
				<nb_conversions>0</nb_conversions>
				<revenue>0</revenue>
				<nb_visits_converted>0</nb_visits_converted>
			</row>
			<row idgoal='3'>
				<nb_conversions>1</nb_conversions>
				<revenue>0</revenue>
				<nb_visits_converted>1</nb_visits_converted>
			</row>
			<row idgoal='ecommerceOrder'>
				<nb_conversions>0</nb_conversions>
			</row>
		</goals>
		<segment>visitLocalHour==23</segment>
	</row>
</result>