<?xml version="1.0" encoding="utf-8" ?>
<result>
	<row>
		<label>DAI2784</label>
		<revenue>648404</revenue>
		<quantity>346</quantity>
		<orders>176</orders>
		<nb_visits>0</nb_visits>
		<nb_actions>176</nb_actions>
		<avg_price>85.18</avg_price>
		<avg_quantity>2</avg_quantity>
		<conversion_rate>0%</conversion_rate>
	</row>
	<row>
		<label>DAI0285</label>
		<revenue>618168</revenue>
		<quantity>258</quantity>
		<orders>142</orders>
		<nb_visits>0</nb_visits>
		<nb_actions>142</nb_actions>
		<avg_price>101.24</avg_price>
		<avg_quantity>1.8</avg_quantity>
		<conversion_rate>0%</conversion_rate>
	</row>
	<row>
		<label>DAI7456</label>
		<revenue>520244</revenue>
		<quantity>332</quantity>
		<orders>176</orders>
		<nb_visits>0</nb_visits>
		<nb_actions>176</nb_actions>
		<avg_price>71.23</avg_price>
		<avg_quantity>1.9</avg_quantity>
		<conversion_rate>0%</conversion_rate>
	</row>
	<row>
		<label>DAI6503</label>
		<revenue>510378</revenue>
		<quantity>242</quantity>
		<orders>138</orders>
		<nb_visits>0</nb_visits>
		<nb_actions>138</nb_actions>
		<avg_price>122.26</avg_price>
		<avg_quantity>1.8</avg_quantity>
		<conversion_rate>0%</conversion_rate>
	</row>
	<row>
		<label>DAI0663</label>
		<revenue>454610</revenue>
		<quantity>338</quantity>
		<orders>184</orders>
		<nb_visits>0</nb_visits>
		<nb_actions>184</nb_actions>
		<avg_price>58.48</avg_price>
		<avg_quantity>1.8</avg_quantity>
		<conversion_rate>0%</conversion_rate>
	</row>
	<row>
		<label>DAI8832</label>
		<revenue>375260</revenue>
		<quantity>290</quantity>
		<orders>162</orders>
		<nb_visits>0</nb_visits>
		<nb_actions>162</nb_actions>
		<avg_price>47.93</avg_price>
		<avg_quantity>1.8</avg_quantity>
		<conversion_rate>0%</conversion_rate>
	</row>
	<row>
		<label>DAI6406</label>
		<revenue>272412</revenue>
		<quantity>276</quantity>
		<orders>160</orders>
		<nb_visits>0</nb_visits>
		<nb_actions>160</nb_actions>
		<avg_price>49.35</avg_price>
		<avg_quantity>1.7</avg_quantity>
		<conversion_rate>0%</conversion_rate>
	</row>
	<row>
		<label>DAI7474</label>
		<revenue>233334</revenue>
		<quantity>298</quantity>
		<orders>158</orders>
		<nb_visits>0</nb_visits>
		<nb_actions>158</nb_actions>
		<avg_price>39.65</avg_price>
		<avg_quantity>1.9</avg_quantity>
		<conversion_rate>0%</conversion_rate>
	</row>
	<row>
		<label>DAI4293</label>
		<revenue>115536</revenue>
		<quantity>332</quantity>
		<orders>182</orders>
		<nb_visits>0</nb_visits>
		<nb_actions>182</nb_actions>
		<avg_price>15.3</avg_price>
		<avg_quantity>1.8</avg_quantity>
		<conversion_rate>0%</conversion_rate>
	</row>
	<row>
		<label>DAI0921</label>
		<revenue>2140</revenue>
		<quantity>214</quantity>
		<orders>130</orders>
		<nb_visits>0</nb_visits>
		<nb_actions>130</nb_actions>
		<avg_price>0.46</avg_price>
		<avg_quantity>1.6</avg_quantity>
		<conversion_rate>0%</conversion_rate>
	</row>
</result>