<?xml version="1.0" encoding="utf-8" ?>
<result>
	<row>
		<label>Samsung</label>
		<nb_uniq_visitors>25</nb_uniq_visitors>
		<nb_visits>35</nb_visits>
		<nb_actions>141</nb_actions>
		<sum_visit_length>551</sum_visit_length>
		<bounce_count>9</bounce_count>
		<nb_visits_converted>2</nb_visits_converted>
		<nb_conversions>13</nb_conversions>
		<revenue>147838.0</revenue>
		<goals>
			<row idgoal='1'>
				<nb_conversions>0</nb_conversions>
				<revenue>0</revenue>
				<nb_visits_converted>0</nb_visits_converted>
			</row>
			<row idgoal='2'>
				<nb_conversions>2</nb_conversions>
				<revenue>0</revenue>
				<nb_visits_converted>1</nb_visits_converted>
			</row>
			<row idgoal='3'>
				<nb_conversions>0</nb_conversions>
				<revenue>0</revenue>
				<nb_visits_converted>0</nb_visits_converted>
			</row>
		</goals>
		<logo>plugins/Morpheus/icons/dist/brand/Samsung.png</logo>
		<segment>deviceBrand==Samsung</segment>
	</row>
	<row>
		<label>HTC</label>
		<nb_uniq_visitors>18</nb_uniq_visitors>
		<nb_visits>22</nb_visits>
		<nb_actions>85</nb_actions>
		<sum_visit_length>124</sum_visit_length>
		<bounce_count>2</bounce_count>
		<nb_visits_converted>3</nb_visits_converted>
		<nb_conversions>10</nb_conversions>
		<revenue>85142.0</revenue>
		<goals>
			<row idgoal='1'>
				<nb_conversions>1</nb_conversions>
				<revenue>0</revenue>
				<nb_visits_converted>0</nb_visits_converted>
			</row>
			<row idgoal='2'>
				<nb_conversions>2</nb_conversions>
				<revenue>0</revenue>
				<nb_visits_converted>2</nb_visits_converted>
			</row>
			<row idgoal='3'>
				<nb_conversions>0</nb_conversions>
				<revenue>0</revenue>
				<nb_visits_converted>0</nb_visits_converted>
			</row>
		</goals>
		<logo>plugins/Morpheus/icons/dist/brand/HTC.png</logo>
		<segment>deviceBrand==HTC</segment>
	</row>
	<row>
		<label>Google</label>
		<nb_uniq_visitors>12</nb_uniq_visitors>
		<nb_visits>18</nb_visits>
		<nb_actions>69</nb_actions>
		<sum_visit_length>65</sum_visit_length>
		<bounce_count>3</bounce_count>
		<nb_visits_converted>2</nb_visits_converted>
		<nb_conversions>9</nb_conversions>
		<revenue>67527.0</revenue>
		<goals>
			<row idgoal='1'>
				<nb_conversions>1</nb_conversions>
				<revenue>0</revenue>
				<nb_visits_converted>1</nb_visits_converted>
			</row>
			<row idgoal='2'>
				<nb_conversions>2</nb_conversions>
				<revenue>0</revenue>
				<nb_visits_converted>1</nb_visits_converted>
			</row>
			<row idgoal='3'>
				<nb_conversions>0</nb_conversions>
				<revenue>0</revenue>
				<nb_visits_converted>0</nb_visits_converted>
			</row>
		</goals>
		<logo>plugins/Morpheus/icons/dist/brand/Google.png</logo>
		<segment>deviceBrand==Google</segment>
	</row>
	<row>
		<label>Sony</label>
		<nb_uniq_visitors>11</nb_uniq_visitors>
		<nb_visits>12</nb_visits>
		<nb_actions>49</nb_actions>
		<sum_visit_length>181</sum_visit_length>
		<bounce_count>0</bounce_count>
		<nb_visits_converted>1</nb_visits_converted>
		<nb_conversions>5</nb_conversions>
		<revenue>39815.0</revenue>
		<goals>
			<row idgoal='1'>
				<nb_conversions>2</nb_conversions>
				<revenue>0</revenue>
				<nb_visits_converted>2</nb_visits_converted>
			</row>
			<row idgoal='2'>
				<nb_conversions>0</nb_conversions>
				<revenue>0</revenue>
			</row>
		</goals>
		<logo>plugins/Morpheus/icons/dist/brand/Sony.png</logo>
		<segment>deviceBrand==Sony</segment>
	</row>
	<row>
		<label>Apple</label>
		<nb_uniq_visitors>7</nb_uniq_visitors>
		<nb_visits>8</nb_visits>
		<nb_actions>12</nb_actions>
		<sum_visit_length>3492</sum_visit_length>
		<bounce_count>5</bounce_count>
		<nb_visits_converted>2</nb_visits_converted>
		<nb_conversions>2</nb_conversions>
		<revenue>0.0</revenue>
		<logo>plugins/Morpheus/icons/dist/brand/Apple.png</logo>
		<segment>deviceBrand==Apple</segment>
	</row>
	<row>
		<label>Huawei</label>
		<nb_uniq_visitors>2</nb_uniq_visitors>
		<nb_visits>2</nb_visits>
		<nb_actions>2</nb_actions>
		<sum_visit_length>0</sum_visit_length>
		<bounce_count>2</bounce_count>
		<nb_visits_converted>0</nb_visits_converted>
		<nb_conversions>0</nb_conversions>
		<revenue>0.0</revenue>
		<logo>plugins/Morpheus/icons/dist/brand/Huawei.png</logo>
		<segment>deviceBrand==Huawei</segment>
	</row>
	<row>
		<label>Motorola</label>
		<nb_uniq_visitors>1</nb_uniq_visitors>
		<nb_visits>1</nb_visits>
		<nb_actions>2</nb_actions>
		<sum_visit_length>44</sum_visit_length>
		<bounce_count>0</bounce_count>
		<nb_visits_converted>0</nb_visits_converted>
		<nb_conversions>0</nb_conversions>
		<revenue>0.0</revenue>
		<logo>plugins/Morpheus/icons/dist/brand/Motorola.png</logo>
		<segment>deviceBrand==Motorola</segment>
	</row>
	<row>
		<label>Ouki</label>
		<nb_uniq_visitors>1</nb_uniq_visitors>
		<nb_visits>1</nb_visits>
		<nb_actions>1</nb_actions>
		<sum_visit_length>0</sum_visit_length>
		<bounce_count>1</bounce_count>
		<nb_visits_converted>0</nb_visits_converted>
		<nb_conversions>0</nb_conversions>
		<revenue>0.0</revenue>
		<logo>plugins/Morpheus/icons/dist/brand/unk.png</logo>
		<segment>deviceBrand==Ouki</segment>
	</row>
</result>