<?xml version="1.0" encoding="utf-8" ?>
<result>
	<row>
		<label>oahuscubadiving.com</label>
		<nb_visits>17</nb_visits>
		<nb_actions>62</nb_actions>
		<sum_visit_length>249</sum_visit_length>
		<bounce_count>1</bounce_count>
		<nb_visits_converted>3</nb_visits_converted>
		<nb_conversions>10</nb_conversions>
		<revenue>68559</revenue>
		<goals>
			<row idgoal='1'>
				<nb_conversions>3</nb_conversions>
				<revenue>0</revenue>
				<nb_visits_converted>2</nb_visits_converted>
			</row>
			<row idgoal='2'>
				<nb_conversions>1</nb_conversions>
				<revenue>0</revenue>
				<nb_visits_converted>1</nb_visits_converted>
			</row>
			<row idgoal='3'>
				<nb_conversions>0</nb_conversions>
				<revenue>0</revenue>
				<nb_visits_converted>0</nb_visits_converted>
			</row>
			<row idgoal='4'>
				<nb_conversions>0</nb_conversions>
				<revenue>0</revenue>
				<nb_visits_converted>0</nb_visits_converted>
			</row>
			<row idgoal='5'>
				<nb_conversions>0</nb_conversions>
				<revenue>0</revenue>
				<nb_visits_converted>0</nb_visits_converted>
			</row>
			<row idgoal='ecommerceOrder'>
				<nb_conversions>6</nb_conversions>
				<revenue>68559</revenue>
				<items>49</items>
			</row>
		</goals>
		<sum_daily_nb_uniq_visitors>13</sum_daily_nb_uniq_visitors>
		<segment>referrerName==oahuscubadiving.com</segment>
		<subtable>
			<row>
				<label>/oahu-dive-sites/</label>
				<nb_visits>17</nb_visits>
				<nb_actions>62</nb_actions>
				<sum_visit_length>249</sum_visit_length>
				<bounce_count>1</bounce_count>
				<nb_visits_converted>3</nb_visits_converted>
				<nb_conversions>10</nb_conversions>
				<revenue>68559</revenue>
				<goals>
					<row idgoal='1'>
						<nb_conversions>3</nb_conversions>
						<revenue>0</revenue>
						<nb_visits_converted>2</nb_visits_converted>
					</row>
					<row idgoal='2'>
						<nb_conversions>1</nb_conversions>
						<revenue>0</revenue>
						<nb_visits_converted>1</nb_visits_converted>
					</row>
					<row idgoal='3'>
						<nb_conversions>0</nb_conversions>
						<revenue>0</revenue>
						<nb_visits_converted>0</nb_visits_converted>
					</row>
					<row idgoal='4'>
						<nb_conversions>0</nb_conversions>
						<revenue>0</revenue>
						<nb_visits_converted>0</nb_visits_converted>
					</row>
					<row idgoal='5'>
						<nb_conversions>0</nb_conversions>
						<revenue>0</revenue>
						<nb_visits_converted>0</nb_visits_converted>
					</row>
					<row idgoal='ecommerceOrder'>
						<nb_conversions>6</nb_conversions>
						<revenue>68559</revenue>
						<items>49</items>
					</row>
				</goals>
				<sum_daily_nb_uniq_visitors>13</sum_daily_nb_uniq_visitors>
			</row>
		</subtable>
	</row>
	<row>
		<label>qwant.com</label>
		<nb_visits>1</nb_visits>
		<nb_actions>2</nb_actions>
		<sum_visit_length>14</sum_visit_length>
		<bounce_count>0</bounce_count>
		<nb_visits_converted>0</nb_visits_converted>
		<nb_conversions>0</nb_conversions>
		<revenue>0.0</revenue>
		<goals>
			<row idgoal='1'>
				<nb_conversions>0</nb_conversions>
				<revenue>0</revenue>
				<nb_visits_converted>0</nb_visits_converted>
			</row>
			<row idgoal='2'>
				<nb_conversions>0</nb_conversions>
				<revenue>0</revenue>
				<nb_visits_converted>0</nb_visits_converted>
			</row>
			<row idgoal='3'>
				<nb_conversions>0</nb_conversions>
				<revenue>0</revenue>
				<nb_visits_converted>0</nb_visits_converted>
			</row>
			<row idgoal='4'>
				<nb_conversions>0</nb_conversions>
				<revenue>0</revenue>
				<nb_visits_converted>0</nb_visits_converted>
			</row>
			<row idgoal='5'>
				<nb_conversions>0</nb_conversions>
				<revenue>0</revenue>
				<nb_visits_converted>0</nb_visits_converted>
			</row>
			<row idgoal='ecommerceOrder'>
				<nb_conversions>0</nb_conversions>
				<revenue>0</revenue>
				<items>0</items>
			</row>
		</goals>
		<sum_daily_nb_uniq_visitors>1</sum_daily_nb_uniq_visitors>
		<segment>referrerName==qwant.com</segment>
		<subtable>
			<row>
				<label>/</label>
				<nb_visits>1</nb_visits>
				<nb_actions>2</nb_actions>
				<sum_visit_length>14</sum_visit_length>
				<bounce_count>0</bounce_count>
				<nb_visits_converted>0</nb_visits_converted>
				<nb_conversions>0</nb_conversions>
				<revenue>0.0</revenue>
				<goals>
					<row idgoal='1'>
						<nb_conversions>0</nb_conversions>
						<revenue>0</revenue>
						<nb_visits_converted>0</nb_visits_converted>
					</row>
					<row idgoal='2'>
						<nb_conversions>0</nb_conversions>
						<revenue>0</revenue>
						<nb_visits_converted>0</nb_visits_converted>
					</row>
					<row idgoal='3'>
						<nb_conversions>0</nb_conversions>
						<revenue>0</revenue>
						<nb_visits_converted>0</nb_visits_converted>
					</row>
					<row idgoal='4'>
						<nb_conversions>0</nb_conversions>
						<revenue>0</revenue>
						<nb_visits_converted>0</nb_visits_converted>
					</row>
					<row idgoal='5'>
						<nb_conversions>0</nb_conversions>
						<revenue>0</revenue>
						<nb_visits_converted>0</nb_visits_converted>
					</row>
					<row idgoal='ecommerceOrder'>
						<nb_conversions>0</nb_conversions>
						<revenue>0</revenue>
						<items>0</items>
					</row>
				</goals>
				<sum_daily_nb_uniq_visitors>1</sum_daily_nb_uniq_visitors>
			</row>
		</subtable>
	</row>
</result>