<?xml version="1.0" encoding="utf-8" ?>
<result>
	<row>
		<label>(not provided)</label>
		<nb_visits>426</nb_visits>
		<nb_actions>606</nb_actions>
		<sum_visit_length>21838</sum_visit_length>
		<bounce_count>359</bounce_count>
		<nb_visits_converted>9</nb_visits_converted>
		<nb_conversions>9</nb_conversions>
		<revenue>0</revenue>
		<goals>
			<row idgoal='1'>
				<nb_conversions>1</nb_conversions>
				<revenue>0</revenue>
				<nb_visits_converted>1</nb_visits_converted>
			</row>
			<row idgoal='2'>
				<nb_conversions>0</nb_conversions>
				<revenue>0</revenue>
				<nb_visits_converted>0</nb_visits_converted>
			</row>
			<row idgoal='3'>
				<nb_conversions>8</nb_conversions>
				<revenue>0</revenue>
				<nb_visits_converted>6</nb_visits_converted>
			</row>
		</goals>
		<sum_daily_nb_uniq_visitors>416</sum_daily_nb_uniq_visitors>
		<referer_type>2</referer_type>
	</row>
	<row>
		<label>display-youring-ads-here.info</label>
		<nb_visits>31</nb_visits>
		<nb_actions>31</nb_actions>
		<sum_visit_length>0</sum_visit_length>
		<bounce_count>31</bounce_count>
		<nb_visits_converted>0</nb_visits_converted>
		<nb_conversions>0</nb_conversions>
		<revenue>0.0</revenue>
		<goals>
		</goals>
		<sum_daily_nb_uniq_visitors>20</sum_daily_nb_uniq_visitors>
		<referer_type>3</referer_type>
	</row>
	<row>
		<label>blogarama.com</label>
		<nb_visits>16</nb_visits>
		<nb_actions>47</nb_actions>
		<sum_visit_length>842</sum_visit_length>
		<bounce_count>0</bounce_count>
		<nb_visits_converted>0</nb_visits_converted>
		<nb_conversions>0</nb_conversions>
		<revenue>0</revenue>
		<goals>
		</goals>
		<sum_daily_nb_uniq_visitors>16</sum_daily_nb_uniq_visitors>
		<referer_type>3</referer_type>
	</row>
	<row>
		<label>ecosia.org</label>
		<nb_visits>10</nb_visits>
		<nb_actions>12</nb_actions>
		<sum_visit_length>787</sum_visit_length>
		<bounce_count>9</bounce_count>
		<nb_visits_converted>0</nb_visits_converted>
		<nb_conversions>0</nb_conversions>
		<revenue>0</revenue>
		<goals>
		</goals>
		<sum_daily_nb_uniq_visitors>10</sum_daily_nb_uniq_visitors>
		<referer_type>3</referer_type>
	</row>
	<row>
		<label>lezrwldgihtuhnt.com</label>
		<nb_visits>9</nb_visits>
		<nb_actions>9</nb_actions>
		<sum_visit_length>0</sum_visit_length>
		<bounce_count>9</bounce_count>
		<nb_visits_converted>0</nb_visits_converted>
		<nb_conversions>0</nb_conversions>
		<revenue>0.0</revenue>
		<goals>
		</goals>
		<sum_daily_nb_uniq_visitors>9</sum_daily_nb_uniq_visitors>
		<referer_type>3</referer_type>
	</row>
	<row>
		<label>qwant.com</label>
		<nb_visits>5</nb_visits>
		<nb_actions>6</nb_actions>
		<sum_visit_length>248</sum_visit_length>
		<bounce_count>4</bounce_count>
		<nb_visits_converted>0</nb_visits_converted>
		<nb_conversions>0</nb_conversions>
		<revenue>0</revenue>
		<goals>
		</goals>
		<sum_daily_nb_uniq_visitors>5</sum_daily_nb_uniq_visitors>
		<referer_type>3</referer_type>
	</row>
	<row>
		<label>search.lilo.org</label>
		<nb_visits>5</nb_visits>
		<nb_actions>5</nb_actions>
		<sum_visit_length>0</sum_visit_length>
		<bounce_count>5</bounce_count>
		<nb_visits_converted>0</nb_visits_converted>
		<nb_conversions>0</nb_conversions>
		<revenue>0</revenue>
		<goals>
		</goals>
		<sum_daily_nb_uniq_visitors>5</sum_daily_nb_uniq_visitors>
		<referer_type>3</referer_type>
	</row>
	<row>
		<label>com.google.android.googlequicksearchbox</label>
		<nb_visits>3</nb_visits>
		<nb_actions>3</nb_actions>
		<sum_visit_length>0</sum_visit_length>
		<bounce_count>3</bounce_count>
		<nb_visits_converted>0</nb_visits_converted>
		<nb_conversions>0</nb_conversions>
		<revenue>0</revenue>
		<goals>
		</goals>
		<sum_daily_nb_uniq_visitors>3</sum_daily_nb_uniq_visitors>
		<referer_type>3</referer_type>
	</row>
	<row>
		<label>duckduckgo.com</label>
		<nb_visits>3</nb_visits>
		<nb_actions>5</nb_actions>
		<sum_visit_length>142</sum_visit_length>
		<bounce_count>2</bounce_count>
		<nb_visits_converted>0</nb_visits_converted>
		<nb_conversions>0</nb_conversions>
		<revenue>0</revenue>
		<goals>
		</goals>
		<sum_daily_nb_uniq_visitors>3</sum_daily_nb_uniq_visitors>
		<referer_type>3</referer_type>
	</row>
	<row>
		<label>fr.search.yahoo.com</label>
		<nb_visits>3</nb_visits>
		<nb_actions>4</nb_actions>
		<sum_visit_length>182</sum_visit_length>
		<bounce_count>2</bounce_count>
		<nb_visits_converted>0</nb_visits_converted>
		<nb_conversions>0</nb_conversions>
		<revenue>0</revenue>
		<goals>
		</goals>
		<sum_daily_nb_uniq_visitors>3</sum_daily_nb_uniq_visitors>
		<referer_type>3</referer_type>
	</row>
	<row>
		<label>coût de vie en Inde études</label>
		<nb_visits>1</nb_visits>
		<nb_actions>1</nb_actions>
		<sum_visit_length>0</sum_visit_length>
		<bounce_count>1</bounce_count>
		<nb_visits_converted>0</nb_visits_converted>
		<nb_conversions>0</nb_conversions>
		<revenue>0.0</revenue>
		<goals>
		</goals>
		<sum_daily_nb_uniq_visitors>1</sum_daily_nb_uniq_visitors>
		<referer_type>2</referer_type>
	</row>
	<row>
		<label>Facebook</label>
		<nb_visits>1</nb_visits>
		<nb_actions>1</nb_actions>
		<sum_visit_length>0</sum_visit_length>
		<bounce_count>1</bounce_count>
		<nb_visits_converted>0</nb_visits_converted>
		<nb_conversions>0</nb_conversions>
		<revenue>0.0</revenue>
		<goals>
		</goals>
		<sum_daily_nb_uniq_visitors>1</sum_daily_nb_uniq_visitors>
		<url>facebook.com</url>
		<logo>plugins/Morpheus/icons/dist/socials/facebook.com.png</logo>
		<referer_type>7</referer_type>
	</row>
	<row>
		<label>nom des vendeurs de fleurs ?</label>
		<nb_visits>1</nb_visits>
		<nb_actions>1</nb_actions>
		<sum_visit_length>0</sum_visit_length>
		<bounce_count>1</bounce_count>
		<nb_visits_converted>0</nb_visits_converted>
		<nb_conversions>0</nb_conversions>
		<revenue>0.0</revenue>
		<goals>
		</goals>
		<sum_daily_nb_uniq_visitors>1</sum_daily_nb_uniq_visitors>
		<referer_type>2</referer_type>
	</row>
	<row>
		<label>théisme philosophique</label>
		<nb_visits>1</nb_visits>
		<nb_actions>1</nb_actions>
		<sum_visit_length>0</sum_visit_length>
		<bounce_count>1</bounce_count>
		<nb_visits_converted>0</nb_visits_converted>
		<nb_conversions>0</nb_conversions>
		<revenue>0.0</revenue>
		<goals>
		</goals>
		<sum_daily_nb_uniq_visitors>1</sum_daily_nb_uniq_visitors>
		<referer_type>2</referer_type>
	</row>
	<row>
		<label>top 10 spot plongée</label>
		<nb_visits>1</nb_visits>
		<nb_actions>1</nb_actions>
		<sum_visit_length>0</sum_visit_length>
		<bounce_count>1</bounce_count>
		<nb_visits_converted>0</nb_visits_converted>
		<nb_conversions>0</nb_conversions>
		<revenue>0.0</revenue>
		<goals>
		</goals>
		<sum_daily_nb_uniq_visitors>1</sum_daily_nb_uniq_visitors>
		<referer_type>2</referer_type>
	</row>
	<row>
		<label>Épave île de java</label>
		<nb_visits>1</nb_visits>
		<nb_actions>2</nb_actions>
		<sum_visit_length>68</sum_visit_length>
		<bounce_count>0</bounce_count>
		<nb_visits_converted>0</nb_visits_converted>
		<nb_conversions>0</nb_conversions>
		<revenue>0.0</revenue>
		<goals>
		</goals>
		<sum_daily_nb_uniq_visitors>1</sum_daily_nb_uniq_visitors>
		<referer_type>2</referer_type>
	</row>
	<row>
		<label>écolage universitaire par an en inde</label>
		<nb_visits>1</nb_visits>
		<nb_actions>4</nb_actions>
		<sum_visit_length>82</sum_visit_length>
		<bounce_count>0</bounce_count>
		<nb_visits_converted>0</nb_visits_converted>
		<nb_conversions>0</nb_conversions>
		<revenue>0.0</revenue>
		<goals>
		</goals>
		<sum_daily_nb_uniq_visitors>1</sum_daily_nb_uniq_visitors>
		<referer_type>2</referer_type>
	</row>
</result>