<?xml version="1.0" encoding="utf-8" ?>
<result>
	<row>
		<label>(not provided)</label>
		<nb_visits>36</nb_visits>
		<nb_actions>41</nb_actions>
		<sum_visit_length>478</sum_visit_length>
		<bounce_count>32</bounce_count>
		<nb_visits_converted>0</nb_visits_converted>
		<nb_conversions>0</nb_conversions>
		<revenue>0</revenue>
		<sum_daily_nb_uniq_visitors>33</sum_daily_nb_uniq_visitors>
		<referer_type>2</referer_type>
	</row>
	<row>
		<label>reddit</label>
		<nb_visits>8</nb_visits>
		<nb_actions>22</nb_actions>
		<sum_visit_length>2</sum_visit_length>
		<bounce_count>2</bounce_count>
		<nb_visits_converted>2</nb_visits_converted>
		<nb_conversions>3</nb_conversions>
		<revenue>6305</revenue>
		<goals>
			<row idgoal='1'>
				<nb_conversions>2</nb_conversions>
				<revenue>0</revenue>
				<nb_visits_converted>2</nb_visits_converted>
			</row>
			<row idgoal='2'>
				<nb_conversions>0</nb_conversions>
				<revenue>0</revenue>
			</row>
		</goals>
		<sum_daily_nb_uniq_visitors>8</sum_daily_nb_uniq_visitors>
		<url>reddit.com</url>
		<logo>plugins/Morpheus/icons/dist/socials/reddit.com.png</logo>
		<referer_type>7</referer_type>
	</row>
	<row>
		<label>Facebook</label>
		<nb_visits>2</nb_visits>
		<nb_actions>2</nb_actions>
		<sum_visit_length>0</sum_visit_length>
		<bounce_count>2</bounce_count>
		<nb_visits_converted>0</nb_visits_converted>
		<nb_conversions>0</nb_conversions>
		<revenue>0</revenue>
		<sum_daily_nb_uniq_visitors>2</sum_daily_nb_uniq_visitors>
		<url>facebook.com</url>
		<logo>plugins/Morpheus/icons/dist/socials/facebook.com.png</logo>
		<referer_type>7</referer_type>
	</row>
	<row>
		<label>ecosia.org</label>
		<nb_visits>1</nb_visits>
		<nb_actions>1</nb_actions>
		<sum_visit_length>0</sum_visit_length>
		<bounce_count>1</bounce_count>
		<nb_visits_converted>0</nb_visits_converted>
		<nb_conversions>0</nb_conversions>
		<revenue>0.0</revenue>
		<sum_daily_nb_uniq_visitors>1</sum_daily_nb_uniq_visitors>
		<referer_type>3</referer_type>
	</row>
</result>