<?xml version="1.0" encoding="utf-8" ?>
<result>
	<row>
		<label> BLOG!!</label>
		<nb_visits>54</nb_visits>
		<nb_hits>71</nb_hits>
		<sum_time_spent>1188</sum_time_spent>
		<entry_nb_visits>54</entry_nb_visits>
		<entry_nb_actions>243</entry_nb_actions>
		<entry_sum_visit_length>1917</entry_sum_visit_length>
		<entry_bounce_count>13</entry_bounce_count>
		<exit_nb_visits>57</exit_nb_visits>
		<sum_daily_nb_uniq_visitors>44</sum_daily_nb_uniq_visitors>
		<sum_daily_entry_nb_uniq_visitors>40</sum_daily_entry_nb_uniq_visitors>
		<sum_daily_exit_nb_uniq_visitors>39</sum_daily_exit_nb_uniq_visitors>
		<avg_bandwidth>0</avg_bandwidth>
		<avg_time_on_page>17</avg_time_on_page>
		<bounce_rate>24%</bounce_rate>
		<exit_rate>106%</exit_rate>
		<segment>exitPageTitle==BLOG%21%21</segment>
	</row>
	<row>
		<label> ABOUT!!</label>
		<nb_visits>52</nb_visits>
		<nb_hits>58</nb_hits>
		<sum_time_spent>1600</sum_time_spent>
		<entry_nb_visits>52</entry_nb_visits>
		<entry_nb_actions>195</entry_nb_actions>
		<entry_sum_visit_length>1572</entry_sum_visit_length>
		<entry_bounce_count>13</entry_bounce_count>
		<exit_nb_visits>50</exit_nb_visits>
		<sum_daily_nb_uniq_visitors>37</sum_daily_nb_uniq_visitors>
		<sum_daily_entry_nb_uniq_visitors>36</sum_daily_entry_nb_uniq_visitors>
		<sum_daily_exit_nb_uniq_visitors>34</sum_daily_exit_nb_uniq_visitors>
		<avg_bandwidth>0</avg_bandwidth>
		<avg_time_on_page>28</avg_time_on_page>
		<bounce_rate>25%</bounce_rate>
		<exit_rate>96%</exit_rate>
		<segment>exitPageTitle==ABOUT%21%21</segment>
	</row>
	<row>
		<label> inde par region et ville</label>
		<nb_visits>43</nb_visits>
		<nb_hits>54</nb_hits>
		<sum_time_spent>1834</sum_time_spent>
		<entry_nb_visits>43</entry_nb_visits>
		<entry_nb_actions>174</entry_nb_actions>
		<entry_sum_visit_length>1487</entry_sum_visit_length>
		<entry_bounce_count>8</entry_bounce_count>
		<exit_nb_visits>41</exit_nb_visits>
		<sum_daily_nb_uniq_visitors>35</sum_daily_nb_uniq_visitors>
		<sum_daily_entry_nb_uniq_visitors>31</sum_daily_entry_nb_uniq_visitors>
		<sum_daily_exit_nb_uniq_visitors>29</sum_daily_exit_nb_uniq_visitors>
		<avg_bandwidth>0</avg_bandwidth>
		<avg_time_on_page>34</avg_time_on_page>
		<bounce_rate>19%</bounce_rate>
		<exit_rate>95%</exit_rate>
		<segment>exitPageTitle==inde+par+region+et+ville</segment>
	</row>
	<row>
		<label> Crestwood</label>
		<nb_visits>27</nb_visits>
		<nb_hits>33</nb_hits>
		<sum_time_spent>1101</sum_time_spent>
		<entry_nb_visits>27</entry_nb_visits>
		<entry_nb_actions>123</entry_nb_actions>
		<entry_sum_visit_length>1299</entry_sum_visit_length>
		<entry_bounce_count>5</entry_bounce_count>
		<exit_nb_visits>26</exit_nb_visits>
		<sum_daily_nb_uniq_visitors>28</sum_daily_nb_uniq_visitors>
		<sum_daily_entry_nb_uniq_visitors>26</sum_daily_entry_nb_uniq_visitors>
		<sum_daily_exit_nb_uniq_visitors>23</sum_daily_exit_nb_uniq_visitors>
		<avg_bandwidth>0</avg_bandwidth>
		<avg_time_on_page>33</avg_time_on_page>
		<bounce_rate>19%</bounce_rate>
		<exit_rate>96%</exit_rate>
		<segment>exitPageTitle==Crestwood</segment>
	</row>
	<row>
		<label> Solas</label>
		<nb_visits>21</nb_visits>
		<nb_hits>25</nb_hits>
		<sum_time_spent>841</sum_time_spent>
		<entry_nb_visits>21</entry_nb_visits>
		<entry_nb_actions>84</entry_nb_actions>
		<entry_sum_visit_length>613</entry_sum_visit_length>
		<entry_bounce_count>2</entry_bounce_count>
		<exit_nb_visits>22</exit_nb_visits>
		<sum_daily_nb_uniq_visitors>20</sum_daily_nb_uniq_visitors>
		<sum_daily_entry_nb_uniq_visitors>20</sum_daily_entry_nb_uniq_visitors>
		<sum_daily_exit_nb_uniq_visitors>18</sum_daily_exit_nb_uniq_visitors>
		<avg_bandwidth>0</avg_bandwidth>
		<avg_time_on_page>34</avg_time_on_page>
		<bounce_rate>10%</bounce_rate>
		<exit_rate>105%</exit_rate>
		<segment>exitPageTitle==Solas</segment>
	</row>
	<row>
		<label> Laysh</label>
		<nb_visits>20</nb_visits>
		<nb_hits>22</nb_hits>
		<sum_time_spent>177</sum_time_spent>
		<entry_nb_visits>20</entry_nb_visits>
		<entry_nb_actions>101</entry_nb_actions>
		<entry_sum_visit_length>287</entry_sum_visit_length>
		<entry_bounce_count>2</entry_bounce_count>
		<exit_nb_visits>16</exit_nb_visits>
		<sum_daily_nb_uniq_visitors>18</sum_daily_nb_uniq_visitors>
		<sum_daily_entry_nb_uniq_visitors>17</sum_daily_entry_nb_uniq_visitors>
		<sum_daily_exit_nb_uniq_visitors>15</sum_daily_exit_nb_uniq_visitors>
		<avg_bandwidth>0</avg_bandwidth>
		<avg_time_on_page>8</avg_time_on_page>
		<bounce_rate>10%</bounce_rate>
		<exit_rate>80%</exit_rate>
		<segment>exitPageTitle==Laysh</segment>
	</row>
	<row>
		<label> Trevis</label>
		<nb_visits>19</nb_visits>
		<nb_hits>25</nb_hits>
		<sum_time_spent>217</sum_time_spent>
		<exit_nb_visits>21</exit_nb_visits>
		<sum_daily_nb_uniq_visitors>21</sum_daily_nb_uniq_visitors>
		<sum_daily_exit_nb_uniq_visitors>17</sum_daily_exit_nb_uniq_visitors>
		<entry_nb_visits>19</entry_nb_visits>
		<entry_nb_actions>68</entry_nb_actions>
		<entry_sum_visit_length>171</entry_sum_visit_length>
		<entry_bounce_count>4</entry_bounce_count>
		<sum_daily_entry_nb_uniq_visitors>16</sum_daily_entry_nb_uniq_visitors>
		<avg_bandwidth>0</avg_bandwidth>
		<avg_time_on_page>9</avg_time_on_page>
		<bounce_rate>21%</bounce_rate>
		<exit_rate>111%</exit_rate>
		<segment>exitPageTitle==Trevis</segment>
	</row>
	<row>
		<label> Redcliffe</label>
		<nb_visits>18</nb_visits>
		<nb_hits>27</nb_hits>
		<sum_time_spent>804</sum_time_spent>
		<entry_nb_visits>18</entry_nb_visits>
		<entry_nb_actions>85</entry_nb_actions>
		<entry_sum_visit_length>536</entry_sum_visit_length>
		<entry_bounce_count>1</entry_bounce_count>
		<exit_nb_visits>19</exit_nb_visits>
		<sum_daily_nb_uniq_visitors>21</sum_daily_nb_uniq_visitors>
		<sum_daily_entry_nb_uniq_visitors>15</sum_daily_entry_nb_uniq_visitors>
		<sum_daily_exit_nb_uniq_visitors>16</sum_daily_exit_nb_uniq_visitors>
		<avg_bandwidth>0</avg_bandwidth>
		<avg_time_on_page>30</avg_time_on_page>
		<bounce_rate>6%</bounce_rate>
		<exit_rate>106%</exit_rate>
		<segment>exitPageTitle==Redcliffe</segment>
	</row>
	<row>
		<label> Sahrnia</label>
		<nb_visits>18</nb_visits>
		<nb_hits>25</nb_hits>
		<sum_time_spent>457</sum_time_spent>
		<entry_nb_visits>18</entry_nb_visits>
		<entry_nb_actions>76</entry_nb_actions>
		<entry_sum_visit_length>901</entry_sum_visit_length>
		<entry_bounce_count>3</entry_bounce_count>
		<exit_nb_visits>21</exit_nb_visits>
		<sum_daily_nb_uniq_visitors>19</sum_daily_nb_uniq_visitors>
		<sum_daily_entry_nb_uniq_visitors>15</sum_daily_entry_nb_uniq_visitors>
		<sum_daily_exit_nb_uniq_visitors>15</sum_daily_exit_nb_uniq_visitors>
		<avg_bandwidth>0</avg_bandwidth>
		<avg_time_on_page>18</avg_time_on_page>
		<bounce_rate>17%</bounce_rate>
		<exit_rate>117%</exit_rate>
		<segment>exitPageTitle==Sahrnia</segment>
	</row>
	<row>
		<label> Winter Palace</label>
		<nb_visits>18</nb_visits>
		<nb_hits>23</nb_hits>
		<sum_time_spent>176</sum_time_spent>
		<entry_nb_visits>18</entry_nb_visits>
		<entry_nb_actions>70</entry_nb_actions>
		<entry_sum_visit_length>197</entry_sum_visit_length>
		<entry_bounce_count>2</entry_bounce_count>
		<exit_nb_visits>18</exit_nb_visits>
		<sum_daily_nb_uniq_visitors>19</sum_daily_nb_uniq_visitors>
		<sum_daily_entry_nb_uniq_visitors>16</sum_daily_entry_nb_uniq_visitors>
		<sum_daily_exit_nb_uniq_visitors>15</sum_daily_exit_nb_uniq_visitors>
		<avg_bandwidth>0</avg_bandwidth>
		<avg_time_on_page>8</avg_time_on_page>
		<bounce_rate>11%</bounce_rate>
		<exit_rate>100%</exit_rate>
		<segment>exitPageTitle==Winter+Palace</segment>
	</row>
	<row>
		<label> Seleny</label>
		<nb_visits>16</nb_visits>
		<nb_hits>28</nb_hits>
		<sum_time_spent>470</sum_time_spent>
		<entry_nb_visits>16</entry_nb_visits>
		<entry_nb_actions>50</entry_nb_actions>
		<entry_sum_visit_length>360</entry_sum_visit_length>
		<entry_bounce_count>5</entry_bounce_count>
		<exit_nb_visits>21</exit_nb_visits>
		<sum_daily_nb_uniq_visitors>25</sum_daily_nb_uniq_visitors>
		<sum_daily_entry_nb_uniq_visitors>16</sum_daily_entry_nb_uniq_visitors>
		<sum_daily_exit_nb_uniq_visitors>18</sum_daily_exit_nb_uniq_visitors>
		<avg_bandwidth>0</avg_bandwidth>
		<avg_time_on_page>17</avg_time_on_page>
		<bounce_rate>31%</bounce_rate>
		<exit_rate>131%</exit_rate>
		<segment>exitPageTitle==Seleny</segment>
	</row>
	<row>
		<label> Markhem</label>
		<nb_visits>15</nb_visits>
		<nb_hits>20</nb_hits>
		<sum_time_spent>406</sum_time_spent>
		<entry_nb_visits>15</entry_nb_visits>
		<entry_nb_actions>68</entry_nb_actions>
		<entry_sum_visit_length>361</entry_sum_visit_length>
		<entry_bounce_count>1</entry_bounce_count>
		<exit_nb_visits>16</exit_nb_visits>
		<sum_daily_nb_uniq_visitors>17</sum_daily_nb_uniq_visitors>
		<sum_daily_entry_nb_uniq_visitors>12</sum_daily_entry_nb_uniq_visitors>
		<sum_daily_exit_nb_uniq_visitors>14</sum_daily_exit_nb_uniq_visitors>
		<avg_bandwidth>0</avg_bandwidth>
		<avg_time_on_page>20</avg_time_on_page>
		<bounce_rate>7%</bounce_rate>
		<exit_rate>107%</exit_rate>
		<segment>exitPageTitle==Markhem</segment>
	</row>
	<row>
		<label> The Arbor Wilds</label>
		<nb_visits>15</nb_visits>
		<nb_hits>19</nb_hits>
		<sum_time_spent>868</sum_time_spent>
		<entry_nb_visits>15</entry_nb_visits>
		<entry_nb_actions>63</entry_nb_actions>
		<entry_sum_visit_length>487</entry_sum_visit_length>
		<entry_bounce_count>1</entry_bounce_count>
		<sum_daily_nb_uniq_visitors>18</sum_daily_nb_uniq_visitors>
		<sum_daily_entry_nb_uniq_visitors>15</sum_daily_entry_nb_uniq_visitors>
		<exit_nb_visits>16</exit_nb_visits>
		<sum_daily_exit_nb_uniq_visitors>15</sum_daily_exit_nb_uniq_visitors>
		<avg_bandwidth>0</avg_bandwidth>
		<avg_time_on_page>46</avg_time_on_page>
		<bounce_rate>7%</bounce_rate>
		<exit_rate>107%</exit_rate>
		<segment>exitPageTitle==The+Arbor+Wilds</segment>
	</row>
	<row>
		<label> Western Approach</label>
		<nb_visits>15</nb_visits>
		<nb_hits>21</nb_hits>
		<sum_time_spent>161</sum_time_spent>
		<entry_nb_visits>15</entry_nb_visits>
		<entry_nb_actions>56</entry_nb_actions>
		<entry_sum_visit_length>87</entry_sum_visit_length>
		<entry_bounce_count>4</entry_bounce_count>
		<exit_nb_visits>17</exit_nb_visits>
		<sum_daily_nb_uniq_visitors>18</sum_daily_nb_uniq_visitors>
		<sum_daily_entry_nb_uniq_visitors>14</sum_daily_entry_nb_uniq_visitors>
		<sum_daily_exit_nb_uniq_visitors>14</sum_daily_exit_nb_uniq_visitors>
		<avg_bandwidth>0</avg_bandwidth>
		<avg_time_on_page>8</avg_time_on_page>
		<bounce_rate>27%</bounce_rate>
		<exit_rate>113%</exit_rate>
		<segment>exitPageTitle==Western+Approach</segment>
	</row>
	<row>
		<label> Caer Bronach</label>
		<nb_visits>14</nb_visits>
		<nb_hits>20</nb_hits>
		<sum_time_spent>24</sum_time_spent>
		<entry_nb_visits>14</entry_nb_visits>
		<entry_nb_actions>62</entry_nb_actions>
		<entry_sum_visit_length>80</entry_sum_visit_length>
		<entry_bounce_count>1</entry_bounce_count>
		<exit_nb_visits>19</exit_nb_visits>
		<sum_daily_nb_uniq_visitors>16</sum_daily_nb_uniq_visitors>
		<sum_daily_entry_nb_uniq_visitors>13</sum_daily_entry_nb_uniq_visitors>
		<sum_daily_exit_nb_uniq_visitors>16</sum_daily_exit_nb_uniq_visitors>
		<avg_bandwidth>0</avg_bandwidth>
		<avg_time_on_page>1</avg_time_on_page>
		<bounce_rate>7%</bounce_rate>
		<exit_rate>136%</exit_rate>
		<segment>exitPageTitle==Caer+Bronach</segment>
	</row>
	<row>
		<label> Top 10 des plus belles Plongées Sous Marine dans le Monde ! - Blog &amp; photos Matthieu Blog &amp; photos Matthieu</label>
		<nb_visits>5</nb_visits>
		<nb_hits>6</nb_hits>
		<sum_time_spent>53</sum_time_spent>
		<entry_nb_visits>5</entry_nb_visits>
		<entry_nb_actions>6</entry_nb_actions>
		<entry_sum_visit_length>53</entry_sum_visit_length>
		<entry_bounce_count>4</entry_bounce_count>
		<exit_nb_visits>5</exit_nb_visits>
		<sum_daily_nb_uniq_visitors>5</sum_daily_nb_uniq_visitors>
		<sum_daily_entry_nb_uniq_visitors>5</sum_daily_entry_nb_uniq_visitors>
		<sum_daily_exit_nb_uniq_visitors>5</sum_daily_exit_nb_uniq_visitors>
		<avg_bandwidth>0</avg_bandwidth>
		<avg_time_on_page>9</avg_time_on_page>
		<bounce_rate>80%</bounce_rate>
		<exit_rate>100%</exit_rate>
		<segment>exitPageTitle==Top+10+des+plus+belles+Plong%C3%A9es+Sous+Marine+dans+le+Monde+%21+-+Blog+%26+photos+Matthieu+Blog+%26+photos+Matthieu</segment>
	</row>
	<row>
		<label> Coût de la vie en Inde - Blog &amp; photos Matthieu Blog &amp; photos Matthieu</label>
		<nb_visits>4</nb_visits>
		<nb_hits>6</nb_hits>
		<sum_time_spent>3317</sum_time_spent>
		<entry_nb_visits>4</entry_nb_visits>
		<entry_nb_actions>6</entry_nb_actions>
		<entry_sum_visit_length>3317</entry_sum_visit_length>
		<entry_bounce_count>2</entry_bounce_count>
		<exit_nb_visits>4</exit_nb_visits>
		<sum_daily_nb_uniq_visitors>4</sum_daily_nb_uniq_visitors>
		<sum_daily_entry_nb_uniq_visitors>4</sum_daily_entry_nb_uniq_visitors>
		<sum_daily_exit_nb_uniq_visitors>4</sum_daily_exit_nb_uniq_visitors>
		<avg_bandwidth>0</avg_bandwidth>
		<avg_time_on_page>553</avg_time_on_page>
		<bounce_rate>50%</bounce_rate>
		<exit_rate>100%</exit_rate>
		<segment>exitPageTitle==Co%C3%BBt+de+la+vie+en+Inde+-+Blog+%26+photos+Matthieu+Blog+%26+photos+Matthieu</segment>
	</row>
	<row>
		<label> La vie à Chennai en Inde - Blog &amp; photos Matthieu Blog &amp; photos Matthieu</label>
		<nb_visits>3</nb_visits>
		<nb_hits>3</nb_hits>
		<sum_time_spent>151</sum_time_spent>
		<entry_nb_visits>3</entry_nb_visits>
		<entry_nb_actions>4</entry_nb_actions>
		<entry_sum_visit_length>151</entry_sum_visit_length>
		<entry_bounce_count>2</entry_bounce_count>
		<exit_nb_visits>2</exit_nb_visits>
		<sum_daily_nb_uniq_visitors>3</sum_daily_nb_uniq_visitors>
		<sum_daily_entry_nb_uniq_visitors>3</sum_daily_entry_nb_uniq_visitors>
		<sum_daily_exit_nb_uniq_visitors>2</sum_daily_exit_nb_uniq_visitors>
		<avg_bandwidth>0</avg_bandwidth>
		<avg_time_on_page>50</avg_time_on_page>
		<bounce_rate>67%</bounce_rate>
		<exit_rate>67%</exit_rate>
		<segment>exitPageTitle==La+vie+%C3%A0+Chennai+en+Inde+-+Blog+%26+photos+Matthieu+Blog+%26+photos+Matthieu</segment>
	</row>
	<row>
		<label> Château de Chambord, Visite &amp; Photos - Blog &amp; photos Matthieu Blog &amp; photos Matthieu</label>
		<nb_visits>2</nb_visits>
		<nb_hits>4</nb_hits>
		<sum_time_spent>28</sum_time_spent>
		<entry_nb_visits>2</entry_nb_visits>
		<entry_nb_actions>3</entry_nb_actions>
		<entry_sum_visit_length>28</entry_sum_visit_length>
		<entry_bounce_count>1</entry_bounce_count>
		<exit_nb_visits>3</exit_nb_visits>
		<sum_daily_nb_uniq_visitors>3</sum_daily_nb_uniq_visitors>
		<sum_daily_entry_nb_uniq_visitors>2</sum_daily_entry_nb_uniq_visitors>
		<sum_daily_exit_nb_uniq_visitors>3</sum_daily_exit_nb_uniq_visitors>
		<avg_bandwidth>0</avg_bandwidth>
		<avg_time_on_page>7</avg_time_on_page>
		<bounce_rate>50%</bounce_rate>
		<exit_rate>150%</exit_rate>
		<segment>exitPageTitle==Ch%C3%A2teau+de+Chambord%2C+Visite+%26+Photos+-+Blog+%26+photos+Matthieu+Blog+%26+photos+Matthieu</segment>
	</row>
	<row>
		<label> Itinéraire d'un voyage en Indonésie - Blog &amp; photos Matthieu Blog &amp; photos Matthieu</label>
		<nb_visits>2</nb_visits>
		<nb_hits>4</nb_hits>
		<sum_time_spent>463</sum_time_spent>
		<exit_nb_visits>3</exit_nb_visits>
		<sum_daily_nb_uniq_visitors>3</sum_daily_nb_uniq_visitors>
		<sum_daily_exit_nb_uniq_visitors>3</sum_daily_exit_nb_uniq_visitors>
		<entry_nb_visits>2</entry_nb_visits>
		<entry_nb_actions>4</entry_nb_actions>
		<entry_sum_visit_length>475</entry_sum_visit_length>
		<entry_bounce_count>1</entry_bounce_count>
		<sum_daily_entry_nb_uniq_visitors>2</sum_daily_entry_nb_uniq_visitors>
		<avg_bandwidth>0</avg_bandwidth>
		<avg_time_on_page>116</avg_time_on_page>
		<bounce_rate>50%</bounce_rate>
		<exit_rate>150%</exit_rate>
		<segment>exitPageTitle==Itin%C3%A9raire+d%27un+voyage+en+Indon%C3%A9sie+-+Blog+%26+photos+Matthieu+Blog+%26+photos+Matthieu</segment>
	</row>
	<row>
		<label> Photo Filles en Bikini - Blog &amp; photos Matthieu Blog &amp; photos Matthieu</label>
		<nb_visits>2</nb_visits>
		<nb_hits>2</nb_hits>
		<sum_time_spent>0</sum_time_spent>
		<entry_nb_visits>2</entry_nb_visits>
		<entry_nb_actions>2</entry_nb_actions>
		<entry_sum_visit_length>0</entry_sum_visit_length>
		<entry_bounce_count>2</entry_bounce_count>
		<exit_nb_visits>2</exit_nb_visits>
		<sum_daily_nb_uniq_visitors>2</sum_daily_nb_uniq_visitors>
		<sum_daily_entry_nb_uniq_visitors>2</sum_daily_entry_nb_uniq_visitors>
		<sum_daily_exit_nb_uniq_visitors>2</sum_daily_exit_nb_uniq_visitors>
		<avg_bandwidth>0</avg_bandwidth>
		<avg_time_on_page>0</avg_time_on_page>
		<bounce_rate>100%</bounce_rate>
		<exit_rate>100%</exit_rate>
		<segment>exitPageTitle==Photo+Filles+en+Bikini+-+Blog+%26+photos+Matthieu+Blog+%26+photos+Matthieu</segment>
	</row>
	<row>
		<label> Visite de Madurai - Blog &amp; photos Matthieu Blog &amp; photos Matthieu</label>
		<nb_visits>2</nb_visits>
		<nb_hits>3</nb_hits>
		<sum_time_spent>1193</sum_time_spent>
		<entry_nb_visits>2</entry_nb_visits>
		<entry_nb_actions>3</entry_nb_actions>
		<entry_sum_visit_length>1193</entry_sum_visit_length>
		<entry_bounce_count>1</entry_bounce_count>
		<exit_nb_visits>2</exit_nb_visits>
		<sum_daily_nb_uniq_visitors>2</sum_daily_nb_uniq_visitors>
		<sum_daily_entry_nb_uniq_visitors>2</sum_daily_entry_nb_uniq_visitors>
		<sum_daily_exit_nb_uniq_visitors>2</sum_daily_exit_nb_uniq_visitors>
		<avg_bandwidth>0</avg_bandwidth>
		<avg_time_on_page>398</avg_time_on_page>
		<bounce_rate>50%</bounce_rate>
		<exit_rate>100%</exit_rate>
		<segment>exitPageTitle==Visite+de+Madurai+-+Blog+%26+photos+Matthieu+Blog+%26+photos+Matthieu</segment>
	</row>
	<row>
		<label> - Blog Voyages &amp; Photographies de Matthieu Aubry, français en Nouvelle Zélande. Blog &amp; photos Matthieu</label>
		<nb_visits>1</nb_visits>
		<nb_hits>2</nb_hits>
		<sum_time_spent>44</sum_time_spent>
		<entry_nb_visits>1</entry_nb_visits>
		<entry_nb_actions>2</entry_nb_actions>
		<entry_sum_visit_length>44</entry_sum_visit_length>
		<entry_bounce_count>0</entry_bounce_count>
		<exit_nb_visits>1</exit_nb_visits>
		<sum_daily_nb_uniq_visitors>1</sum_daily_nb_uniq_visitors>
		<sum_daily_entry_nb_uniq_visitors>1</sum_daily_entry_nb_uniq_visitors>
		<sum_daily_exit_nb_uniq_visitors>1</sum_daily_exit_nb_uniq_visitors>
		<avg_bandwidth>0</avg_bandwidth>
		<avg_time_on_page>22</avg_time_on_page>
		<bounce_rate>0%</bounce_rate>
		<exit_rate>100%</exit_rate>
		<segment>exitPageTitle==-+Blog+Voyages+%26+Photographies+de+Matthieu+Aubry%2C+fran%C3%A7ais+en+Nouvelle+Z%C3%A9lande.+Blog+%26+photos+Matthieu</segment>
	</row>
	<row>
		<label> Accouplement de singes - Blog &amp; photos Matthieu Blog &amp; photos Matthieu</label>
		<nb_visits>1</nb_visits>
		<nb_hits>1</nb_hits>
		<sum_time_spent>0</sum_time_spent>
		<entry_nb_visits>1</entry_nb_visits>
		<entry_nb_actions>1</entry_nb_actions>
		<entry_sum_visit_length>0</entry_sum_visit_length>
		<entry_bounce_count>1</entry_bounce_count>
		<exit_nb_visits>1</exit_nb_visits>
		<sum_daily_nb_uniq_visitors>1</sum_daily_nb_uniq_visitors>
		<sum_daily_entry_nb_uniq_visitors>1</sum_daily_entry_nb_uniq_visitors>
		<sum_daily_exit_nb_uniq_visitors>1</sum_daily_exit_nb_uniq_visitors>
		<avg_bandwidth>0</avg_bandwidth>
		<avg_time_on_page>0</avg_time_on_page>
		<bounce_rate>100%</bounce_rate>
		<exit_rate>100%</exit_rate>
		<segment>exitPageTitle==Accouplement+de+singes+-+Blog+%26+photos+Matthieu+Blog+%26+photos+Matthieu</segment>
	</row>
	<row>
		<label> Cirque du soleil : magnifique ! - Blog &amp; photos Matthieu Blog &amp; photos Matthieu</label>
		<nb_visits>1</nb_visits>
		<nb_hits>1</nb_hits>
		<sum_time_spent>0</sum_time_spent>
		<entry_nb_visits>1</entry_nb_visits>
		<entry_nb_actions>1</entry_nb_actions>
		<entry_sum_visit_length>0</entry_sum_visit_length>
		<entry_bounce_count>1</entry_bounce_count>
		<exit_nb_visits>1</exit_nb_visits>
		<sum_daily_nb_uniq_visitors>1</sum_daily_nb_uniq_visitors>
		<sum_daily_entry_nb_uniq_visitors>1</sum_daily_entry_nb_uniq_visitors>
		<sum_daily_exit_nb_uniq_visitors>1</sum_daily_exit_nb_uniq_visitors>
		<avg_bandwidth>0</avg_bandwidth>
		<avg_time_on_page>0</avg_time_on_page>
		<bounce_rate>100%</bounce_rate>
		<exit_rate>100%</exit_rate>
		<segment>exitPageTitle==Cirque+du+soleil+%3A+magnifique+%21+-+Blog+%26+photos+Matthieu+Blog+%26+photos+Matthieu</segment>
	</row>
	<row>
		<label> Couleurs et jonglerie - Blog &amp; photos Matthieu Blog &amp; photos Matthieu</label>
		<nb_visits>1</nb_visits>
		<nb_hits>1</nb_hits>
		<sum_time_spent>0</sum_time_spent>
		<entry_nb_visits>1</entry_nb_visits>
		<entry_nb_actions>1</entry_nb_actions>
		<entry_sum_visit_length>0</entry_sum_visit_length>
		<entry_bounce_count>1</entry_bounce_count>
		<exit_nb_visits>1</exit_nb_visits>
		<sum_daily_nb_uniq_visitors>1</sum_daily_nb_uniq_visitors>
		<sum_daily_entry_nb_uniq_visitors>1</sum_daily_entry_nb_uniq_visitors>
		<sum_daily_exit_nb_uniq_visitors>1</sum_daily_exit_nb_uniq_visitors>
		<avg_bandwidth>0</avg_bandwidth>
		<avg_time_on_page>0</avg_time_on_page>
		<bounce_rate>100%</bounce_rate>
		<exit_rate>100%</exit_rate>
		<segment>exitPageTitle==Couleurs+et+jonglerie+-+Blog+%26+photos+Matthieu+Blog+%26+photos+Matthieu</segment>
	</row>
	<row>
		<label> Interdiction de s'embrasser en angleterre - Blog &amp; photos Matthieu Blog &amp; photos Matthieu</label>
		<nb_visits>1</nb_visits>
		<nb_hits>1</nb_hits>
		<sum_time_spent>0</sum_time_spent>
		<entry_nb_visits>1</entry_nb_visits>
		<entry_nb_actions>1</entry_nb_actions>
		<entry_sum_visit_length>0</entry_sum_visit_length>
		<entry_bounce_count>1</entry_bounce_count>
		<exit_nb_visits>1</exit_nb_visits>
		<sum_daily_nb_uniq_visitors>1</sum_daily_nb_uniq_visitors>
		<sum_daily_entry_nb_uniq_visitors>1</sum_daily_entry_nb_uniq_visitors>
		<sum_daily_exit_nb_uniq_visitors>1</sum_daily_exit_nb_uniq_visitors>
		<avg_bandwidth>0</avg_bandwidth>
		<avg_time_on_page>0</avg_time_on_page>
		<bounce_rate>100%</bounce_rate>
		<exit_rate>100%</exit_rate>
		<segment>exitPageTitle==Interdiction+de+s%27embrasser+en+angleterre+-+Blog+%26+photos+Matthieu+Blog+%26+photos+Matthieu</segment>
	</row>
	<row>
		<label> La plage à Chennai - Blog &amp; photos Matthieu Blog &amp; photos Matthieu</label>
		<nb_visits>1</nb_visits>
		<nb_hits>2</nb_hits>
		<sum_time_spent>0</sum_time_spent>
		<entry_nb_visits>1</entry_nb_visits>
		<entry_nb_actions>1</entry_nb_actions>
		<entry_sum_visit_length>0</entry_sum_visit_length>
		<entry_bounce_count>1</entry_bounce_count>
		<exit_nb_visits>2</exit_nb_visits>
		<sum_daily_nb_uniq_visitors>2</sum_daily_nb_uniq_visitors>
		<sum_daily_entry_nb_uniq_visitors>1</sum_daily_entry_nb_uniq_visitors>
		<sum_daily_exit_nb_uniq_visitors>2</sum_daily_exit_nb_uniq_visitors>
		<avg_bandwidth>0</avg_bandwidth>
		<avg_time_on_page>0</avg_time_on_page>
		<bounce_rate>100%</bounce_rate>
		<exit_rate>200%</exit_rate>
		<segment>exitPageTitle==La+plage+%C3%A0+Chennai+-+Blog+%26+photos+Matthieu+Blog+%26+photos+Matthieu</segment>
	</row>
	<row>
		<label> Le Théisme Philosophique - Blog &amp; photos Matthieu Blog &amp; photos Matthieu</label>
		<nb_visits>1</nb_visits>
		<nb_hits>2</nb_hits>
		<sum_time_spent>261</sum_time_spent>
		<entry_nb_visits>1</entry_nb_visits>
		<entry_nb_actions>2</entry_nb_actions>
		<entry_sum_visit_length>261</entry_sum_visit_length>
		<entry_bounce_count>0</entry_bounce_count>
		<exit_nb_visits>1</exit_nb_visits>
		<sum_daily_nb_uniq_visitors>1</sum_daily_nb_uniq_visitors>
		<sum_daily_entry_nb_uniq_visitors>1</sum_daily_entry_nb_uniq_visitors>
		<sum_daily_exit_nb_uniq_visitors>1</sum_daily_exit_nb_uniq_visitors>
		<avg_bandwidth>0</avg_bandwidth>
		<avg_time_on_page>131</avg_time_on_page>
		<bounce_rate>0%</bounce_rate>
		<exit_rate>100%</exit_rate>
		<segment>exitPageTitle==Le+Th%C3%A9isme+Philosophique+-+Blog+%26+photos+Matthieu+Blog+%26+photos+Matthieu</segment>
	</row>
	<row>
		<label> Londres Archives - Blog &amp; photos Matthieu Blog &amp; photos Matthieu</label>
		<nb_visits>1</nb_visits>
		<nb_hits>1</nb_hits>
		<sum_time_spent>0</sum_time_spent>
		<entry_nb_visits>1</entry_nb_visits>
		<entry_nb_actions>1</entry_nb_actions>
		<entry_sum_visit_length>0</entry_sum_visit_length>
		<entry_bounce_count>1</entry_bounce_count>
		<exit_nb_visits>1</exit_nb_visits>
		<sum_daily_nb_uniq_visitors>1</sum_daily_nb_uniq_visitors>
		<sum_daily_entry_nb_uniq_visitors>1</sum_daily_entry_nb_uniq_visitors>
		<sum_daily_exit_nb_uniq_visitors>1</sum_daily_exit_nb_uniq_visitors>
		<avg_bandwidth>0</avg_bandwidth>
		<avg_time_on_page>0</avg_time_on_page>
		<bounce_rate>100%</bounce_rate>
		<exit_rate>100%</exit_rate>
		<segment>exitPageTitle==Londres+Archives+-+Blog+%26+photos+Matthieu+Blog+%26+photos+Matthieu</segment>
	</row>
	<row>
		<label> Premier jour de folie à Munnar - Blog &amp; photos Matthieu Blog &amp; photos Matthieu</label>
		<nb_visits>1</nb_visits>
		<nb_hits>1</nb_hits>
		<sum_time_spent>0</sum_time_spent>
		<entry_nb_visits>1</entry_nb_visits>
		<entry_nb_actions>1</entry_nb_actions>
		<entry_sum_visit_length>0</entry_sum_visit_length>
		<entry_bounce_count>1</entry_bounce_count>
		<exit_nb_visits>1</exit_nb_visits>
		<sum_daily_nb_uniq_visitors>1</sum_daily_nb_uniq_visitors>
		<sum_daily_entry_nb_uniq_visitors>1</sum_daily_entry_nb_uniq_visitors>
		<sum_daily_exit_nb_uniq_visitors>1</sum_daily_exit_nb_uniq_visitors>
		<avg_bandwidth>0</avg_bandwidth>
		<avg_time_on_page>0</avg_time_on_page>
		<bounce_rate>100%</bounce_rate>
		<exit_rate>100%</exit_rate>
		<segment>exitPageTitle==Premier+jour+de+folie+%C3%A0+Munnar+-+Blog+%26+photos+Matthieu+Blog+%26+photos+Matthieu</segment>
	</row>
	<row>
		<label> Vidéo préparation des momos - Blog &amp; photos Matthieu Blog &amp; photos Matthieu</label>
		<nb_visits>1</nb_visits>
		<nb_hits>1</nb_hits>
		<sum_time_spent>0</sum_time_spent>
		<entry_nb_visits>1</entry_nb_visits>
		<entry_nb_actions>1</entry_nb_actions>
		<entry_sum_visit_length>0</entry_sum_visit_length>
		<entry_bounce_count>1</entry_bounce_count>
		<exit_nb_visits>1</exit_nb_visits>
		<sum_daily_nb_uniq_visitors>1</sum_daily_nb_uniq_visitors>
		<sum_daily_entry_nb_uniq_visitors>1</sum_daily_entry_nb_uniq_visitors>
		<sum_daily_exit_nb_uniq_visitors>1</sum_daily_exit_nb_uniq_visitors>
		<avg_bandwidth>0</avg_bandwidth>
		<avg_time_on_page>0</avg_time_on_page>
		<bounce_rate>100%</bounce_rate>
		<exit_rate>100%</exit_rate>
		<segment>exitPageTitle==Vid%C3%A9o+pr%C3%A9paration+des+momos+-+Blog+%26+photos+Matthieu+Blog+%26+photos+Matthieu</segment>
	</row>
	<row>
		<label> Claire l'australienne - Blog &amp; photos Matthieu Blog &amp; photos Matthieu</label>
		<nb_visits>0</nb_visits>
		<nb_hits>2</nb_hits>
		<sum_time_spent>16</sum_time_spent>
		<exit_nb_visits>1</exit_nb_visits>
		<sum_daily_nb_uniq_visitors>1</sum_daily_nb_uniq_visitors>
		<sum_daily_exit_nb_uniq_visitors>1</sum_daily_exit_nb_uniq_visitors>
		<avg_bandwidth>0</avg_bandwidth>
		<avg_time_on_page>8</avg_time_on_page>
		<bounce_rate>0%</bounce_rate>
		<exit_rate>0%</exit_rate>
		<segment>exitPageTitle==Claire+l%27australienne+-+Blog+%26+photos+Matthieu+Blog+%26+photos+Matthieu</segment>
	</row>
	<row>
		<label> Que faire à Bali? - Blog &amp; photos Matthieu Blog &amp; photos Matthieu</label>
		<nb_visits>0</nb_visits>
		<nb_hits>2</nb_hits>
		<sum_time_spent>11</sum_time_spent>
		<exit_nb_visits>1</exit_nb_visits>
		<sum_daily_nb_uniq_visitors>2</sum_daily_nb_uniq_visitors>
		<sum_daily_exit_nb_uniq_visitors>1</sum_daily_exit_nb_uniq_visitors>
		<avg_bandwidth>0</avg_bandwidth>
		<avg_time_on_page>6</avg_time_on_page>
		<bounce_rate>0%</bounce_rate>
		<exit_rate>0%</exit_rate>
		<segment>exitPageTitle==Que+faire+%C3%A0+Bali%3F+-+Blog+%26+photos+Matthieu+Blog+%26+photos+Matthieu</segment>
	</row>
	<row>
		<label> Search</label>
		<nb_visits>0</nb_visits>
		<nb_hits>3</nb_hits>
		<sum_time_spent>1</sum_time_spent>
		<entry_nb_visits>3</entry_nb_visits>
		<entry_nb_actions>7</entry_nb_actions>
		<entry_sum_visit_length>0</entry_sum_visit_length>
		<entry_bounce_count>1</entry_bounce_count>
		<sum_daily_nb_uniq_visitors>3</sum_daily_nb_uniq_visitors>
		<sum_daily_entry_nb_uniq_visitors>4</sum_daily_entry_nb_uniq_visitors>
		<exit_nb_visits>1</exit_nb_visits>
		<sum_daily_exit_nb_uniq_visitors>1</sum_daily_exit_nb_uniq_visitors>
		<avg_bandwidth>0</avg_bandwidth>
		<avg_time_on_page>0</avg_time_on_page>
		<bounce_rate>33%</bounce_rate>
		<exit_rate>0%</exit_rate>
		<segment>exitPageTitle==Search</segment>
	</row>
</result>