<?xml version="1.0" encoding="utf-8" ?>
<result>
	<row>
		<label>Unknown</label>
		<nb_visits>268</nb_visits>
		<nb_actions>268</nb_actions>
		<sum_visit_length>0</sum_visit_length>
		<bounce_count>3</bounce_count>
		<nb_visits_converted>0</nb_visits_converted>
		<nb_conversions>4</nb_conversions>
		<revenue>27012</revenue>
		<goals>
			<row idgoal='1'>
				<nb_conversions>0</nb_conversions>
				<revenue>0</revenue>
				<nb_visits_converted>0</nb_visits_converted>
			</row>
			<row idgoal='2'>
				<nb_conversions>0</nb_conversions>
				<revenue>0</revenue>
			</row>
		</goals>
		<sum_daily_nb_uniq_visitors>268</sum_daily_nb_uniq_visitors>
		<logo>plugins/Morpheus/icons/dist/browsers/UNK.png</logo>
		<segment>browserCode==xx</segment>
	</row>
	<row>
		<label>Chrome</label>
		<nb_visits>117</nb_visits>
		<nb_actions>318</nb_actions>
		<sum_visit_length>1453</sum_visit_length>
		<bounce_count>30</bounce_count>
		<nb_visits_converted>10</nb_visits_converted>
		<nb_conversions>30</nb_conversions>
		<revenue>219772</revenue>
		<sum_daily_nb_uniq_visitors>103</sum_daily_nb_uniq_visitors>
		<goals>
			<row idgoal='1'>
				<nb_conversions>6</nb_conversions>
				<revenue>0</revenue>
				<nb_visits_converted>5</nb_visits_converted>
			</row>
			<row idgoal='2'>
				<nb_conversions>5</nb_conversions>
				<revenue>0</revenue>
				<nb_visits_converted>4</nb_visits_converted>
			</row>
			<row idgoal='3'>
				<nb_conversions>0</nb_conversions>
				<revenue>0</revenue>
				<nb_visits_converted>0</nb_visits_converted>
			</row>
		</goals>
		<logo>plugins/Morpheus/icons/dist/browsers/CH.png</logo>
		<segment>browserCode==CH</segment>
	</row>
	<row>
		<label>Internet Explorer</label>
		<nb_visits>90</nb_visits>
		<nb_actions>331</nb_actions>
		<sum_visit_length>875</sum_visit_length>
		<bounce_count>14</bounce_count>
		<nb_visits_converted>6</nb_visits_converted>
		<nb_conversions>33</nb_conversions>
		<revenue>284170</revenue>
		<sum_daily_nb_uniq_visitors>71</sum_daily_nb_uniq_visitors>
		<goals>
			<row idgoal='1'>
				<nb_conversions>2</nb_conversions>
				<revenue>0</revenue>
				<nb_visits_converted>2</nb_visits_converted>
			</row>
			<row idgoal='2'>
				<nb_conversions>4</nb_conversions>
				<revenue>0</revenue>
				<nb_visits_converted>3</nb_visits_converted>
			</row>
			<row idgoal='3'>
				<nb_conversions>0</nb_conversions>
				<revenue>0</revenue>
				<nb_visits_converted>0</nb_visits_converted>
			</row>
		</goals>
		<logo>plugins/Morpheus/icons/dist/browsers/IE.png</logo>
		<segment>browserCode==IE</segment>
	</row>
	<row>
		<label>Android Browser</label>
		<nb_visits>88</nb_visits>
		<nb_actions>285</nb_actions>
		<sum_visit_length>874</sum_visit_length>
		<bounce_count>15</bounce_count>
		<nb_visits_converted>6</nb_visits_converted>
		<nb_conversions>29</nb_conversions>
		<revenue>262206</revenue>
		<goals>
			<row idgoal='1'>
				<nb_conversions>2</nb_conversions>
				<revenue>0</revenue>
				<nb_visits_converted>0</nb_visits_converted>
			</row>
			<row idgoal='2'>
				<nb_conversions>4</nb_conversions>
				<revenue>0</revenue>
				<nb_visits_converted>4</nb_visits_converted>
			</row>
			<row idgoal='3'>
				<nb_conversions>0</nb_conversions>
				<revenue>0</revenue>
				<nb_visits_converted>0</nb_visits_converted>
			</row>
		</goals>
		<sum_daily_nb_uniq_visitors>59</sum_daily_nb_uniq_visitors>
		<logo>plugins/Morpheus/icons/dist/browsers/AN.png</logo>
		<segment>browserCode==AN</segment>
	</row>
	<row>
		<label>Firefox</label>
		<nb_visits>48</nb_visits>
		<nb_actions>165</nb_actions>
		<sum_visit_length>529</sum_visit_length>
		<bounce_count>9</bounce_count>
		<nb_visits_converted>7</nb_visits_converted>
		<nb_conversions>21</nb_conversions>
		<revenue>157216</revenue>
		<goals>
			<row idgoal='1'>
				<nb_conversions>6</nb_conversions>
				<revenue>0</revenue>
				<nb_visits_converted>6</nb_visits_converted>
			</row>
			<row idgoal='2'>
				<nb_conversions>1</nb_conversions>
				<revenue>0</revenue>
				<nb_visits_converted>1</nb_visits_converted>
			</row>
			<row idgoal='3'>
				<nb_conversions>0</nb_conversions>
				<revenue>0</revenue>
				<nb_visits_converted>0</nb_visits_converted>
			</row>
		</goals>
		<sum_daily_nb_uniq_visitors>41</sum_daily_nb_uniq_visitors>
		<logo>plugins/Morpheus/icons/dist/browsers/FF.png</logo>
		<segment>browserCode==FF</segment>
	</row>
	<row>
		<label>Safari</label>
		<nb_visits>9</nb_visits>
		<nb_actions>11</nb_actions>
		<sum_visit_length>1819</sum_visit_length>
		<bounce_count>7</bounce_count>
		<nb_visits_converted>1</nb_visits_converted>
		<nb_conversions>1</nb_conversions>
		<revenue>0</revenue>
		<sum_daily_nb_uniq_visitors>9</sum_daily_nb_uniq_visitors>
		<logo>plugins/Morpheus/icons/dist/browsers/SF.png</logo>
		<segment>browserCode==SF</segment>
	</row>
	<row>
		<label>Mobile Safari</label>
		<nb_visits>7</nb_visits>
		<nb_actions>10</nb_actions>
		<sum_visit_length>1824</sum_visit_length>
		<bounce_count>5</bounce_count>
		<nb_visits_converted>1</nb_visits_converted>
		<nb_conversions>1</nb_conversions>
		<revenue>0</revenue>
		<sum_daily_nb_uniq_visitors>6</sum_daily_nb_uniq_visitors>
		<logo>plugins/Morpheus/icons/dist/browsers/MF.png</logo>
		<segment>browserCode==MF</segment>
	</row>
	<row>
		<label>Samsung Browser</label>
		<nb_visits>2</nb_visits>
		<nb_actions>2</nb_actions>
		<sum_visit_length>0</sum_visit_length>
		<bounce_count>2</bounce_count>
		<nb_visits_converted>0</nb_visits_converted>
		<nb_conversions>0</nb_conversions>
		<revenue>0</revenue>
		<sum_daily_nb_uniq_visitors>2</sum_daily_nb_uniq_visitors>
		<logo>plugins/Morpheus/icons/dist/browsers/SB.png</logo>
		<segment>browserCode==SB</segment>
	</row>
</result>