<?xml version="1.0" encoding="utf-8" ?>
<result>
	<row>
		<label>Monday</label>
		<nb_visits>0</nb_visits>
		<day_of_week>1</day_of_week>
	</row>
	<row>
		<label>Tuesday</label>
		<nb_visits>0</nb_visits>
		<day_of_week>2</day_of_week>
	</row>
	<row>
		<label>Wednesday</label>
		<nb_visits>0</nb_visits>
		<day_of_week>3</day_of_week>
	</row>
	<row>
		<label>Thursday</label>
		<nb_visits>0</nb_visits>
		<day_of_week>4</day_of_week>
	</row>
	<row>
		<label>Friday</label>
		<nb_visits>196</nb_visits>
		<nb_uniq_visitors>46</nb_uniq_visitors>
		<nb_actions>799</nb_actions>
		<nb_users>0</nb_users>
		<sum_visit_length>6312</sum_visit_length>
		<bounce_count>36</bounce_count>
		<nb_visits_converted>26</nb_visits_converted>
		<day_of_week>5</day_of_week>
	</row>
	<row>
		<label>Saturday</label>
		<nb_visits>0</nb_visits>
		<day_of_week>6</day_of_week>
	</row>
	<row>
		<label>Sunday</label>
		<nb_visits>0</nb_visits>
		<day_of_week>7</day_of_week>
	</row>
</result>