<?xml version="1.0" encoding="utf-8" ?>
<result>
	<row>
		<label>Unknown</label>
		<nb_uniq_visitors>43</nb_uniq_visitors>
		<nb_visits>44</nb_visits>
		<nb_actions>159</nb_actions>
		<sum_visit_length>524</sum_visit_length>
		<bounce_count>8</bounce_count>
		<nb_visits_converted>6</nb_visits_converted>
		<nb_conversions>18</nb_conversions>
		<revenue>75333</revenue>
		<goals>
			<row idgoal='1'>
				<nb_conversions>3</nb_conversions>
				<revenue>0</revenue>
				<nb_visits_converted>3</nb_visits_converted>
			</row>
			<row idgoal='2'>
				<nb_conversions>3</nb_conversions>
				<revenue>0</revenue>
				<nb_visits_converted>3</nb_visits_converted>
			</row>
			<row idgoal='3'>
				<nb_conversions>0</nb_conversions>
				<revenue>0</revenue>
				<nb_visits_converted>0</nb_visits_converted>
			</row>
		</goals>
		<logo>plugins/Morpheus/icons/dist/os/UNK.png</logo>
	</row>
</result>