<?xml version="1.0" encoding="utf-8" ?>
<result>
	<row>
		<label>Unknown</label>
		<nb_visits>268</nb_visits>
		<nb_actions>268</nb_actions>
		<sum_visit_length>0</sum_visit_length>
		<bounce_count>3</bounce_count>
		<nb_visits_converted>0</nb_visits_converted>
		<nb_conversions>4</nb_conversions>
		<revenue>27012</revenue>
		<goals>
			<row idgoal='1'>
				<nb_conversions>0</nb_conversions>
				<revenue>0</revenue>
				<nb_visits_converted>0</nb_visits_converted>
			</row>
			<row idgoal='2'>
				<nb_conversions>0</nb_conversions>
				<revenue>0</revenue>
			</row>
		</goals>
		<sum_daily_nb_uniq_visitors>268</sum_daily_nb_uniq_visitors>
		<logo>plugins/Morpheus/icons/dist/browsers/UNK.png</logo>
	</row>
	<row>
		<label>Chrome</label>
		<nb_visits>70</nb_visits>
		<nb_actions>127</nb_actions>
		<sum_visit_length>893</sum_visit_length>
		<bounce_count>26</bounce_count>
		<nb_visits_converted>3</nb_visits_converted>
		<nb_conversions>8</nb_conversions>
		<revenue>34064</revenue>
		<sum_daily_nb_uniq_visitors>67</sum_daily_nb_uniq_visitors>
		<goals>
			<row idgoal='1'>
				<nb_conversions>0</nb_conversions>
				<revenue>0</revenue>
				<nb_visits_converted>0</nb_visits_converted>
			</row>
			<row idgoal='2'>
				<nb_conversions>3</nb_conversions>
				<revenue>0</revenue>
				<nb_visits_converted>3</nb_visits_converted>
			</row>
			<row idgoal='3'>
				<nb_conversions>0</nb_conversions>
				<revenue>0</revenue>
				<nb_visits_converted>0</nb_visits_converted>
			</row>
		</goals>
		<logo>plugins/Morpheus/icons/dist/browsers/CH.png</logo>
	</row>
	<row>
		<label>Internet Explorer</label>
		<nb_visits>44</nb_visits>
		<nb_actions>99</nb_actions>
		<sum_visit_length>10</sum_visit_length>
		<bounce_count>11</bounce_count>
		<nb_visits_converted>0</nb_visits_converted>
		<nb_conversions>7</nb_conversions>
		<revenue>40820</revenue>
		<sum_daily_nb_uniq_visitors>44</sum_daily_nb_uniq_visitors>
		<goals>
			<row idgoal='1'>
				<nb_conversions>0</nb_conversions>
				<revenue>0</revenue>
				<nb_visits_converted>0</nb_visits_converted>
			</row>
			<row idgoal='2'>
				<nb_conversions>0</nb_conversions>
				<revenue>0</revenue>
			</row>
		</goals>
		<logo>plugins/Morpheus/icons/dist/browsers/IE.png</logo>
	</row>
	<row>
		<label>Android Browser</label>
		<nb_visits>27</nb_visits>
		<nb_actions>54</nb_actions>
		<sum_visit_length>147</sum_visit_length>
		<bounce_count>1</bounce_count>
		<nb_visits_converted>1</nb_visits_converted>
		<nb_conversions>6</nb_conversions>
		<revenue>29226</revenue>
		<goals>
			<row idgoal='1'>
				<nb_conversions>1</nb_conversions>
				<revenue>0</revenue>
				<nb_visits_converted>0</nb_visits_converted>
			</row>
			<row idgoal='2'>
				<nb_conversions>0</nb_conversions>
				<revenue>0</revenue>
			</row>
		</goals>
		<sum_daily_nb_uniq_visitors>27</sum_daily_nb_uniq_visitors>
		<logo>plugins/Morpheus/icons/dist/browsers/AN.png</logo>
	</row>
	<row>
		<label>Firefox</label>
		<nb_visits>24</nb_visits>
		<nb_actions>57</nb_actions>
		<sum_visit_length>808</sum_visit_length>
		<bounce_count>6</bounce_count>
		<nb_visits_converted>2</nb_visits_converted>
		<nb_conversions>6</nb_conversions>
		<revenue>28198</revenue>
		<goals>
			<row idgoal='1'>
				<nb_conversions>2</nb_conversions>
				<revenue>0</revenue>
				<nb_visits_converted>2</nb_visits_converted>
			</row>
			<row idgoal='2'>
				<nb_conversions>0</nb_conversions>
				<revenue>0</revenue>
			</row>
		</goals>
		<sum_daily_nb_uniq_visitors>22</sum_daily_nb_uniq_visitors>
		<logo>plugins/Morpheus/icons/dist/browsers/FF.png</logo>
	</row>
	<row>
		<label>Safari</label>
		<nb_visits>8</nb_visits>
		<nb_actions>8</nb_actions>
		<sum_visit_length>0</sum_visit_length>
		<bounce_count>8</bounce_count>
		<nb_visits_converted>0</nb_visits_converted>
		<nb_conversions>0</nb_conversions>
		<revenue>0</revenue>
		<sum_daily_nb_uniq_visitors>8</sum_daily_nb_uniq_visitors>
		<logo>plugins/Morpheus/icons/dist/browsers/SF.png</logo>
	</row>
	<row>
		<label>Mobile Safari</label>
		<nb_visits>2</nb_visits>
		<nb_actions>2</nb_actions>
		<sum_visit_length>0</sum_visit_length>
		<bounce_count>2</bounce_count>
		<nb_visits_converted>0</nb_visits_converted>
		<nb_conversions>0</nb_conversions>
		<revenue>0</revenue>
		<sum_daily_nb_uniq_visitors>2</sum_daily_nb_uniq_visitors>
		<logo>plugins/Morpheus/icons/dist/browsers/MF.png</logo>
	</row>
	<row>
		<label>Samsung Browser</label>
		<nb_visits>2</nb_visits>
		<nb_actions>2</nb_actions>
		<sum_visit_length>0</sum_visit_length>
		<bounce_count>2</bounce_count>
		<nb_visits_converted>0</nb_visits_converted>
		<nb_conversions>0</nb_conversions>
		<revenue>0</revenue>
		<sum_daily_nb_uniq_visitors>2</sum_daily_nb_uniq_visitors>
		<logo>plugins/Morpheus/icons/dist/browsers/SB.png</logo>
	</row>
	<row>
		<label>Microsoft Edge</label>
		<nb_visits>1</nb_visits>
		<nb_actions>1</nb_actions>
		<sum_visit_length>0</sum_visit_length>
		<bounce_count>1</bounce_count>
		<nb_visits_converted>0</nb_visits_converted>
		<nb_conversions>0</nb_conversions>
		<revenue>0.0</revenue>
		<sum_daily_nb_uniq_visitors>1</sum_daily_nb_uniq_visitors>
		<logo>plugins/Morpheus/icons/dist/browsers/PS.png</logo>
	</row>
</result>