<?xml version="1.0" encoding="utf-8" ?>
<result>
	<nb_uniq_visitors>0</nb_uniq_visitors>
	<nb_users>0</nb_users>
	<nb_visits>446</nb_visits>
	<nb_actions>618</nb_actions>
	<nb_visits_converted>6</nb_visits_converted>
	<bounce_count>60</bounce_count>
	<sum_visit_length>1858</sum_visit_length>
	<max_actions>0</max_actions>
	<bounce_rate>13%</bounce_rate>
	<nb_actions_per_visit>1.4</nb_actions_per_visit>
	<avg_time_on_site>4</avg_time_on_site>
</result>