<?xml version="1.0" encoding="utf-8" ?>
<result>
	<row>
		<label>United States</label>
		<nb_visits>270</nb_visits>
		<nb_actions>271</nb_actions>
		<sum_visit_length>44</sum_visit_length>
		<bounce_count>4</bounce_count>
		<nb_visits_converted>0</nb_visits_converted>
		<nb_conversions>4</nb_conversions>
		<revenue>27012</revenue>
		<goals>
			<row idgoal='1'>
				<nb_conversions>0</nb_conversions>
				<revenue>0</revenue>
				<nb_visits_converted>0</nb_visits_converted>
			</row>
			<row idgoal='2'>
				<nb_conversions>0</nb_conversions>
				<revenue>0</revenue>
			</row>
		</goals>
		<sum_daily_nb_uniq_visitors>270</sum_daily_nb_uniq_visitors>
		<code>us</code>
		<logo>plugins/Morpheus/icons/dist/flags/us.png</logo>
		<segment>countryCode==us</segment>
		<logoHeight>16</logoHeight>
	</row>
	<row>
		<label>Canada</label>
		<nb_visits>82</nb_visits>
		<nb_actions>255</nb_actions>
		<sum_visit_length>644</sum_visit_length>
		<bounce_count>11</bounce_count>
		<nb_visits_converted>7</nb_visits_converted>
		<nb_conversions>24</nb_conversions>
		<revenue>187751</revenue>
		<sum_daily_nb_uniq_visitors>56</sum_daily_nb_uniq_visitors>
		<goals>
			<row idgoal='1'>
				<nb_conversions>5</nb_conversions>
				<revenue>0</revenue>
				<nb_visits_converted>3</nb_visits_converted>
			</row>
			<row idgoal='2'>
				<nb_conversions>2</nb_conversions>
				<revenue>0</revenue>
				<nb_visits_converted>2</nb_visits_converted>
			</row>
			<row idgoal='3'>
				<nb_conversions>0</nb_conversions>
				<revenue>0</revenue>
				<nb_visits_converted>0</nb_visits_converted>
			</row>
		</goals>
		<code>ca</code>
		<logo>plugins/Morpheus/icons/dist/flags/ca.png</logo>
		<segment>countryCode==ca</segment>
		<logoHeight>16</logoHeight>
	</row>
	<row>
		<label>France</label>
		<nb_visits>80</nb_visits>
		<nb_actions>209</nb_actions>
		<sum_visit_length>4425</sum_visit_length>
		<bounce_count>35</bounce_count>
		<nb_visits_converted>5</nb_visits_converted>
		<nb_conversions>19</nb_conversions>
		<revenue>142108</revenue>
		<sum_daily_nb_uniq_visitors>67</sum_daily_nb_uniq_visitors>
		<goals>
			<row idgoal='1'>
				<nb_conversions>0</nb_conversions>
				<revenue>0</revenue>
				<nb_visits_converted>0</nb_visits_converted>
			</row>
			<row idgoal='2'>
				<nb_conversions>3</nb_conversions>
				<revenue>0</revenue>
				<nb_visits_converted>3</nb_visits_converted>
			</row>
			<row idgoal='3'>
				<nb_conversions>2</nb_conversions>
				<revenue>0</revenue>
				<nb_visits_converted>1</nb_visits_converted>
			</row>
		</goals>
		<code>fr</code>
		<logo>plugins/Morpheus/icons/dist/flags/fr.png</logo>
		<segment>countryCode==fr</segment>
		<logoHeight>16</logoHeight>
	</row>
	<row>
		<label>Unknown</label>
		<nb_visits>44</nb_visits>
		<nb_actions>129</nb_actions>
		<sum_visit_length>303</sum_visit_length>
		<bounce_count>11</bounce_count>
		<nb_visits_converted>4</nb_visits_converted>
		<nb_conversions>13</nb_conversions>
		<revenue>103222</revenue>
		<goals>
			<row idgoal='1'>
				<nb_conversions>2</nb_conversions>
				<revenue>0</revenue>
				<nb_visits_converted>1</nb_visits_converted>
			</row>
			<row idgoal='2'>
				<nb_conversions>2</nb_conversions>
				<revenue>0</revenue>
				<nb_visits_converted>1</nb_visits_converted>
			</row>
			<row idgoal='3'>
				<nb_conversions>0</nb_conversions>
				<revenue>0</revenue>
				<nb_visits_converted>0</nb_visits_converted>
			</row>
		</goals>
		<sum_daily_nb_uniq_visitors>29</sum_daily_nb_uniq_visitors>
		<code>zz</code>
		<logo>plugins/Morpheus/icons/dist/flags/xx.png</logo>
		<segment>countryCode==zz</segment>
		<logoHeight>16</logoHeight>
	</row>
	<row>
		<label>Germany</label>
		<nb_visits>41</nb_visits>
		<nb_actions>133</nb_actions>
		<sum_visit_length>455</sum_visit_length>
		<bounce_count>8</bounce_count>
		<nb_visits_converted>5</nb_visits_converted>
		<nb_conversions>16</nb_conversions>
		<revenue>131808</revenue>
		<goals>
			<row idgoal='1'>
				<nb_conversions>4</nb_conversions>
				<revenue>0</revenue>
				<nb_visits_converted>3</nb_visits_converted>
			</row>
			<row idgoal='2'>
				<nb_conversions>1</nb_conversions>
				<revenue>0</revenue>
				<nb_visits_converted>0</nb_visits_converted>
			</row>
			<row idgoal='3'>
				<nb_conversions>0</nb_conversions>
				<revenue>0</revenue>
				<nb_visits_converted>0</nb_visits_converted>
			</row>
		</goals>
		<sum_daily_nb_uniq_visitors>32</sum_daily_nb_uniq_visitors>
		<code>de</code>
		<logo>plugins/Morpheus/icons/dist/flags/de.png</logo>
		<segment>countryCode==de</segment>
		<logoHeight>16</logoHeight>
	</row>
	<row>
		<label>Indonesia</label>
		<nb_visits>39</nb_visits>
		<nb_actions>170</nb_actions>
		<sum_visit_length>768</sum_visit_length>
		<bounce_count>3</bounce_count>
		<nb_visits_converted>3</nb_visits_converted>
		<nb_conversions>19</nb_conversions>
		<revenue>167994</revenue>
		<goals>
			<row idgoal='1'>
				<nb_conversions>1</nb_conversions>
				<revenue>0</revenue>
				<nb_visits_converted>1</nb_visits_converted>
			</row>
			<row idgoal='2'>
				<nb_conversions>3</nb_conversions>
				<revenue>0</revenue>
				<nb_visits_converted>3</nb_visits_converted>
			</row>
			<row idgoal='3'>
				<nb_conversions>0</nb_conversions>
				<revenue>0</revenue>
				<nb_visits_converted>0</nb_visits_converted>
			</row>
		</goals>
		<sum_daily_nb_uniq_visitors>34</sum_daily_nb_uniq_visitors>
		<code>id</code>
		<logo>plugins/Morpheus/icons/dist/flags/id.png</logo>
		<segment>countryCode==id</segment>
		<logoHeight>16</logoHeight>
	</row>
	<row>
		<label>Italy</label>
		<nb_visits>33</nb_visits>
		<nb_actions>120</nb_actions>
		<sum_visit_length>292</sum_visit_length>
		<bounce_count>1</bounce_count>
		<nb_visits_converted>4</nb_visits_converted>
		<nb_conversions>14</nb_conversions>
		<revenue>128097</revenue>
		<sum_daily_nb_uniq_visitors>26</sum_daily_nb_uniq_visitors>
		<goals>
			<row idgoal='1'>
				<nb_conversions>2</nb_conversions>
				<revenue>0</revenue>
				<nb_visits_converted>2</nb_visits_converted>
			</row>
			<row idgoal='2'>
				<nb_conversions>2</nb_conversions>
				<revenue>0</revenue>
				<nb_visits_converted>2</nb_visits_converted>
			</row>
			<row idgoal='3'>
				<nb_conversions>0</nb_conversions>
				<revenue>0</revenue>
				<nb_visits_converted>0</nb_visits_converted>
			</row>
		</goals>
		<code>it</code>
		<logo>plugins/Morpheus/icons/dist/flags/it.png</logo>
		<segment>countryCode==it</segment>
		<logoHeight>16</logoHeight>
	</row>
	<row>
		<label>China</label>
		<nb_visits>31</nb_visits>
		<nb_actions>92</nb_actions>
		<sum_visit_length>63</sum_visit_length>
		<bounce_count>4</bounce_count>
		<nb_visits_converted>3</nb_visits_converted>
		<nb_conversions>10</nb_conversions>
		<revenue>62384</revenue>
		<sum_daily_nb_uniq_visitors>30</sum_daily_nb_uniq_visitors>
		<goals>
			<row idgoal='1'>
				<nb_conversions>2</nb_conversions>
				<revenue>0</revenue>
				<nb_visits_converted>2</nb_visits_converted>
			</row>
			<row idgoal='2'>
				<nb_conversions>1</nb_conversions>
				<revenue>0</revenue>
				<nb_visits_converted>1</nb_visits_converted>
			</row>
			<row idgoal='3'>
				<nb_conversions>0</nb_conversions>
				<revenue>0</revenue>
				<nb_visits_converted>0</nb_visits_converted>
			</row>
		</goals>
		<code>cn</code>
		<logo>plugins/Morpheus/icons/dist/flags/cn.png</logo>
		<segment>countryCode==cn</segment>
		<logoHeight>16</logoHeight>
	</row>
	<row>
		<label>Morocco</label>
		<nb_visits>2</nb_visits>
		<nb_actions>2</nb_actions>
		<sum_visit_length>0</sum_visit_length>
		<bounce_count>2</bounce_count>
		<nb_visits_converted>0</nb_visits_converted>
		<nb_conversions>0</nb_conversions>
		<revenue>0.0</revenue>
		<sum_daily_nb_uniq_visitors>2</sum_daily_nb_uniq_visitors>
		<code>ma</code>
		<logo>plugins/Morpheus/icons/dist/flags/ma.png</logo>
		<segment>countryCode==ma</segment>
		<logoHeight>16</logoHeight>
	</row>
	<row>
		<label>Australia</label>
		<nb_visits>1</nb_visits>
		<nb_actions>1</nb_actions>
		<sum_visit_length>0</sum_visit_length>
		<bounce_count>1</bounce_count>
		<nb_visits_converted>0</nb_visits_converted>
		<nb_conversions>0</nb_conversions>
		<revenue>0.0</revenue>
		<sum_daily_nb_uniq_visitors>1</sum_daily_nb_uniq_visitors>
		<code>au</code>
		<logo>plugins/Morpheus/icons/dist/flags/au.png</logo>
		<segment>countryCode==au</segment>
		<logoHeight>16</logoHeight>
	</row>
	<row>
		<label>Lithuania</label>
		<nb_visits>1</nb_visits>
		<nb_actions>1</nb_actions>
		<sum_visit_length>0</sum_visit_length>
		<bounce_count>1</bounce_count>
		<nb_visits_converted>0</nb_visits_converted>
		<nb_conversions>0</nb_conversions>
		<revenue>0.0</revenue>
		<sum_daily_nb_uniq_visitors>1</sum_daily_nb_uniq_visitors>
		<code>lt</code>
		<logo>plugins/Morpheus/icons/dist/flags/lt.png</logo>
		<segment>countryCode==lt</segment>
		<logoHeight>16</logoHeight>
	</row>
	<row>
		<label>Madagascar</label>
		<nb_visits>1</nb_visits>
		<nb_actions>1</nb_actions>
		<sum_visit_length>0</sum_visit_length>
		<bounce_count>1</bounce_count>
		<nb_visits_converted>0</nb_visits_converted>
		<nb_conversions>0</nb_conversions>
		<revenue>0.0</revenue>
		<sum_daily_nb_uniq_visitors>1</sum_daily_nb_uniq_visitors>
		<code>mg</code>
		<logo>plugins/Morpheus/icons/dist/flags/mg.png</logo>
		<segment>countryCode==mg</segment>
		<logoHeight>16</logoHeight>
	</row>
	<row>
		<label>RÃ©union</label>
		<nb_visits>1</nb_visits>
		<nb_actions>1</nb_actions>
		<sum_visit_length>0</sum_visit_length>
		<bounce_count>1</bounce_count>
		<nb_visits_converted>0</nb_visits_converted>
		<nb_conversions>0</nb_conversions>
		<revenue>0.0</revenue>
		<sum_daily_nb_uniq_visitors>1</sum_daily_nb_uniq_visitors>
		<code>re</code>
		<logo>plugins/Morpheus/icons/dist/flags/re.png</logo>
		<segment>countryCode==re</segment>
		<logoHeight>16</logoHeight>
	</row>
	<row>
		<label>Spain</label>
		<nb_visits>1</nb_visits>
		<nb_actions>1</nb_actions>
		<sum_visit_length>0</sum_visit_length>
		<bounce_count>1</bounce_count>
		<nb_visits_converted>0</nb_visits_converted>
		<nb_conversions>0</nb_conversions>
		<revenue>0.0</revenue>
		<sum_daily_nb_uniq_visitors>1</sum_daily_nb_uniq_visitors>
		<code>es</code>
		<logo>plugins/Morpheus/icons/dist/flags/es.png</logo>
		<segment>countryCode==es</segment>
		<logoHeight>16</logoHeight>
	</row>
	<row>
		<label>Switzerland</label>
		<nb_visits>1</nb_visits>
		<nb_actions>1</nb_actions>
		<sum_visit_length>0</sum_visit_length>
		<bounce_count>1</bounce_count>
		<nb_visits_converted>0</nb_visits_converted>
		<nb_conversions>0</nb_conversions>
		<revenue>0.0</revenue>
		<sum_daily_nb_uniq_visitors>1</sum_daily_nb_uniq_visitors>
		<code>ch</code>
		<logo>plugins/Morpheus/icons/dist/flags/ch.png</logo>
		<segment>countryCode==ch</segment>
		<logoHeight>16</logoHeight>
	</row>
	<row>
		<label>Tunisia</label>
		<nb_visits>1</nb_visits>
		<nb_actions>3</nb_actions>
		<sum_visit_length>380</sum_visit_length>
		<bounce_count>0</bounce_count>
		<nb_visits_converted>0</nb_visits_converted>
		<nb_conversions>0</nb_conversions>
		<revenue>0.0</revenue>
		<sum_daily_nb_uniq_visitors>1</sum_daily_nb_uniq_visitors>
		<code>tn</code>
		<logo>plugins/Morpheus/icons/dist/flags/tn.png</logo>
		<segment>countryCode==tn</segment>
		<logoHeight>16</logoHeight>
	</row>
</result>