<?xml version="1.0" encoding="utf-8" ?>
<result>
	<row>
		<label>specializations</label>
		<nb_visits>1</nb_visits>
		<nb_hits>1</nb_hits>
		<sum_daily_nb_uniq_visitors>1</sum_daily_nb_uniq_visitors>
		<nb_pages_per_search>0</nb_pages_per_search>
	</row>
	<row>
		<label>inner circle</label>
		<nb_visits>0</nb_visits>
		<nb_hits>1</nb_hits>
		<sum_daily_nb_uniq_visitors>1</sum_daily_nb_uniq_visitors>
		<nb_pages_per_search>0</nb_pages_per_search>
	</row>
</result>