<?xml version="1.0" encoding="utf-8" ?>
<result>
	<row>
		<label>British Columbia, Canada</label>
		<nb_visits>58</nb_visits>
		<nb_actions>223</nb_actions>
		<sum_visit_length>644</sum_visit_length>
		<bounce_count>7</bounce_count>
		<nb_visits_converted>7</nb_visits_converted>
		<nb_conversions>23</nb_conversions>
		<revenue>181543</revenue>
		<goals>
			<row idgoal='1'>
				<nb_conversions>5</nb_conversions>
				<revenue>0</revenue>
				<nb_visits_converted>3</nb_visits_converted>
			</row>
			<row idgoal='2'>
				<nb_conversions>2</nb_conversions>
				<revenue>0</revenue>
				<nb_visits_converted>1</nb_visits_converted>
			</row>
			<row idgoal='3'>
				<nb_conversions>0</nb_conversions>
				<revenue>0</revenue>
				<nb_visits_converted>0</nb_visits_converted>
			</row>
		</goals>
		<sum_daily_nb_uniq_visitors>32</sum_daily_nb_uniq_visitors>
		<segment>regionCode==BC;countryCode==ca</segment>
		<region>BC</region>
		<country>ca</country>
		<country_name>Canada</country_name>
		<region_name>British Columbia</region_name>
		<logo>plugins/Morpheus/icons/dist/flags/ca.png</logo>
	</row>
	<row>
		<label>Unknown, Unknown</label>
		<nb_visits>56</nb_visits>
		<nb_actions>198</nb_actions>
		<sum_visit_length>1039</sum_visit_length>
		<bounce_count>11</bounce_count>
		<nb_visits_converted>15</nb_visits_converted>
		<nb_conversions>31</nb_conversions>
		<revenue>168639</revenue>
		<goals>
			<row idgoal='1'>
				<nb_conversions>7</nb_conversions>
				<revenue>0</revenue>
				<nb_visits_converted>6</nb_visits_converted>
			</row>
			<row idgoal='2'>
				<nb_conversions>8</nb_conversions>
				<revenue>0</revenue>
				<nb_visits_converted>6</nb_visits_converted>
			</row>
			<row idgoal='3'>
				<nb_conversions>0</nb_conversions>
				<revenue>0</revenue>
				<nb_visits_converted>0</nb_visits_converted>
			</row>
		</goals>
		<sum_daily_nb_uniq_visitors>35</sum_daily_nb_uniq_visitors>
		<segment>regionCode==;countryCode==zz</segment>
		<region>xx</region>
		<country>zz</country>
		<country_name>Unknown</country_name>
		<region_name>Unknown</region_name>
		<logo>plugins/Morpheus/icons/dist/flags/xx.png</logo>
	</row>
	<row>
		<label>Unknown, Canada</label>
		<nb_visits>54</nb_visits>
		<nb_actions>211</nb_actions>
		<sum_visit_length>2735</sum_visit_length>
		<bounce_count>16</bounce_count>
		<nb_visits_converted>23</nb_visits_converted>
		<nb_conversions>45</nb_conversions>
		<revenue>193331</revenue>
		<sum_daily_nb_uniq_visitors>32</sum_daily_nb_uniq_visitors>
		<goals>
			<row idgoal='1'>
				<nb_conversions>12</nb_conversions>
				<revenue>0</revenue>
				<nb_visits_converted>12</nb_visits_converted>
			</row>
			<row idgoal='2'>
				<nb_conversions>12</nb_conversions>
				<revenue>0</revenue>
				<nb_visits_converted>12</nb_visits_converted>
			</row>
			<row idgoal='3'>
				<nb_conversions>0</nb_conversions>
				<revenue>0</revenue>
				<nb_visits_converted>0</nb_visits_converted>
			</row>
		</goals>
		<segment>regionCode==;countryCode==ca</segment>
		<region>xx</region>
		<country>ca</country>
		<country_name>Canada</country_name>
		<region_name>Unknown</region_name>
		<logo>plugins/Morpheus/icons/dist/flags/ca.png</logo>
	</row>
	<row>
		<label>Unknown, France</label>
		<nb_visits>35</nb_visits>
		<nb_actions>84</nb_actions>
		<sum_visit_length>4687</sum_visit_length>
		<bounce_count>15</bounce_count>
		<nb_visits_converted>10</nb_visits_converted>
		<nb_conversions>15</nb_conversions>
		<revenue>27725</revenue>
		<sum_daily_nb_uniq_visitors>31</sum_daily_nb_uniq_visitors>
		<goals>
			<row idgoal='1'>
				<nb_conversions>3</nb_conversions>
				<revenue>0</revenue>
				<nb_visits_converted>2</nb_visits_converted>
			</row>
			<row idgoal='2'>
				<nb_conversions>5</nb_conversions>
				<revenue>0</revenue>
				<nb_visits_converted>5</nb_visits_converted>
			</row>
			<row idgoal='3'>
				<nb_conversions>0</nb_conversions>
				<revenue>0</revenue>
				<nb_visits_converted>0</nb_visits_converted>
			</row>
		</goals>
		<segment>regionCode==;countryCode==fr</segment>
		<region>xx</region>
		<country>fr</country>
		<country_name>France</country_name>
		<region_name>Unknown</region_name>
		<logo>plugins/Morpheus/icons/dist/flags/fr.png</logo>
	</row>
	<row>
		<label>Bourgogne-Franche-Comté, France</label>
		<nb_visits>28</nb_visits>
		<nb_actions>131</nb_actions>
		<sum_visit_length>238</sum_visit_length>
		<bounce_count>2</bounce_count>
		<nb_visits_converted>3</nb_visits_converted>
		<nb_conversions>15</nb_conversions>
		<revenue>128886</revenue>
		<goals>
			<row idgoal='1'>
				<nb_conversions>0</nb_conversions>
				<revenue>0</revenue>
				<nb_visits_converted>0</nb_visits_converted>
			</row>
			<row idgoal='2'>
				<nb_conversions>3</nb_conversions>
				<revenue>0</revenue>
				<nb_visits_converted>3</nb_visits_converted>
			</row>
			<row idgoal='3'>
				<nb_conversions>0</nb_conversions>
				<revenue>0</revenue>
				<nb_visits_converted>0</nb_visits_converted>
			</row>
		</goals>
		<sum_daily_nb_uniq_visitors>19</sum_daily_nb_uniq_visitors>
		<segment>regionCode==BFC;countryCode==fr</segment>
		<region>BFC</region>
		<country>fr</country>
		<country_name>France</country_name>
		<region_name>Bourgogne-Franche-Comté</region_name>
		<logo>plugins/Morpheus/icons/dist/flags/fr.png</logo>
	</row>
	<row>
		<label>Bayern, Germany</label>
		<nb_visits>27</nb_visits>
		<nb_actions>119</nb_actions>
		<sum_visit_length>455</sum_visit_length>
		<bounce_count>4</bounce_count>
		<nb_visits_converted>5</nb_visits_converted>
		<nb_conversions>15</nb_conversions>
		<revenue>125196</revenue>
		<goals>
			<row idgoal='1'>
				<nb_conversions>4</nb_conversions>
				<revenue>0</revenue>
				<nb_visits_converted>3</nb_visits_converted>
			</row>
			<row idgoal='2'>
				<nb_conversions>1</nb_conversions>
				<revenue>0</revenue>
				<nb_visits_converted>0</nb_visits_converted>
			</row>
			<row idgoal='3'>
				<nb_conversions>0</nb_conversions>
				<revenue>0</revenue>
				<nb_visits_converted>0</nb_visits_converted>
			</row>
		</goals>
		<sum_daily_nb_uniq_visitors>18</sum_daily_nb_uniq_visitors>
		<segment>regionCode==BY;countryCode==de</segment>
		<region>BY</region>
		<country>de</country>
		<country_name>Germany</country_name>
		<region_name>Bayern</region_name>
		<logo>plugins/Morpheus/icons/dist/flags/de.png</logo>
	</row>
	<row>
		<label>Unknown, China</label>
		<nb_visits>27</nb_visits>
		<nb_actions>103</nb_actions>
		<sum_visit_length>1301</sum_visit_length>
		<bounce_count>8</bounce_count>
		<nb_visits_converted>8</nb_visits_converted>
		<nb_conversions>19</nb_conversions>
		<revenue>84110.0</revenue>
		<goals>
			<row idgoal='1'>
				<nb_conversions>6</nb_conversions>
				<revenue>0</revenue>
				<nb_visits_converted>5</nb_visits_converted>
			</row>
			<row idgoal='2'>
				<nb_conversions>2</nb_conversions>
				<revenue>0</revenue>
				<nb_visits_converted>1</nb_visits_converted>
			</row>
			<row idgoal='3'>
				<nb_conversions>0</nb_conversions>
				<revenue>0</revenue>
				<nb_visits_converted>0</nb_visits_converted>
			</row>
		</goals>
		<sum_daily_nb_uniq_visitors>17</sum_daily_nb_uniq_visitors>
		<segment>regionCode==;countryCode==cn</segment>
		<region>xx</region>
		<country>cn</country>
		<country_name>China</country_name>
		<region_name>Unknown</region_name>
		<logo>plugins/Morpheus/icons/dist/flags/cn.png</logo>
	</row>
	<row>
		<label>Bali, Indonesia</label>
		<nb_visits>26</nb_visits>
		<nb_actions>149</nb_actions>
		<sum_visit_length>768</sum_visit_length>
		<bounce_count>2</bounce_count>
		<nb_visits_converted>3</nb_visits_converted>
		<nb_conversions>17</nb_conversions>
		<revenue>153310</revenue>
		<goals>
			<row idgoal='1'>
				<nb_conversions>1</nb_conversions>
				<revenue>0</revenue>
				<nb_visits_converted>1</nb_visits_converted>
			</row>
			<row idgoal='2'>
				<nb_conversions>3</nb_conversions>
				<revenue>0</revenue>
				<nb_visits_converted>3</nb_visits_converted>
			</row>
			<row idgoal='3'>
				<nb_conversions>0</nb_conversions>
				<revenue>0</revenue>
				<nb_visits_converted>0</nb_visits_converted>
			</row>
		</goals>
		<sum_daily_nb_uniq_visitors>21</sum_daily_nb_uniq_visitors>
		<segment>regionCode==BA;countryCode==id</segment>
		<region>BA</region>
		<country>id</country>
		<country_name>Indonesia</country_name>
		<region_name>Bali</region_name>
		<logo>plugins/Morpheus/icons/dist/flags/id.png</logo>
	</row>
	<row>
		<label>Lazio, Italy</label>
		<nb_visits>22</nb_visits>
		<nb_actions>109</nb_actions>
		<sum_visit_length>292</sum_visit_length>
		<bounce_count>1</bounce_count>
		<nb_visits_converted>4</nb_visits_converted>
		<nb_conversions>14</nb_conversions>
		<revenue>128097</revenue>
		<goals>
			<row idgoal='1'>
				<nb_conversions>2</nb_conversions>
				<revenue>0</revenue>
				<nb_visits_converted>2</nb_visits_converted>
			</row>
			<row idgoal='2'>
				<nb_conversions>2</nb_conversions>
				<revenue>0</revenue>
				<nb_visits_converted>2</nb_visits_converted>
			</row>
			<row idgoal='3'>
				<nb_conversions>0</nb_conversions>
				<revenue>0</revenue>
				<nb_visits_converted>0</nb_visits_converted>
			</row>
		</goals>
		<sum_daily_nb_uniq_visitors>15</sum_daily_nb_uniq_visitors>
		<segment>regionCode==62;countryCode==it</segment>
		<region>62</region>
		<country>it</country>
		<country_name>Italy</country_name>
		<region_name>Lazio</region_name>
		<logo>plugins/Morpheus/icons/dist/flags/it.png</logo>
	</row>
	<row>
		<label>Unknown, Indonesia</label>
		<nb_visits>22</nb_visits>
		<nb_actions>75</nb_actions>
		<sum_visit_length>449</sum_visit_length>
		<bounce_count>4</bounce_count>
		<nb_visits_converted>9</nb_visits_converted>
		<nb_conversions>18</nb_conversions>
		<revenue>70895.0</revenue>
		<goals>
			<row idgoal='1'>
				<nb_conversions>6</nb_conversions>
				<revenue>0</revenue>
				<nb_visits_converted>5</nb_visits_converted>
			</row>
			<row idgoal='2'>
				<nb_conversions>3</nb_conversions>
				<revenue>0</revenue>
				<nb_visits_converted>3</nb_visits_converted>
			</row>
			<row idgoal='3'>
				<nb_conversions>0</nb_conversions>
				<revenue>0</revenue>
				<nb_visits_converted>0</nb_visits_converted>
			</row>
		</goals>
		<sum_daily_nb_uniq_visitors>15</sum_daily_nb_uniq_visitors>
		<segment>regionCode==;countryCode==id</segment>
		<region>xx</region>
		<country>id</country>
		<country_name>Indonesia</country_name>
		<region_name>Unknown</region_name>
		<logo>plugins/Morpheus/icons/dist/flags/id.png</logo>
	</row>
	<row>
		<label>Unknown, Germany</label>
		<nb_visits>19</nb_visits>
		<nb_actions>64</nb_actions>
		<sum_visit_length>541</sum_visit_length>
		<bounce_count>7</bounce_count>
		<nb_visits_converted>8</nb_visits_converted>
		<nb_conversions>14</nb_conversions>
		<revenue>54105.0</revenue>
		<goals>
			<row idgoal='1'>
				<nb_conversions>3</nb_conversions>
				<revenue>0</revenue>
				<nb_visits_converted>3</nb_visits_converted>
			</row>
			<row idgoal='2'>
				<nb_conversions>5</nb_conversions>
				<revenue>0</revenue>
				<nb_visits_converted>4</nb_visits_converted>
			</row>
			<row idgoal='3'>
				<nb_conversions>0</nb_conversions>
				<revenue>0</revenue>
				<nb_visits_converted>0</nb_visits_converted>
			</row>
		</goals>
		<sum_daily_nb_uniq_visitors>15</sum_daily_nb_uniq_visitors>
		<segment>regionCode==;countryCode==de</segment>
		<region>xx</region>
		<country>de</country>
		<country_name>Germany</country_name>
		<region_name>Unknown</region_name>
		<logo>plugins/Morpheus/icons/dist/flags/de.png</logo>
	</row>
	<row>
		<label>Sichuan, China</label>
		<nb_visits>18</nb_visits>
		<nb_actions>71</nb_actions>
		<sum_visit_length>63</sum_visit_length>
		<bounce_count>3</bounce_count>
		<nb_visits_converted>3</nb_visits_converted>
		<nb_conversions>9</nb_conversions>
		<revenue>57598</revenue>
		<goals>
			<row idgoal='1'>
				<nb_conversions>2</nb_conversions>
				<revenue>0</revenue>
				<nb_visits_converted>2</nb_visits_converted>
			</row>
			<row idgoal='2'>
				<nb_conversions>1</nb_conversions>
				<revenue>0</revenue>
				<nb_visits_converted>1</nb_visits_converted>
			</row>
			<row idgoal='3'>
				<nb_conversions>0</nb_conversions>
				<revenue>0</revenue>
				<nb_visits_converted>0</nb_visits_converted>
			</row>
		</goals>
		<sum_daily_nb_uniq_visitors>17</sum_daily_nb_uniq_visitors>
		<segment>regionCode==32;countryCode==cn</segment>
		<region>32</region>
		<country>cn</country>
		<country_name>China</country_name>
		<region_name>Sichuan</region_name>
		<logo>plugins/Morpheus/icons/dist/flags/cn.png</logo>
	</row>
	<row>
		<label>Unknown, Italy</label>
		<nb_visits>18</nb_visits>
		<nb_actions>63</nb_actions>
		<sum_visit_length>813</sum_visit_length>
		<bounce_count>3</bounce_count>
		<nb_visits_converted>8</nb_visits_converted>
		<nb_conversions>13</nb_conversions>
		<revenue>47256.0</revenue>
		<goals>
			<row idgoal='1'>
				<nb_conversions>5</nb_conversions>
				<revenue>0</revenue>
				<nb_visits_converted>5</nb_visits_converted>
			</row>
			<row idgoal='2'>
				<nb_conversions>3</nb_conversions>
				<revenue>0</revenue>
				<nb_visits_converted>3</nb_visits_converted>
			</row>
			<row idgoal='3'>
				<nb_conversions>0</nb_conversions>
				<revenue>0</revenue>
				<nb_visits_converted>0</nb_visits_converted>
			</row>
		</goals>
		<sum_daily_nb_uniq_visitors>13</sum_daily_nb_uniq_visitors>
		<segment>regionCode==;countryCode==it</segment>
		<region>xx</region>
		<country>it</country>
		<country_name>Italy</country_name>
		<region_name>Unknown</region_name>
		<logo>plugins/Morpheus/icons/dist/flags/it.png</logo>
	</row>
	<row>
		<label>Île-de-France, France</label>
		<nb_visits>15</nb_visits>
		<nb_actions>19</nb_actions>
		<sum_visit_length>3451</sum_visit_length>
		<bounce_count>11</bounce_count>
		<nb_visits_converted>2</nb_visits_converted>
		<nb_conversions>2</nb_conversions>
		<revenue>0</revenue>
		<sum_daily_nb_uniq_visitors>14</sum_daily_nb_uniq_visitors>
		<segment>regionCode==IDF;countryCode==fr</segment>
		<region>IDF</region>
		<country>fr</country>
		<country_name>France</country_name>
		<region_name>Île-de-France</region_name>
		<logo>plugins/Morpheus/icons/dist/flags/fr.png</logo>
	</row>
	<row>
		<label>Unknown, Belgium</label>
		<nb_visits>5</nb_visits>
		<nb_actions>5</nb_actions>
		<sum_visit_length>0</sum_visit_length>
		<bounce_count>5</bounce_count>
		<nb_visits_converted>0</nb_visits_converted>
		<nb_conversions>0</nb_conversions>
		<revenue>0</revenue>
		<sum_daily_nb_uniq_visitors>5</sum_daily_nb_uniq_visitors>
		<segment>regionCode==;countryCode==be</segment>
		<region>xx</region>
		<country>be</country>
		<country_name>Belgium</country_name>
		<region_name>Unknown</region_name>
		<logo>plugins/Morpheus/icons/dist/flags/be.png</logo>
	</row>
	<row>
		<label>Auvergne-Rhône-Alpes, France</label>
		<nb_visits>3</nb_visits>
		<nb_actions>5</nb_actions>
		<sum_visit_length>152</sum_visit_length>
		<bounce_count>2</bounce_count>
		<nb_visits_converted>0</nb_visits_converted>
		<nb_conversions>0</nb_conversions>
		<revenue>0</revenue>
		<sum_daily_nb_uniq_visitors>3</sum_daily_nb_uniq_visitors>
		<segment>regionCode==ARA;countryCode==fr</segment>
		<region>ARA</region>
		<country>fr</country>
		<country_name>France</country_name>
		<region_name>Auvergne-Rhône-Alpes</region_name>
		<logo>plugins/Morpheus/icons/dist/flags/fr.png</logo>
	</row>
	<row>
		<label>Provence-Alpes-Côte-d’Azur, France</label>
		<nb_visits>3</nb_visits>
		<nb_actions>5</nb_actions>
		<sum_visit_length>412</sum_visit_length>
		<bounce_count>1</bounce_count>
		<nb_visits_converted>0</nb_visits_converted>
		<nb_conversions>0</nb_conversions>
		<revenue>0</revenue>
		<sum_daily_nb_uniq_visitors>3</sum_daily_nb_uniq_visitors>
		<segment>regionCode==PAC;countryCode==fr</segment>
		<region>PAC</region>
		<country>fr</country>
		<country_name>France</country_name>
		<region_name>Provence-Alpes-Côte-d’Azur</region_name>
		<logo>plugins/Morpheus/icons/dist/flags/fr.png</logo>
	</row>
	<row>
		<label>Occitanie, France</label>
		<nb_visits>2</nb_visits>
		<nb_actions>2</nb_actions>
		<sum_visit_length>0</sum_visit_length>
		<bounce_count>2</bounce_count>
		<nb_visits_converted>0</nb_visits_converted>
		<nb_conversions>0</nb_conversions>
		<revenue>0</revenue>
		<sum_daily_nb_uniq_visitors>2</sum_daily_nb_uniq_visitors>
		<segment>regionCode==OCC;countryCode==fr</segment>
		<region>OCC</region>
		<country>fr</country>
		<country_name>France</country_name>
		<region_name>Occitanie</region_name>
		<logo>plugins/Morpheus/icons/dist/flags/fr.png</logo>
	</row>
	<row>
		<label>Nouvelle-Aquitaine, France</label>
		<nb_visits>1</nb_visits>
		<nb_actions>2</nb_actions>
		<sum_visit_length>14</sum_visit_length>
		<bounce_count>0</bounce_count>
		<nb_visits_converted>0</nb_visits_converted>
		<nb_conversions>0</nb_conversions>
		<revenue>0.0</revenue>
		<sum_daily_nb_uniq_visitors>1</sum_daily_nb_uniq_visitors>
		<segment>regionCode==NAQ;countryCode==fr</segment>
		<region>NAQ</region>
		<country>fr</country>
		<country_name>France</country_name>
		<region_name>Nouvelle-Aquitaine</region_name>
		<logo>plugins/Morpheus/icons/dist/flags/fr.png</logo>
	</row>
	<row>
		<label>Quebec, Canada</label>
		<nb_visits>1</nb_visits>
		<nb_actions>1</nb_actions>
		<sum_visit_length>0</sum_visit_length>
		<bounce_count>1</bounce_count>
		<nb_visits_converted>0</nb_visits_converted>
		<nb_conversions>0</nb_conversions>
		<revenue>0.0</revenue>
		<sum_daily_nb_uniq_visitors>1</sum_daily_nb_uniq_visitors>
		<segment>regionCode==QC;countryCode==ca</segment>
		<region>QC</region>
		<country>ca</country>
		<country_name>Canada</country_name>
		<region_name>Quebec</region_name>
		<logo>plugins/Morpheus/icons/dist/flags/ca.png</logo>
	</row>
	<row>
		<label>South Carolina, United States</label>
		<nb_visits>1</nb_visits>
		<nb_actions>2</nb_actions>
		<sum_visit_length>44</sum_visit_length>
		<bounce_count>0</bounce_count>
		<nb_visits_converted>0</nb_visits_converted>
		<nb_conversions>0</nb_conversions>
		<revenue>0.0</revenue>
		<sum_daily_nb_uniq_visitors>1</sum_daily_nb_uniq_visitors>
		<segment>regionCode==SC;countryCode==us</segment>
		<region>SC</region>
		<country>us</country>
		<country_name>United States</country_name>
		<region_name>South Carolina</region_name>
		<logo>plugins/Morpheus/icons/dist/flags/us.png</logo>
	</row>
	<row>
		<label>Telšių Apskritis, Lithuania</label>
		<nb_visits>1</nb_visits>
		<nb_actions>1</nb_actions>
		<sum_visit_length>0</sum_visit_length>
		<bounce_count>1</bounce_count>
		<nb_visits_converted>0</nb_visits_converted>
		<nb_conversions>0</nb_conversions>
		<revenue>0.0</revenue>
		<sum_daily_nb_uniq_visitors>1</sum_daily_nb_uniq_visitors>
		<segment>regionCode==TE;countryCode==lt</segment>
		<region>TE</region>
		<country>lt</country>
		<country_name>Lithuania</country_name>
		<region_name>Telšių Apskritis</region_name>
		<logo>plugins/Morpheus/icons/dist/flags/lt.png</logo>
	</row>
	<row>
		<label>Unknown, Côte d’Ivoire</label>
		<nb_visits>1</nb_visits>
		<nb_actions>2</nb_actions>
		<sum_visit_length>1726</sum_visit_length>
		<bounce_count>0</bounce_count>
		<nb_visits_converted>1</nb_visits_converted>
		<nb_conversions>1</nb_conversions>
		<revenue>0.0</revenue>
		<sum_daily_nb_uniq_visitors>1</sum_daily_nb_uniq_visitors>
		<segment>regionCode==;countryCode==ci</segment>
		<region>xx</region>
		<country>ci</country>
		<country_name>Côte d’Ivoire</country_name>
		<region_name>Unknown</region_name>
		<logo>plugins/Morpheus/icons/dist/flags/ci.png</logo>
	</row>
	<row>
		<label>Unknown, Greece</label>
		<nb_visits>1</nb_visits>
		<nb_actions>1</nb_actions>
		<sum_visit_length>0</sum_visit_length>
		<bounce_count>1</bounce_count>
		<nb_visits_converted>0</nb_visits_converted>
		<nb_conversions>0</nb_conversions>
		<revenue>0.0</revenue>
		<sum_daily_nb_uniq_visitors>1</sum_daily_nb_uniq_visitors>
		<segment>regionCode==;countryCode==gr</segment>
		<region>xx</region>
		<country>gr</country>
		<country_name>Greece</country_name>
		<region_name>Unknown</region_name>
		<logo>plugins/Morpheus/icons/dist/flags/gr.png</logo>
	</row>
	<row>
		<label>Unknown, Hong Kong SAR China</label>
		<nb_visits>1</nb_visits>
		<nb_actions>1</nb_actions>
		<sum_visit_length>0</sum_visit_length>
		<bounce_count>1</bounce_count>
		<nb_visits_converted>0</nb_visits_converted>
		<nb_conversions>0</nb_conversions>
		<revenue>0.0</revenue>
		<sum_daily_nb_uniq_visitors>1</sum_daily_nb_uniq_visitors>
		<segment>regionCode==;countryCode==hk</segment>
		<region>xx</region>
		<country>hk</country>
		<country_name>Hong Kong SAR China</country_name>
		<region_name>Unknown</region_name>
		<logo>plugins/Morpheus/icons/dist/flags/hk.png</logo>
	</row>
	<row>
		<label>Unknown, Switzerland</label>
		<nb_visits>1</nb_visits>
		<nb_actions>1</nb_actions>
		<sum_visit_length>0</sum_visit_length>
		<bounce_count>1</bounce_count>
		<nb_visits_converted>0</nb_visits_converted>
		<nb_conversions>0</nb_conversions>
		<revenue>0.0</revenue>
		<sum_daily_nb_uniq_visitors>1</sum_daily_nb_uniq_visitors>
		<segment>regionCode==;countryCode==ch</segment>
		<region>xx</region>
		<country>ch</country>
		<country_name>Switzerland</country_name>
		<region_name>Unknown</region_name>
		<logo>plugins/Morpheus/icons/dist/flags/ch.png</logo>
	</row>
	<row>
		<label>Unknown, United States</label>
		<nb_visits>1</nb_visits>
		<nb_actions>1</nb_actions>
		<sum_visit_length>0</sum_visit_length>
		<bounce_count>1</bounce_count>
		<nb_visits_converted>0</nb_visits_converted>
		<nb_conversions>0</nb_conversions>
		<revenue>0.0</revenue>
		<sum_daily_nb_uniq_visitors>1</sum_daily_nb_uniq_visitors>
		<segment>regionCode==;countryCode==us</segment>
		<region>xx</region>
		<country>us</country>
		<country_name>United States</country_name>
		<region_name>Unknown</region_name>
		<logo>plugins/Morpheus/icons/dist/flags/us.png</logo>
	</row>
	<row>
		<label>Vaud, Switzerland</label>
		<nb_visits>1</nb_visits>
		<nb_actions>1</nb_actions>
		<sum_visit_length>0</sum_visit_length>
		<bounce_count>1</bounce_count>
		<nb_visits_converted>0</nb_visits_converted>
		<nb_conversions>0</nb_conversions>
		<revenue>0.0</revenue>
		<sum_daily_nb_uniq_visitors>1</sum_daily_nb_uniq_visitors>
		<segment>regionCode==VD;countryCode==ch</segment>
		<region>VD</region>
		<country>ch</country>
		<country_name>Switzerland</country_name>
		<region_name>Vaud</region_name>
		<logo>plugins/Morpheus/icons/dist/flags/ch.png</logo>
	</row>
</result>