<?xml version="1.0" encoding="utf-8" ?>
<result>
	<row>
		<label>Social Networks</label>
		<nb_visits>90</nb_visits>
		<nb_actions>317</nb_actions>
		<sum_visit_length>4442</sum_visit_length>
		<bounce_count>27</bounce_count>
		<nb_visits_converted>17</nb_visits_converted>
		<nb_conversions>42</nb_conversions>
		<revenue>235166</revenue>
		<goals>
			<row idgoal='1'>
				<nb_conversions>11</nb_conversions>
				<revenue>0</revenue>
				<nb_visits_converted>8</nb_visits_converted>
			</row>
			<row idgoal='2'>
				<nb_conversions>8</nb_conversions>
				<revenue>0</revenue>
				<nb_visits_converted>7</nb_visits_converted>
			</row>
			<row idgoal='3'>
				<nb_conversions>1</nb_conversions>
				<revenue>0</revenue>
				<nb_visits_converted>0</nb_visits_converted>
			</row>
			<row idgoal='4'>
				<nb_conversions>0</nb_conversions>
				<revenue>0</revenue>
				<nb_visits_converted>0</nb_visits_converted>
			</row>
			<row idgoal='5'>
				<nb_conversions>0</nb_conversions>
				<revenue>0</revenue>
				<nb_visits_converted>0</nb_visits_converted>
			</row>
			<row idgoal='ecommerceOrder'>
				<nb_conversions>22</nb_conversions>
				<revenue>235166</revenue>
				<items>171</items>
			</row>
		</goals>
		<sum_daily_nb_uniq_visitors>71</sum_daily_nb_uniq_visitors>
		<segment>referrerType==social</segment>
		<subtable>
			<row>
				<label>Facebook</label>
				<nb_visits>20</nb_visits>
				<nb_actions>24</nb_actions>
				<sum_visit_length>1876</sum_visit_length>
				<bounce_count>17</bounce_count>
				<nb_visits_converted>0</nb_visits_converted>
				<nb_conversions>1</nb_conversions>
				<revenue>0</revenue>
				<goals>
					<row idgoal='1'>
						<nb_conversions>0</nb_conversions>
						<revenue>0</revenue>
						<nb_visits_converted>0</nb_visits_converted>
					</row>
					<row idgoal='2'>
						<nb_conversions>0</nb_conversions>
						<revenue>0</revenue>
						<nb_visits_converted>0</nb_visits_converted>
					</row>
					<row idgoal='3'>
						<nb_conversions>1</nb_conversions>
						<revenue>0</revenue>
						<nb_visits_converted>0</nb_visits_converted>
					</row>
					<row idgoal='4'>
						<nb_conversions>0</nb_conversions>
						<revenue>0</revenue>
						<nb_visits_converted>0</nb_visits_converted>
					</row>
					<row idgoal='5'>
						<nb_conversions>0</nb_conversions>
						<revenue>0</revenue>
						<nb_visits_converted>0</nb_visits_converted>
					</row>
					<row idgoal='ecommerceOrder'>
						<nb_conversions>0</nb_conversions>
						<revenue>0</revenue>
						<items>0</items>
					</row>
				</goals>
				<sum_daily_nb_uniq_visitors>19</sum_daily_nb_uniq_visitors>
				<url>facebook.com</url>
				<logo>plugins/Morpheus/icons/dist/socials/facebook.com.png</logo>
			</row>
			<row>
				<label>reddit</label>
				<nb_visits>70</nb_visits>
				<nb_actions>293</nb_actions>
				<sum_visit_length>2566</sum_visit_length>
				<bounce_count>10</bounce_count>
				<nb_visits_converted>17</nb_visits_converted>
				<nb_conversions>41</nb_conversions>
				<revenue>235166</revenue>
				<goals>
					<row idgoal='1'>
						<nb_conversions>11</nb_conversions>
						<revenue>0</revenue>
						<nb_visits_converted>8</nb_visits_converted>
					</row>
					<row idgoal='2'>
						<nb_conversions>8</nb_conversions>
						<revenue>0</revenue>
						<nb_visits_converted>7</nb_visits_converted>
					</row>
					<row idgoal='3'>
						<nb_conversions>0</nb_conversions>
						<revenue>0</revenue>
						<nb_visits_converted>0</nb_visits_converted>
					</row>
					<row idgoal='4'>
						<nb_conversions>0</nb_conversions>
						<revenue>0</revenue>
						<nb_visits_converted>0</nb_visits_converted>
					</row>
					<row idgoal='5'>
						<nb_conversions>0</nb_conversions>
						<revenue>0</revenue>
						<nb_visits_converted>0</nb_visits_converted>
					</row>
					<row idgoal='ecommerceOrder'>
						<nb_conversions>22</nb_conversions>
						<revenue>235166</revenue>
						<items>171</items>
					</row>
				</goals>
				<sum_daily_nb_uniq_visitors>52</sum_daily_nb_uniq_visitors>
				<url>reddit.com</url>
				<logo>plugins/Morpheus/icons/dist/socials/reddit.com.png</logo>
			</row>
		</subtable>
	</row>
	<row>
		<label>Direct Entry</label>
		<nb_visits>35</nb_visits>
		<nb_actions>59</nb_actions>
		<sum_visit_length>1769</sum_visit_length>
		<bounce_count>17</bounce_count>
		<nb_visits_converted>3</nb_visits_converted>
		<nb_conversions>5</nb_conversions>
		<revenue>4786</revenue>
		<goals>
			<row idgoal='1'>
				<nb_conversions>1</nb_conversions>
				<revenue>0</revenue>
				<nb_visits_converted>1</nb_visits_converted>
			</row>
			<row idgoal='2'>
				<nb_conversions>2</nb_conversions>
				<revenue>0</revenue>
				<nb_visits_converted>2</nb_visits_converted>
			</row>
			<row idgoal='3'>
				<nb_conversions>1</nb_conversions>
				<revenue>0</revenue>
				<nb_visits_converted>0</nb_visits_converted>
			</row>
			<row idgoal='4'>
				<nb_conversions>0</nb_conversions>
				<revenue>0</revenue>
				<nb_visits_converted>0</nb_visits_converted>
			</row>
			<row idgoal='5'>
				<nb_conversions>0</nb_conversions>
				<revenue>0</revenue>
				<nb_visits_converted>0</nb_visits_converted>
			</row>
			<row idgoal='ecommerceOrder'>
				<nb_conversions>1</nb_conversions>
				<revenue>4786</revenue>
				<items>0</items>
			</row>
		</goals>
		<sum_daily_nb_uniq_visitors>34</sum_daily_nb_uniq_visitors>
		<segment>referrerType==direct</segment>
	</row>
	<row>
		<label>Search Engines</label>
		<nb_visits>28</nb_visits>
		<nb_actions>39</nb_actions>
		<sum_visit_length>5564</sum_visit_length>
		<bounce_count>19</bounce_count>
		<nb_visits_converted>1</nb_visits_converted>
		<nb_conversions>3</nb_conversions>
		<revenue>0</revenue>
		<goals>
			<row idgoal='1'>
				<nb_conversions>0</nb_conversions>
				<revenue>0</revenue>
				<nb_visits_converted>0</nb_visits_converted>
			</row>
			<row idgoal='2'>
				<nb_conversions>0</nb_conversions>
				<revenue>0</revenue>
				<nb_visits_converted>0</nb_visits_converted>
			</row>
			<row idgoal='3'>
				<nb_conversions>3</nb_conversions>
				<revenue>0</revenue>
				<nb_visits_converted>1</nb_visits_converted>
			</row>
			<row idgoal='4'>
				<nb_conversions>0</nb_conversions>
				<revenue>0</revenue>
				<nb_visits_converted>0</nb_visits_converted>
			</row>
			<row idgoal='5'>
				<nb_conversions>0</nb_conversions>
				<revenue>0</revenue>
				<nb_visits_converted>0</nb_visits_converted>
			</row>
			<row idgoal='ecommerceOrder'>
				<nb_conversions>0</nb_conversions>
				<revenue>0</revenue>
				<items>0</items>
			</row>
		</goals>
		<sum_daily_nb_uniq_visitors>28</sum_daily_nb_uniq_visitors>
		<segment>referrerType==search</segment>
		<subtable>
			<row>
				<label>(not provided)</label>
				<nb_visits>28</nb_visits>
				<nb_actions>39</nb_actions>
				<sum_visit_length>5564</sum_visit_length>
				<bounce_count>19</bounce_count>
				<nb_visits_converted>1</nb_visits_converted>
				<nb_conversions>3</nb_conversions>
				<revenue>0</revenue>
				<goals>
					<row idgoal='1'>
						<nb_conversions>0</nb_conversions>
						<revenue>0</revenue>
						<nb_visits_converted>0</nb_visits_converted>
					</row>
					<row idgoal='2'>
						<nb_conversions>0</nb_conversions>
						<revenue>0</revenue>
						<nb_visits_converted>0</nb_visits_converted>
					</row>
					<row idgoal='3'>
						<nb_conversions>3</nb_conversions>
						<revenue>0</revenue>
						<nb_visits_converted>1</nb_visits_converted>
					</row>
					<row idgoal='4'>
						<nb_conversions>0</nb_conversions>
						<revenue>0</revenue>
						<nb_visits_converted>0</nb_visits_converted>
					</row>
					<row idgoal='5'>
						<nb_conversions>0</nb_conversions>
						<revenue>0</revenue>
						<nb_visits_converted>0</nb_visits_converted>
					</row>
					<row idgoal='ecommerceOrder'>
						<nb_conversions>0</nb_conversions>
						<revenue>0</revenue>
						<items>0</items>
					</row>
				</goals>
				<sum_daily_nb_uniq_visitors>28</sum_daily_nb_uniq_visitors>
			</row>
		</subtable>
	</row>
	<row>
		<label>Websites</label>
		<nb_visits>11</nb_visits>
		<nb_actions>44</nb_actions>
		<sum_visit_length>255</sum_visit_length>
		<bounce_count>0</bounce_count>
		<nb_visits_converted>2</nb_visits_converted>
		<nb_conversions>6</nb_conversions>
		<revenue>54631</revenue>
		<goals>
			<row idgoal='1'>
				<nb_conversions>1</nb_conversions>
				<revenue>0</revenue>
				<nb_visits_converted>1</nb_visits_converted>
			</row>
			<row idgoal='2'>
				<nb_conversions>1</nb_conversions>
				<revenue>0</revenue>
				<nb_visits_converted>1</nb_visits_converted>
			</row>
			<row idgoal='3'>
				<nb_conversions>0</nb_conversions>
				<revenue>0</revenue>
				<nb_visits_converted>0</nb_visits_converted>
			</row>
			<row idgoal='4'>
				<nb_conversions>0</nb_conversions>
				<revenue>0</revenue>
				<nb_visits_converted>0</nb_visits_converted>
			</row>
			<row idgoal='5'>
				<nb_conversions>0</nb_conversions>
				<revenue>0</revenue>
				<nb_visits_converted>0</nb_visits_converted>
			</row>
			<row idgoal='ecommerceOrder'>
				<nb_conversions>4</nb_conversions>
				<revenue>54631</revenue>
				<items>35</items>
			</row>
		</goals>
		<sum_daily_nb_uniq_visitors>8</sum_daily_nb_uniq_visitors>
		<segment>referrerType==website</segment>
		<subtable>
			<row>
				<label>oahuscubadiving.com</label>
				<nb_visits>10</nb_visits>
				<nb_actions>42</nb_actions>
				<sum_visit_length>241</sum_visit_length>
				<bounce_count>0</bounce_count>
				<nb_visits_converted>2</nb_visits_converted>
				<nb_conversions>6</nb_conversions>
				<revenue>54631</revenue>
				<goals>
					<row idgoal='1'>
						<nb_conversions>1</nb_conversions>
						<revenue>0</revenue>
						<nb_visits_converted>1</nb_visits_converted>
					</row>
					<row idgoal='2'>
						<nb_conversions>1</nb_conversions>
						<revenue>0</revenue>
						<nb_visits_converted>1</nb_visits_converted>
					</row>
					<row idgoal='3'>
						<nb_conversions>0</nb_conversions>
						<revenue>0</revenue>
						<nb_visits_converted>0</nb_visits_converted>
					</row>
					<row idgoal='4'>
						<nb_conversions>0</nb_conversions>
						<revenue>0</revenue>
						<nb_visits_converted>0</nb_visits_converted>
					</row>
					<row idgoal='5'>
						<nb_conversions>0</nb_conversions>
						<revenue>0</revenue>
						<nb_visits_converted>0</nb_visits_converted>
					</row>
					<row idgoal='ecommerceOrder'>
						<nb_conversions>4</nb_conversions>
						<revenue>54631</revenue>
						<items>35</items>
					</row>
				</goals>
				<sum_daily_nb_uniq_visitors>7</sum_daily_nb_uniq_visitors>
			</row>
			<row>
				<label>qwant.com</label>
				<nb_visits>1</nb_visits>
				<nb_actions>2</nb_actions>
				<sum_visit_length>14</sum_visit_length>
				<bounce_count>0</bounce_count>
				<nb_visits_converted>0</nb_visits_converted>
				<nb_conversions>0</nb_conversions>
				<revenue>0.0</revenue>
				<goals>
					<row idgoal='1'>
						<nb_conversions>0</nb_conversions>
						<revenue>0</revenue>
						<nb_visits_converted>0</nb_visits_converted>
					</row>
					<row idgoal='2'>
						<nb_conversions>0</nb_conversions>
						<revenue>0</revenue>
						<nb_visits_converted>0</nb_visits_converted>
					</row>
					<row idgoal='3'>
						<nb_conversions>0</nb_conversions>
						<revenue>0</revenue>
						<nb_visits_converted>0</nb_visits_converted>
					</row>
					<row idgoal='4'>
						<nb_conversions>0</nb_conversions>
						<revenue>0</revenue>
						<nb_visits_converted>0</nb_visits_converted>
					</row>
					<row idgoal='5'>
						<nb_conversions>0</nb_conversions>
						<revenue>0</revenue>
						<nb_visits_converted>0</nb_visits_converted>
					</row>
					<row idgoal='ecommerceOrder'>
						<nb_conversions>0</nb_conversions>
						<revenue>0</revenue>
						<items>0</items>
					</row>
				</goals>
				<sum_daily_nb_uniq_visitors>1</sum_daily_nb_uniq_visitors>
			</row>
		</subtable>
	</row>
</result>