<?xml version="1.0" encoding="utf-8" ?>
<result>
	<row>
		<label>matthieu.net</label>
		<nb_visits>29</nb_visits>
		<nb_hits>37</nb_hits>
		<sum_time_spent>0</sum_time_spent>
		<exit_nb_visits>29</exit_nb_visits>
		<entry_nb_visits>29</entry_nb_visits>
		<entry_nb_actions>37</entry_nb_actions>
		<entry_sum_visit_length>367</entry_sum_visit_length>
		<entry_bounce_count>23</entry_bounce_count>
		<avg_bandwidth>0</avg_bandwidth>
		<avg_time_on_page>0</avg_time_on_page>
		<bounce_rate>79%</bounce_rate>
		<exit_rate>100%</exit_rate>
		<segment>pageUrl=^matthieu.net</segment>
		<subtable>
			<row>
				<label>blog</label>
				<nb_visits>29</nb_visits>
				<nb_hits>37</nb_hits>
				<sum_time_spent>0</sum_time_spent>
				<exit_nb_visits>29</exit_nb_visits>
				<entry_nb_visits>29</entry_nb_visits>
				<entry_nb_actions>37</entry_nb_actions>
				<entry_sum_visit_length>367</entry_sum_visit_length>
				<entry_bounce_count>23</entry_bounce_count>
				<avg_time_on_page>0</avg_time_on_page>
				<bounce_rate>79%</bounce_rate>
				<exit_rate>100%</exit_rate>
				<segment>pageUrl=^matthieu.net%252Fblog</segment>
				<subtable>
					<row>
						<label>itineraire-dun-voyage-en-indonesie</label>
						<nb_visits>4</nb_visits>
						<nb_hits>4</nb_hits>
						<sum_time_spent>0</sum_time_spent>
						<entry_nb_visits>4</entry_nb_visits>
						<entry_nb_actions>7</entry_nb_actions>
						<entry_sum_visit_length>185</entry_sum_visit_length>
						<entry_bounce_count>2</entry_bounce_count>
						<exit_nb_visits>2</exit_nb_visits>
						<avg_time_on_page>0</avg_time_on_page>
						<bounce_rate>50%</bounce_rate>
						<exit_rate>50%</exit_rate>
						<segment>pageUrl=^matthieu.net%252Fblog%252Fitineraire-dun-voyage-en-indonesie</segment>
						<subtable>
							<row>
								<label>/index</label>
								<nb_visits>4</nb_visits>
								<nb_uniq_visitors>4</nb_uniq_visitors>
								<nb_hits>4</nb_hits>
								<sum_time_spent>0</sum_time_spent>
								<entry_nb_uniq_visitors>4</entry_nb_uniq_visitors>
								<entry_nb_visits>4</entry_nb_visits>
								<entry_nb_actions>7</entry_nb_actions>
								<entry_sum_visit_length>185.0</entry_sum_visit_length>
								<entry_bounce_count>2</entry_bounce_count>
								<exit_nb_uniq_visitors>2</exit_nb_uniq_visitors>
								<exit_nb_visits>2</exit_nb_visits>
								<avg_time_on_page>0</avg_time_on_page>
								<bounce_rate>50%</bounce_rate>
								<exit_rate>50%</exit_rate>
								<url>http://matthieu.net/blog/itineraire-dun-voyage-en-indonesie/</url>
								<segment>pageUrl==http%3A%2F%2Fmatthieu.net%2Fblog%2Fitineraire-dun-voyage-en-indonesie%2F</segment>
							</row>
						</subtable>
					</row>
					<row>
						<label>avis-de-mickael-sur-la-vie-a-chennai-en-inde</label>
						<nb_visits>3</nb_visits>
						<nb_hits>3</nb_hits>
						<sum_time_spent>0</sum_time_spent>
						<entry_nb_visits>3</entry_nb_visits>
						<entry_nb_actions>4</entry_nb_actions>
						<entry_sum_visit_length>20</entry_sum_visit_length>
						<entry_bounce_count>2</entry_bounce_count>
						<exit_nb_visits>2</exit_nb_visits>
						<avg_time_on_page>0</avg_time_on_page>
						<bounce_rate>67%</bounce_rate>
						<exit_rate>67%</exit_rate>
						<segment>pageUrl=^matthieu.net%252Fblog%252Favis-de-mickael-sur-la-vie-a-chennai-en-inde</segment>
						<subtable>
							<row>
								<label>/index</label>
								<nb_visits>3</nb_visits>
								<nb_uniq_visitors>3</nb_uniq_visitors>
								<nb_hits>3</nb_hits>
								<sum_time_spent>0</sum_time_spent>
								<entry_nb_uniq_visitors>3</entry_nb_uniq_visitors>
								<entry_nb_visits>3</entry_nb_visits>
								<entry_nb_actions>4</entry_nb_actions>
								<entry_sum_visit_length>20.0</entry_sum_visit_length>
								<entry_bounce_count>2</entry_bounce_count>
								<exit_nb_uniq_visitors>2</exit_nb_uniq_visitors>
								<exit_nb_visits>2</exit_nb_visits>
								<avg_time_on_page>0</avg_time_on_page>
								<bounce_rate>67%</bounce_rate>
								<exit_rate>67%</exit_rate>
								<url>http://matthieu.net/blog/avis-de-mickael-sur-la-vie-a-chennai-en-inde/</url>
								<segment>pageUrl==http%3A%2F%2Fmatthieu.net%2Fblog%2Favis-de-mickael-sur-la-vie-a-chennai-en-inde%2F</segment>
							</row>
						</subtable>
					</row>
					<row>
						<label>cout-de-la-vie-en-inde</label>
						<nb_visits>3</nb_visits>
						<nb_hits>3</nb_hits>
						<sum_time_spent>0</sum_time_spent>
						<entry_nb_visits>3</entry_nb_visits>
						<entry_nb_actions>3</entry_nb_actions>
						<entry_sum_visit_length>0</entry_sum_visit_length>
						<entry_bounce_count>3</entry_bounce_count>
						<exit_nb_visits>3</exit_nb_visits>
						<avg_time_on_page>0</avg_time_on_page>
						<bounce_rate>100%</bounce_rate>
						<exit_rate>100%</exit_rate>
						<segment>pageUrl=^matthieu.net%252Fblog%252Fcout-de-la-vie-en-inde</segment>
						<subtable>
							<row>
								<label>/index</label>
								<nb_visits>3</nb_visits>
								<nb_uniq_visitors>3</nb_uniq_visitors>
								<nb_hits>3</nb_hits>
								<sum_time_spent>0</sum_time_spent>
								<entry_nb_uniq_visitors>3</entry_nb_uniq_visitors>
								<entry_nb_visits>3</entry_nb_visits>
								<entry_nb_actions>3</entry_nb_actions>
								<entry_sum_visit_length>0.0</entry_sum_visit_length>
								<entry_bounce_count>3</entry_bounce_count>
								<exit_nb_uniq_visitors>3</exit_nb_uniq_visitors>
								<exit_nb_visits>3</exit_nb_visits>
								<avg_time_on_page>0</avg_time_on_page>
								<bounce_rate>100%</bounce_rate>
								<exit_rate>100%</exit_rate>
								<url>http://matthieu.net/blog/cout-de-la-vie-en-inde/</url>
								<segment>pageUrl==http%3A%2F%2Fmatthieu.net%2Fblog%2Fcout-de-la-vie-en-inde%2F</segment>
							</row>
						</subtable>
					</row>
					<row>
						<label>top-10-des-plus-belles-plongees-sous-marine-dans-le-monde</label>
						<nb_visits>3</nb_visits>
						<nb_hits>4</nb_hits>
						<sum_time_spent>0</sum_time_spent>
						<entry_nb_visits>3</entry_nb_visits>
						<entry_nb_actions>3</entry_nb_actions>
						<entry_sum_visit_length>0</entry_sum_visit_length>
						<entry_bounce_count>3</entry_bounce_count>
						<exit_nb_visits>3</exit_nb_visits>
						<avg_time_on_page>0</avg_time_on_page>
						<bounce_rate>100%</bounce_rate>
						<exit_rate>100%</exit_rate>
						<segment>pageUrl=^matthieu.net%252Fblog%252Ftop-10-des-plus-belles-plongees-sous-marine-dans-le-monde</segment>
						<subtable>
							<row>
								<label>/index</label>
								<nb_visits>3</nb_visits>
								<nb_uniq_visitors>4</nb_uniq_visitors>
								<nb_hits>4</nb_hits>
								<sum_time_spent>0</sum_time_spent>
								<entry_nb_uniq_visitors>3</entry_nb_uniq_visitors>
								<entry_nb_visits>3</entry_nb_visits>
								<entry_nb_actions>3</entry_nb_actions>
								<entry_sum_visit_length>0.0</entry_sum_visit_length>
								<entry_bounce_count>3</entry_bounce_count>
								<exit_nb_uniq_visitors>3</exit_nb_uniq_visitors>
								<exit_nb_visits>3</exit_nb_visits>
								<avg_time_on_page>0</avg_time_on_page>
								<bounce_rate>100%</bounce_rate>
								<exit_rate>100%</exit_rate>
								<url>http://matthieu.net/blog/top-10-des-plus-belles-plongees-sous-marine-dans-le-monde/</url>
								<segment>pageUrl==http%3A%2F%2Fmatthieu.net%2Fblog%2Ftop-10-des-plus-belles-plongees-sous-marine-dans-le-monde%2F</segment>
							</row>
						</subtable>
					</row>
					<row>
						<label>category</label>
						<nb_visits>2</nb_visits>
						<nb_hits>3</nb_hits>
						<sum_time_spent>0</sum_time_spent>
						<entry_nb_visits>2</entry_nb_visits>
						<entry_nb_actions>3</entry_nb_actions>
						<entry_sum_visit_length>45</entry_sum_visit_length>
						<entry_bounce_count>1</entry_bounce_count>
						<exit_nb_visits>1</exit_nb_visits>
						<avg_time_on_page>0</avg_time_on_page>
						<bounce_rate>50%</bounce_rate>
						<exit_rate>50%</exit_rate>
						<segment>pageUrl=^matthieu.net%252Fblog%252Fcategory</segment>
						<subtable>
							<row>
								<label>edinburgh</label>
								<nb_visits>1</nb_visits>
								<nb_hits>1</nb_hits>
								<sum_time_spent>0</sum_time_spent>
								<entry_nb_visits>1</entry_nb_visits>
								<entry_nb_actions>2</entry_nb_actions>
								<entry_sum_visit_length>45</entry_sum_visit_length>
								<entry_bounce_count>0</entry_bounce_count>
								<avg_time_on_page>0</avg_time_on_page>
								<bounce_rate>0%</bounce_rate>
								<exit_rate>0%</exit_rate>
								<segment>pageUrl=^matthieu.net%252Fblog%252Fcategory%252Fedinburgh</segment>
								<subtable>
									<row>
										<label>/index</label>
										<nb_visits>1</nb_visits>
										<nb_uniq_visitors>1</nb_uniq_visitors>
										<nb_hits>1</nb_hits>
										<sum_time_spent>0</sum_time_spent>
										<entry_nb_uniq_visitors>1</entry_nb_uniq_visitors>
										<entry_nb_visits>1</entry_nb_visits>
										<entry_nb_actions>2</entry_nb_actions>
										<entry_sum_visit_length>45.0</entry_sum_visit_length>
										<entry_bounce_count>0</entry_bounce_count>
										<avg_time_on_page>0</avg_time_on_page>
										<bounce_rate>0%</bounce_rate>
										<exit_rate>0%</exit_rate>
										<url>http://matthieu.net/blog/category/edinburgh/</url>
										<segment>pageUrl==http%3A%2F%2Fmatthieu.net%2Fblog%2Fcategory%2Fedinburgh%2F</segment>
									</row>
								</subtable>
							</row>
							<row>
								<label>londres</label>
								<nb_visits>1</nb_visits>
								<nb_hits>1</nb_hits>
								<sum_time_spent>0</sum_time_spent>
								<entry_nb_visits>1</entry_nb_visits>
								<entry_nb_actions>1</entry_nb_actions>
								<entry_sum_visit_length>0</entry_sum_visit_length>
								<entry_bounce_count>1</entry_bounce_count>
								<exit_nb_visits>1</exit_nb_visits>
								<avg_time_on_page>0</avg_time_on_page>
								<bounce_rate>100%</bounce_rate>
								<exit_rate>100%</exit_rate>
								<segment>pageUrl=^matthieu.net%252Fblog%252Fcategory%252Flondres</segment>
								<subtable>
									<row>
										<label>/index</label>
										<nb_visits>1</nb_visits>
										<nb_uniq_visitors>1</nb_uniq_visitors>
										<nb_hits>1</nb_hits>
										<sum_time_spent>0</sum_time_spent>
										<entry_nb_uniq_visitors>1</entry_nb_uniq_visitors>
										<entry_nb_visits>1</entry_nb_visits>
										<entry_nb_actions>1</entry_nb_actions>
										<entry_sum_visit_length>0.0</entry_sum_visit_length>
										<entry_bounce_count>1</entry_bounce_count>
										<exit_nb_uniq_visitors>1</exit_nb_uniq_visitors>
										<exit_nb_visits>1</exit_nb_visits>
										<avg_time_on_page>0</avg_time_on_page>
										<bounce_rate>100%</bounce_rate>
										<exit_rate>100%</exit_rate>
										<url>http://matthieu.net/blog/category/londres/</url>
										<segment>pageUrl==http%3A%2F%2Fmatthieu.net%2Fblog%2Fcategory%2Flondres%2F</segment>
									</row>
								</subtable>
							</row>
							<row>
								<label>inde</label>
								<nb_visits>0</nb_visits>
								<nb_hits>1</nb_hits>
								<sum_time_spent>0</sum_time_spent>
								<avg_time_on_page>0</avg_time_on_page>
								<bounce_rate>0%</bounce_rate>
								<exit_rate>0%</exit_rate>
								<segment>pageUrl=^matthieu.net%252Fblog%252Fcategory%252Finde</segment>
								<subtable>
									<row>
										<label>/index</label>
										<nb_visits>0</nb_visits>
										<nb_uniq_visitors>1</nb_uniq_visitors>
										<nb_hits>1</nb_hits>
										<sum_time_spent>0</sum_time_spent>
										<avg_time_on_page>0</avg_time_on_page>
										<bounce_rate>0%</bounce_rate>
										<exit_rate>0%</exit_rate>
										<url>http://matthieu.net/blog/category/inde/</url>
										<segment>pageUrl==http%3A%2F%2Fmatthieu.net%2Fblog%2Fcategory%2Finde%2F</segment>
									</row>
								</subtable>
							</row>
						</subtable>
					</row>
					<row>
						<label>chateau-de-chambord-photos-de-ce-beau-chateau</label>
						<nb_visits>2</nb_visits>
						<nb_hits>2</nb_hits>
						<sum_time_spent>0</sum_time_spent>
						<entry_nb_visits>2</entry_nb_visits>
						<entry_nb_actions>2</entry_nb_actions>
						<entry_sum_visit_length>0</entry_sum_visit_length>
						<entry_bounce_count>2</entry_bounce_count>
						<exit_nb_visits>2</exit_nb_visits>
						<avg_time_on_page>0</avg_time_on_page>
						<bounce_rate>100%</bounce_rate>
						<exit_rate>100%</exit_rate>
						<segment>pageUrl=^matthieu.net%252Fblog%252Fchateau-de-chambord-photos-de-ce-beau-chateau</segment>
						<subtable>
							<row>
								<label>/index</label>
								<nb_visits>2</nb_visits>
								<nb_uniq_visitors>2</nb_uniq_visitors>
								<nb_hits>2</nb_hits>
								<sum_time_spent>0</sum_time_spent>
								<entry_nb_uniq_visitors>2</entry_nb_uniq_visitors>
								<entry_nb_visits>2</entry_nb_visits>
								<entry_nb_actions>2</entry_nb_actions>
								<entry_sum_visit_length>0.0</entry_sum_visit_length>
								<entry_bounce_count>2</entry_bounce_count>
								<exit_nb_uniq_visitors>2</exit_nb_uniq_visitors>
								<exit_nb_visits>2</exit_nb_visits>
								<avg_time_on_page>0</avg_time_on_page>
								<bounce_rate>100%</bounce_rate>
								<exit_rate>100%</exit_rate>
								<url>http://matthieu.net/blog/chateau-de-chambord-photos-de-ce-beau-chateau/</url>
								<segment>pageUrl==http%3A%2F%2Fmatthieu.net%2Fblog%2Fchateau-de-chambord-photos-de-ce-beau-chateau%2F</segment>
							</row>
						</subtable>
					</row>
					<row>
						<label>accouplement-de-singes</label>
						<nb_visits>1</nb_visits>
						<nb_hits>1</nb_hits>
						<sum_time_spent>0</sum_time_spent>
						<entry_nb_visits>1</entry_nb_visits>
						<entry_nb_actions>1</entry_nb_actions>
						<entry_sum_visit_length>0</entry_sum_visit_length>
						<entry_bounce_count>1</entry_bounce_count>
						<exit_nb_visits>1</exit_nb_visits>
						<avg_time_on_page>0</avg_time_on_page>
						<bounce_rate>100%</bounce_rate>
						<exit_rate>100%</exit_rate>
						<segment>pageUrl=^matthieu.net%252Fblog%252Faccouplement-de-singes</segment>
						<subtable>
							<row>
								<label>/index</label>
								<nb_visits>1</nb_visits>
								<nb_uniq_visitors>1</nb_uniq_visitors>
								<nb_hits>1</nb_hits>
								<sum_time_spent>0</sum_time_spent>
								<entry_nb_uniq_visitors>1</entry_nb_uniq_visitors>
								<entry_nb_visits>1</entry_nb_visits>
								<entry_nb_actions>1</entry_nb_actions>
								<entry_sum_visit_length>0.0</entry_sum_visit_length>
								<entry_bounce_count>1</entry_bounce_count>
								<exit_nb_uniq_visitors>1</exit_nb_uniq_visitors>
								<exit_nb_visits>1</exit_nb_visits>
								<avg_time_on_page>0</avg_time_on_page>
								<bounce_rate>100%</bounce_rate>
								<exit_rate>100%</exit_rate>
								<url>http://matthieu.net/blog/accouplement-de-singes/</url>
								<segment>pageUrl==http%3A%2F%2Fmatthieu.net%2Fblog%2Faccouplement-de-singes%2F</segment>
							</row>
						</subtable>
					</row>
					<row>
						<label>le-haka-danse-maori-nouvelle-zelande</label>
						<nb_visits>1</nb_visits>
						<nb_hits>1</nb_hits>
						<sum_time_spent>0</sum_time_spent>
						<entry_nb_visits>1</entry_nb_visits>
						<entry_nb_actions>1</entry_nb_actions>
						<entry_sum_visit_length>0</entry_sum_visit_length>
						<entry_bounce_count>1</entry_bounce_count>
						<exit_nb_visits>1</exit_nb_visits>
						<avg_time_on_page>0</avg_time_on_page>
						<bounce_rate>100%</bounce_rate>
						<exit_rate>100%</exit_rate>
						<segment>pageUrl=^matthieu.net%252Fblog%252Fle-haka-danse-maori-nouvelle-zelande</segment>
						<subtable>
							<row>
								<label>/index</label>
								<nb_visits>1</nb_visits>
								<nb_uniq_visitors>1</nb_uniq_visitors>
								<nb_hits>1</nb_hits>
								<sum_time_spent>0</sum_time_spent>
								<entry_nb_uniq_visitors>1</entry_nb_uniq_visitors>
								<entry_nb_visits>1</entry_nb_visits>
								<entry_nb_actions>1</entry_nb_actions>
								<entry_sum_visit_length>0.0</entry_sum_visit_length>
								<entry_bounce_count>1</entry_bounce_count>
								<exit_nb_uniq_visitors>1</exit_nb_uniq_visitors>
								<exit_nb_visits>1</exit_nb_visits>
								<avg_time_on_page>0</avg_time_on_page>
								<bounce_rate>100%</bounce_rate>
								<exit_rate>100%</exit_rate>
								<url>http://matthieu.net/blog/le-haka-danse-maori-nouvelle-zelande/</url>
								<segment>pageUrl==http%3A%2F%2Fmatthieu.net%2Fblog%2Fle-haka-danse-maori-nouvelle-zelande%2F</segment>
							</row>
						</subtable>
					</row>
					<row>
						<label>photo-filles-en-bikini</label>
						<nb_visits>1</nb_visits>
						<nb_hits>1</nb_hits>
						<sum_time_spent>0</sum_time_spent>
						<entry_nb_visits>1</entry_nb_visits>
						<entry_nb_actions>1</entry_nb_actions>
						<entry_sum_visit_length>0</entry_sum_visit_length>
						<entry_bounce_count>1</entry_bounce_count>
						<exit_nb_visits>1</exit_nb_visits>
						<avg_time_on_page>0</avg_time_on_page>
						<bounce_rate>100%</bounce_rate>
						<exit_rate>100%</exit_rate>
						<segment>pageUrl=^matthieu.net%252Fblog%252Fphoto-filles-en-bikini</segment>
						<subtable>
							<row>
								<label>/index</label>
								<nb_visits>1</nb_visits>
								<nb_uniq_visitors>1</nb_uniq_visitors>
								<nb_hits>1</nb_hits>
								<sum_time_spent>0</sum_time_spent>
								<entry_nb_uniq_visitors>1</entry_nb_uniq_visitors>
								<entry_nb_visits>1</entry_nb_visits>
								<entry_nb_actions>1</entry_nb_actions>
								<entry_sum_visit_length>0.0</entry_sum_visit_length>
								<entry_bounce_count>1</entry_bounce_count>
								<exit_nb_uniq_visitors>1</exit_nb_uniq_visitors>
								<exit_nb_visits>1</exit_nb_visits>
								<avg_time_on_page>0</avg_time_on_page>
								<bounce_rate>100%</bounce_rate>
								<exit_rate>100%</exit_rate>
								<url>http://matthieu.net/blog/photo-filles-en-bikini/</url>
								<segment>pageUrl==http%3A%2F%2Fmatthieu.net%2Fblog%2Fphoto-filles-en-bikini%2F</segment>
							</row>
						</subtable>
					</row>
					<row>
						<label>plongee-sur-une-epave-3-des-meilleurs-bateaux-a-visiter-sous-leau</label>
						<nb_visits>1</nb_visits>
						<nb_hits>1</nb_hits>
						<sum_time_spent>0</sum_time_spent>
						<entry_nb_visits>1</entry_nb_visits>
						<entry_nb_actions>1</entry_nb_actions>
						<entry_sum_visit_length>0</entry_sum_visit_length>
						<entry_bounce_count>1</entry_bounce_count>
						<exit_nb_visits>1</exit_nb_visits>
						<avg_time_on_page>0</avg_time_on_page>
						<bounce_rate>100%</bounce_rate>
						<exit_rate>100%</exit_rate>
						<segment>pageUrl=^matthieu.net%252Fblog%252Fplongee-sur-une-epave-3-des-meilleurs-bateaux-a-visiter-sous-leau</segment>
						<subtable>
							<row>
								<label>/index</label>
								<nb_visits>1</nb_visits>
								<nb_uniq_visitors>1</nb_uniq_visitors>
								<nb_hits>1</nb_hits>
								<sum_time_spent>0</sum_time_spent>
								<entry_nb_uniq_visitors>1</entry_nb_uniq_visitors>
								<entry_nb_visits>1</entry_nb_visits>
								<entry_nb_actions>1</entry_nb_actions>
								<entry_sum_visit_length>0.0</entry_sum_visit_length>
								<entry_bounce_count>1</entry_bounce_count>
								<exit_nb_uniq_visitors>1</exit_nb_uniq_visitors>
								<exit_nb_visits>1</exit_nb_visits>
								<avg_time_on_page>0</avg_time_on_page>
								<bounce_rate>100%</bounce_rate>
								<exit_rate>100%</exit_rate>
								<url>http://matthieu.net/blog/plongee-sur-une-epave-3-des-meilleurs-bateaux-a-visiter-sous-leau/</url>
								<segment>pageUrl==http%3A%2F%2Fmatthieu.net%2Fblog%2Fplongee-sur-une-epave-3-des-meilleurs-bateaux-a-visiter-sous-leau%2F</segment>
							</row>
						</subtable>
					</row>
					<row>
						<label>premier-jour-de-folie-a-munnar</label>
						<nb_visits>1</nb_visits>
						<nb_hits>1</nb_hits>
						<sum_time_spent>0</sum_time_spent>
						<entry_nb_visits>1</entry_nb_visits>
						<entry_nb_actions>1</entry_nb_actions>
						<entry_sum_visit_length>0</entry_sum_visit_length>
						<entry_bounce_count>1</entry_bounce_count>
						<exit_nb_visits>1</exit_nb_visits>
						<avg_time_on_page>0</avg_time_on_page>
						<bounce_rate>100%</bounce_rate>
						<exit_rate>100%</exit_rate>
						<segment>pageUrl=^matthieu.net%252Fblog%252Fpremier-jour-de-folie-a-munnar</segment>
						<subtable>
							<row>
								<label>/index</label>
								<nb_visits>1</nb_visits>
								<nb_uniq_visitors>1</nb_uniq_visitors>
								<nb_hits>1</nb_hits>
								<sum_time_spent>0</sum_time_spent>
								<entry_nb_uniq_visitors>1</entry_nb_uniq_visitors>
								<entry_nb_visits>1</entry_nb_visits>
								<entry_nb_actions>1</entry_nb_actions>
								<entry_sum_visit_length>0.0</entry_sum_visit_length>
								<entry_bounce_count>1</entry_bounce_count>
								<exit_nb_uniq_visitors>1</exit_nb_uniq_visitors>
								<exit_nb_visits>1</exit_nb_visits>
								<avg_time_on_page>0</avg_time_on_page>
								<bounce_rate>100%</bounce_rate>
								<exit_rate>100%</exit_rate>
								<url>http://matthieu.net/blog/premier-jour-de-folie-a-munnar/</url>
								<segment>pageUrl==http%3A%2F%2Fmatthieu.net%2Fblog%2Fpremier-jour-de-folie-a-munnar%2F</segment>
							</row>
						</subtable>
					</row>
					<row>
						<label>superbe-soiree</label>
						<nb_visits>1</nb_visits>
						<nb_hits>1</nb_hits>
						<sum_time_spent>0</sum_time_spent>
						<entry_nb_visits>1</entry_nb_visits>
						<entry_nb_actions>1</entry_nb_actions>
						<entry_sum_visit_length>0</entry_sum_visit_length>
						<entry_bounce_count>1</entry_bounce_count>
						<exit_nb_visits>1</exit_nb_visits>
						<avg_time_on_page>0</avg_time_on_page>
						<bounce_rate>100%</bounce_rate>
						<exit_rate>100%</exit_rate>
						<segment>pageUrl=^matthieu.net%252Fblog%252Fsuperbe-soiree</segment>
						<subtable>
							<row>
								<label>/index</label>
								<nb_visits>1</nb_visits>
								<nb_uniq_visitors>1</nb_uniq_visitors>
								<nb_hits>1</nb_hits>
								<sum_time_spent>0</sum_time_spent>
								<entry_nb_uniq_visitors>1</entry_nb_uniq_visitors>
								<entry_nb_visits>1</entry_nb_visits>
								<entry_nb_actions>1</entry_nb_actions>
								<entry_sum_visit_length>0.0</entry_sum_visit_length>
								<entry_bounce_count>1</entry_bounce_count>
								<exit_nb_uniq_visitors>1</exit_nb_uniq_visitors>
								<exit_nb_visits>1</exit_nb_visits>
								<avg_time_on_page>0</avg_time_on_page>
								<bounce_rate>100%</bounce_rate>
								<exit_rate>100%</exit_rate>
								<url>http://matthieu.net/blog/superbe-soiree/</url>
								<segment>pageUrl==http%3A%2F%2Fmatthieu.net%2Fblog%2Fsuperbe-soiree%2F</segment>
							</row>
						</subtable>
					</row>
					<row>
						<label>trek-madikeri-et-alentour-jour-1</label>
						<nb_visits>1</nb_visits>
						<nb_hits>1</nb_hits>
						<sum_time_spent>0</sum_time_spent>
						<entry_nb_visits>1</entry_nb_visits>
						<entry_nb_actions>1</entry_nb_actions>
						<entry_sum_visit_length>0</entry_sum_visit_length>
						<entry_bounce_count>1</entry_bounce_count>
						<exit_nb_visits>1</exit_nb_visits>
						<avg_time_on_page>0</avg_time_on_page>
						<bounce_rate>100%</bounce_rate>
						<exit_rate>100%</exit_rate>
						<segment>pageUrl=^matthieu.net%252Fblog%252Ftrek-madikeri-et-alentour-jour-1</segment>
						<subtable>
							<row>
								<label>/index</label>
								<nb_visits>1</nb_visits>
								<nb_uniq_visitors>1</nb_uniq_visitors>
								<nb_hits>1</nb_hits>
								<sum_time_spent>0</sum_time_spent>
								<entry_nb_uniq_visitors>1</entry_nb_uniq_visitors>
								<entry_nb_visits>1</entry_nb_visits>
								<entry_nb_actions>1</entry_nb_actions>
								<entry_sum_visit_length>0.0</entry_sum_visit_length>
								<entry_bounce_count>1</entry_bounce_count>
								<exit_nb_uniq_visitors>1</exit_nb_uniq_visitors>
								<exit_nb_visits>1</exit_nb_visits>
								<avg_time_on_page>0</avg_time_on_page>
								<bounce_rate>100%</bounce_rate>
								<exit_rate>100%</exit_rate>
								<url>http://matthieu.net/blog/trek-madikeri-et-alentour-jour-1/</url>
								<segment>pageUrl==http%3A%2F%2Fmatthieu.net%2Fblog%2Ftrek-madikeri-et-alentour-jour-1%2F</segment>
							</row>
						</subtable>
					</row>
					<row>
						<label>trek-waterfalls-chutes-deau-a-munnar</label>
						<nb_visits>1</nb_visits>
						<nb_hits>1</nb_hits>
						<sum_time_spent>0</sum_time_spent>
						<entry_nb_visits>1</entry_nb_visits>
						<entry_nb_actions>1</entry_nb_actions>
						<entry_sum_visit_length>0</entry_sum_visit_length>
						<entry_bounce_count>1</entry_bounce_count>
						<exit_nb_visits>1</exit_nb_visits>
						<avg_time_on_page>0</avg_time_on_page>
						<bounce_rate>100%</bounce_rate>
						<exit_rate>100%</exit_rate>
						<segment>pageUrl=^matthieu.net%252Fblog%252Ftrek-waterfalls-chutes-deau-a-munnar</segment>
						<subtable>
							<row>
								<label>/index</label>
								<nb_visits>1</nb_visits>
								<nb_uniq_visitors>1</nb_uniq_visitors>
								<nb_hits>1</nb_hits>
								<sum_time_spent>0</sum_time_spent>
								<entry_nb_uniq_visitors>1</entry_nb_uniq_visitors>
								<entry_nb_visits>1</entry_nb_visits>
								<entry_nb_actions>1</entry_nb_actions>
								<entry_sum_visit_length>0.0</entry_sum_visit_length>
								<entry_bounce_count>1</entry_bounce_count>
								<exit_nb_uniq_visitors>1</exit_nb_uniq_visitors>
								<exit_nb_visits>1</exit_nb_visits>
								<avg_time_on_page>0</avg_time_on_page>
								<bounce_rate>100%</bounce_rate>
								<exit_rate>100%</exit_rate>
								<url>http://matthieu.net/blog/trek-waterfalls-chutes-deau-a-munnar/</url>
								<segment>pageUrl==http%3A%2F%2Fmatthieu.net%2Fblog%2Ftrek-waterfalls-chutes-deau-a-munnar%2F</segment>
							</row>
						</subtable>
					</row>
					<row>
						<label>tu-me-cherches</label>
						<nb_visits>1</nb_visits>
						<nb_hits>1</nb_hits>
						<sum_time_spent>0</sum_time_spent>
						<entry_nb_visits>1</entry_nb_visits>
						<entry_nb_actions>1</entry_nb_actions>
						<entry_sum_visit_length>0</entry_sum_visit_length>
						<entry_bounce_count>1</entry_bounce_count>
						<exit_nb_visits>1</exit_nb_visits>
						<avg_time_on_page>0</avg_time_on_page>
						<bounce_rate>100%</bounce_rate>
						<exit_rate>100%</exit_rate>
						<segment>pageUrl=^matthieu.net%252Fblog%252Ftu-me-cherches</segment>
						<subtable>
							<row>
								<label>/index</label>
								<nb_visits>1</nb_visits>
								<nb_uniq_visitors>1</nb_uniq_visitors>
								<nb_hits>1</nb_hits>
								<sum_time_spent>0</sum_time_spent>
								<entry_nb_uniq_visitors>1</entry_nb_uniq_visitors>
								<entry_nb_visits>1</entry_nb_visits>
								<entry_nb_actions>1</entry_nb_actions>
								<entry_sum_visit_length>0.0</entry_sum_visit_length>
								<entry_bounce_count>1</entry_bounce_count>
								<exit_nb_uniq_visitors>1</exit_nb_uniq_visitors>
								<exit_nb_visits>1</exit_nb_visits>
								<avg_time_on_page>0</avg_time_on_page>
								<bounce_rate>100%</bounce_rate>
								<exit_rate>100%</exit_rate>
								<url>http://matthieu.net/blog/tu-me-cherches/</url>
								<segment>pageUrl==http%3A%2F%2Fmatthieu.net%2Fblog%2Ftu-me-cherches%2F</segment>
							</row>
						</subtable>
					</row>
					<row>
						<label>vacances-a-la-campagne</label>
						<nb_visits>1</nb_visits>
						<nb_hits>1</nb_hits>
						<sum_time_spent>0</sum_time_spent>
						<entry_nb_visits>1</entry_nb_visits>
						<entry_nb_actions>1</entry_nb_actions>
						<entry_sum_visit_length>0</entry_sum_visit_length>
						<entry_bounce_count>1</entry_bounce_count>
						<exit_nb_visits>1</exit_nb_visits>
						<avg_time_on_page>0</avg_time_on_page>
						<bounce_rate>100%</bounce_rate>
						<exit_rate>100%</exit_rate>
						<segment>pageUrl=^matthieu.net%252Fblog%252Fvacances-a-la-campagne</segment>
						<subtable>
							<row>
								<label>/index</label>
								<nb_visits>1</nb_visits>
								<nb_uniq_visitors>1</nb_uniq_visitors>
								<nb_hits>1</nb_hits>
								<sum_time_spent>0</sum_time_spent>
								<entry_nb_uniq_visitors>1</entry_nb_uniq_visitors>
								<entry_nb_visits>1</entry_nb_visits>
								<entry_nb_actions>1</entry_nb_actions>
								<entry_sum_visit_length>0.0</entry_sum_visit_length>
								<entry_bounce_count>1</entry_bounce_count>
								<exit_nb_uniq_visitors>1</exit_nb_uniq_visitors>
								<exit_nb_visits>1</exit_nb_visits>
								<avg_time_on_page>0</avg_time_on_page>
								<bounce_rate>100%</bounce_rate>
								<exit_rate>100%</exit_rate>
								<url>http://matthieu.net/blog/vacances-a-la-campagne/</url>
								<segment>pageUrl==http%3A%2F%2Fmatthieu.net%2Fblog%2Fvacances-a-la-campagne%2F</segment>
							</row>
						</subtable>
					</row>
					<row>
						<label>video-du-combat-entre-lions-buffles-et-crocodiles-incroyable-nature</label>
						<nb_visits>1</nb_visits>
						<nb_hits>2</nb_hits>
						<sum_time_spent>0</sum_time_spent>
						<entry_nb_visits>1</entry_nb_visits>
						<entry_nb_actions>2</entry_nb_actions>
						<entry_sum_visit_length>5</entry_sum_visit_length>
						<entry_bounce_count>0</entry_bounce_count>
						<exit_nb_visits>1</exit_nb_visits>
						<avg_time_on_page>0</avg_time_on_page>
						<bounce_rate>0%</bounce_rate>
						<exit_rate>100%</exit_rate>
						<segment>pageUrl=^matthieu.net%252Fblog%252Fvideo-du-combat-entre-lions-buffles-et-crocodiles-incroyable-nature</segment>
						<subtable>
							<row>
								<label>/index</label>
								<nb_visits>1</nb_visits>
								<nb_uniq_visitors>1</nb_uniq_visitors>
								<nb_hits>2</nb_hits>
								<sum_time_spent>0</sum_time_spent>
								<entry_nb_uniq_visitors>1</entry_nb_uniq_visitors>
								<entry_nb_visits>1</entry_nb_visits>
								<entry_nb_actions>2</entry_nb_actions>
								<entry_sum_visit_length>5.0</entry_sum_visit_length>
								<entry_bounce_count>0</entry_bounce_count>
								<exit_nb_uniq_visitors>1</exit_nb_uniq_visitors>
								<exit_nb_visits>1</exit_nb_visits>
								<avg_time_on_page>0</avg_time_on_page>
								<bounce_rate>0%</bounce_rate>
								<exit_rate>100%</exit_rate>
								<url>http://matthieu.net/blog/video-du-combat-entre-lions-buffles-et-crocodiles-incroyable-nature/</url>
								<segment>pageUrl==http%3A%2F%2Fmatthieu.net%2Fblog%2Fvideo-du-combat-entre-lions-buffles-et-crocodiles-incroyable-nature%2F</segment>
							</row>
						</subtable>
					</row>
					<row>
						<label>visite-de-madurai</label>
						<nb_visits>1</nb_visits>
						<nb_hits>2</nb_hits>
						<sum_time_spent>0</sum_time_spent>
						<entry_nb_visits>1</entry_nb_visits>
						<entry_nb_actions>3</entry_nb_actions>
						<entry_sum_visit_length>112</entry_sum_visit_length>
						<entry_bounce_count>0</entry_bounce_count>
						<exit_nb_visits>1</exit_nb_visits>
						<avg_time_on_page>0</avg_time_on_page>
						<bounce_rate>0%</bounce_rate>
						<exit_rate>100%</exit_rate>
						<segment>pageUrl=^matthieu.net%252Fblog%252Fvisite-de-madurai</segment>
						<subtable>
							<row>
								<label>/index</label>
								<nb_visits>1</nb_visits>
								<nb_uniq_visitors>1</nb_uniq_visitors>
								<nb_hits>2</nb_hits>
								<sum_time_spent>0</sum_time_spent>
								<entry_nb_uniq_visitors>1</entry_nb_uniq_visitors>
								<entry_nb_visits>1</entry_nb_visits>
								<entry_nb_actions>3</entry_nb_actions>
								<entry_sum_visit_length>112.0</entry_sum_visit_length>
								<entry_bounce_count>0</entry_bounce_count>
								<exit_nb_uniq_visitors>1</exit_nb_uniq_visitors>
								<exit_nb_visits>1</exit_nb_visits>
								<avg_time_on_page>0</avg_time_on_page>
								<bounce_rate>0%</bounce_rate>
								<exit_rate>100%</exit_rate>
								<url>http://matthieu.net/blog/visite-de-madurai/</url>
								<segment>pageUrl==http%3A%2F%2Fmatthieu.net%2Fblog%2Fvisite-de-madurai%2F</segment>
							</row>
						</subtable>
					</row>
					<row>
						<label>about</label>
						<nb_visits>0</nb_visits>
						<nb_hits>1</nb_hits>
						<sum_time_spent>0</sum_time_spent>
						<exit_nb_visits>1</exit_nb_visits>
						<avg_time_on_page>0</avg_time_on_page>
						<bounce_rate>0%</bounce_rate>
						<exit_rate>0%</exit_rate>
						<segment>pageUrl=^matthieu.net%252Fblog%252Fabout</segment>
						<subtable>
							<row>
								<label>/index</label>
								<nb_visits>0</nb_visits>
								<nb_uniq_visitors>1</nb_uniq_visitors>
								<nb_hits>1</nb_hits>
								<sum_time_spent>0</sum_time_spent>
								<exit_nb_uniq_visitors>1</exit_nb_uniq_visitors>
								<exit_nb_visits>1</exit_nb_visits>
								<avg_time_on_page>0</avg_time_on_page>
								<bounce_rate>0%</bounce_rate>
								<exit_rate>0%</exit_rate>
								<url>http://matthieu.net/blog/about/</url>
								<segment>pageUrl==http%3A%2F%2Fmatthieu.net%2Fblog%2Fabout%2F</segment>
							</row>
						</subtable>
					</row>
					<row>
						<label>dragons-de-komodo-indonesie</label>
						<nb_visits>0</nb_visits>
						<nb_hits>1</nb_hits>
						<sum_time_spent>0</sum_time_spent>
						<exit_nb_visits>1</exit_nb_visits>
						<avg_time_on_page>0</avg_time_on_page>
						<bounce_rate>0%</bounce_rate>
						<exit_rate>0%</exit_rate>
						<segment>pageUrl=^matthieu.net%252Fblog%252Fdragons-de-komodo-indonesie</segment>
						<subtable>
							<row>
								<label>/index</label>
								<nb_visits>0</nb_visits>
								<nb_uniq_visitors>1</nb_uniq_visitors>
								<nb_hits>1</nb_hits>
								<sum_time_spent>0</sum_time_spent>
								<exit_nb_uniq_visitors>1</exit_nb_uniq_visitors>
								<exit_nb_visits>1</exit_nb_visits>
								<avg_time_on_page>0</avg_time_on_page>
								<bounce_rate>0%</bounce_rate>
								<exit_rate>0%</exit_rate>
								<url>http://matthieu.net/blog/dragons-de-komodo-indonesie/</url>
								<segment>pageUrl==http%3A%2F%2Fmatthieu.net%2Fblog%2Fdragons-de-komodo-indonesie%2F</segment>
							</row>
						</subtable>
					</row>
					<row>
						<label>la-plage-a-chennai</label>
						<nb_visits>0</nb_visits>
						<nb_hits>1</nb_hits>
						<sum_time_spent>0</sum_time_spent>
						<exit_nb_visits>1</exit_nb_visits>
						<avg_time_on_page>0</avg_time_on_page>
						<bounce_rate>0%</bounce_rate>
						<exit_rate>0%</exit_rate>
						<segment>pageUrl=^matthieu.net%252Fblog%252Fla-plage-a-chennai</segment>
						<subtable>
							<row>
								<label>/index</label>
								<nb_visits>0</nb_visits>
								<nb_uniq_visitors>1</nb_uniq_visitors>
								<nb_hits>1</nb_hits>
								<sum_time_spent>0</sum_time_spent>
								<exit_nb_uniq_visitors>1</exit_nb_uniq_visitors>
								<exit_nb_visits>1</exit_nb_visits>
								<avg_time_on_page>0</avg_time_on_page>
								<bounce_rate>0%</bounce_rate>
								<exit_rate>0%</exit_rate>
								<url>http://matthieu.net/blog/la-plage-a-chennai/</url>
								<segment>pageUrl==http%3A%2F%2Fmatthieu.net%2Fblog%2Fla-plage-a-chennai%2F</segment>
							</row>
						</subtable>
					</row>
					<row>
						<label>que-faire-a-bali</label>
						<nb_visits>0</nb_visits>
						<nb_hits>1</nb_hits>
						<sum_time_spent>0</sum_time_spent>
						<exit_nb_visits>1</exit_nb_visits>
						<avg_time_on_page>0</avg_time_on_page>
						<bounce_rate>0%</bounce_rate>
						<exit_rate>0%</exit_rate>
						<segment>pageUrl=^matthieu.net%252Fblog%252Fque-faire-a-bali</segment>
						<subtable>
							<row>
								<label>/index</label>
								<nb_visits>0</nb_visits>
								<nb_uniq_visitors>1</nb_uniq_visitors>
								<nb_hits>1</nb_hits>
								<sum_time_spent>0</sum_time_spent>
								<exit_nb_uniq_visitors>1</exit_nb_uniq_visitors>
								<exit_nb_visits>1</exit_nb_visits>
								<avg_time_on_page>0</avg_time_on_page>
								<bounce_rate>0%</bounce_rate>
								<exit_rate>0%</exit_rate>
								<url>http://matthieu.net/blog/que-faire-a-bali/</url>
								<segment>pageUrl==http%3A%2F%2Fmatthieu.net%2Fblog%2Fque-faire-a-bali%2F</segment>
							</row>
						</subtable>
					</row>
				</subtable>
			</row>
		</subtable>
	</row>
</result>