<?xml version="1.0" encoding="utf-8" ?>
<result>
	<row>
		<label>matthieu.net</label>
		<nb_visits>44</nb_visits>
		<nb_hits>63</nb_hits>
		<sum_time_spent>524</sum_time_spent>
		<entry_nb_visits>44</entry_nb_visits>
		<entry_nb_actions>159</entry_nb_actions>
		<entry_sum_visit_length>524</entry_sum_visit_length>
		<entry_bounce_count>8</entry_bounce_count>
		<exit_nb_visits>44</exit_nb_visits>
		<avg_bandwidth>0</avg_bandwidth>
		<avg_time_on_page>8</avg_time_on_page>
		<bounce_rate>18%</bounce_rate>
		<exit_rate>100%</exit_rate>
		<segment>pageUrl=^matthieu.net</segment>
		<subtable>
			<row>
				<label>blog</label>
				<nb_visits>43</nb_visits>
				<nb_hits>60</nb_hits>
				<sum_time_spent>524</sum_time_spent>
				<entry_nb_visits>43</entry_nb_visits>
				<entry_nb_actions>151</entry_nb_actions>
				<entry_sum_visit_length>524</entry_sum_visit_length>
				<entry_bounce_count>8</entry_bounce_count>
				<exit_nb_visits>41</exit_nb_visits>
				<avg_time_on_page>9</avg_time_on_page>
				<bounce_rate>19%</bounce_rate>
				<exit_rate>95%</exit_rate>
				<segment>pageUrl=^matthieu.net%252Fblog</segment>
				<subtable>
					<row>
						<label>orlais</label>
						<nb_visits>11</nb_visits>
						<nb_hits>13</nb_hits>
						<sum_time_spent>73</sum_time_spent>
						<entry_nb_visits>11</entry_nb_visits>
						<entry_nb_actions>49</entry_nb_actions>
						<entry_sum_visit_length>73</entry_sum_visit_length>
						<entry_bounce_count>2</entry_bounce_count>
						<exit_nb_visits>10</exit_nb_visits>
						<avg_time_on_page>6</avg_time_on_page>
						<bounce_rate>18%</bounce_rate>
						<exit_rate>91%</exit_rate>
						<segment>pageUrl=^matthieu.net%252Fblog%252Forlais</segment>
						<subtable>
							<row>
								<label>halamshiral</label>
								<nb_visits>5</nb_visits>
								<nb_hits>6</nb_hits>
								<sum_time_spent>63</sum_time_spent>
								<entry_nb_visits>5</entry_nb_visits>
								<entry_nb_actions>19</entry_nb_actions>
								<entry_sum_visit_length>63</entry_sum_visit_length>
								<entry_bounce_count>1</entry_bounce_count>
								<exit_nb_visits>4</exit_nb_visits>
								<avg_time_on_page>11</avg_time_on_page>
								<bounce_rate>20%</bounce_rate>
								<exit_rate>80%</exit_rate>
								<segment>pageUrl=^matthieu.net%252Fblog%252Forlais%252Fhalamshiral</segment>
								<subtable>
									<row>
										<label>/winter-palace</label>
										<nb_visits>5</nb_visits>
										<nb_uniq_visitors>6</nb_uniq_visitors>
										<nb_hits>6</nb_hits>
										<sum_time_spent>63</sum_time_spent>
										<entry_nb_uniq_visitors>5</entry_nb_uniq_visitors>
										<entry_nb_visits>5</entry_nb_visits>
										<entry_nb_actions>19</entry_nb_actions>
										<entry_sum_visit_length>63</entry_sum_visit_length>
										<entry_bounce_count>1</entry_bounce_count>
										<exit_nb_uniq_visitors>4</exit_nb_uniq_visitors>
										<exit_nb_visits>4</exit_nb_visits>
										<avg_time_on_page>11</avg_time_on_page>
										<bounce_rate>20%</bounce_rate>
										<exit_rate>80%</exit_rate>
										<url>http://matthieu.net/blog/orlais/halamshiral/winter-palace</url>
										<segment>exitPageUrl==http%3A%2F%2Fmatthieu.net%2Fblog%2Forlais%2Fhalamshiral%2Fwinter-palace</segment>
									</row>
								</subtable>
							</row>
							<row>
								<label>emprise-du-lion</label>
								<nb_visits>3</nb_visits>
								<nb_hits>3</nb_hits>
								<sum_time_spent>0</sum_time_spent>
								<entry_nb_visits>3</entry_nb_visits>
								<entry_nb_actions>11</entry_nb_actions>
								<entry_sum_visit_length>0</entry_sum_visit_length>
								<entry_bounce_count>1</entry_bounce_count>
								<exit_nb_visits>3</exit_nb_visits>
								<avg_time_on_page>0</avg_time_on_page>
								<bounce_rate>33%</bounce_rate>
								<exit_rate>100%</exit_rate>
								<segment>pageUrl=^matthieu.net%252Fblog%252Forlais%252Femprise-du-lion</segment>
								<subtable>
									<row>
										<label>/sahrnia</label>
										<nb_visits>3</nb_visits>
										<nb_uniq_visitors>3</nb_uniq_visitors>
										<nb_hits>3</nb_hits>
										<sum_time_spent>0</sum_time_spent>
										<entry_nb_uniq_visitors>3</entry_nb_uniq_visitors>
										<entry_nb_visits>3</entry_nb_visits>
										<entry_nb_actions>11</entry_nb_actions>
										<entry_sum_visit_length>0</entry_sum_visit_length>
										<entry_bounce_count>1</entry_bounce_count>
										<exit_nb_uniq_visitors>3</exit_nb_uniq_visitors>
										<exit_nb_visits>3</exit_nb_visits>
										<avg_time_on_page>0</avg_time_on_page>
										<bounce_rate>33%</bounce_rate>
										<exit_rate>100%</exit_rate>
										<url>http://matthieu.net/blog/orlais/emprise-du-lion/sahrnia</url>
										<segment>exitPageUrl==http%3A%2F%2Fmatthieu.net%2Fblog%2Forlais%2Femprise-du-lion%2Fsahrnia</segment>
									</row>
								</subtable>
							</row>
							<row>
								<label>/the-western-approach</label>
								<nb_visits>2</nb_visits>
								<nb_uniq_visitors>3</nb_uniq_visitors>
								<nb_hits>3</nb_hits>
								<sum_time_spent>0</sum_time_spent>
								<entry_nb_uniq_visitors>2</entry_nb_uniq_visitors>
								<entry_nb_visits>2</entry_nb_visits>
								<entry_nb_actions>10</entry_nb_actions>
								<entry_sum_visit_length>0</entry_sum_visit_length>
								<entry_bounce_count>0</entry_bounce_count>
								<exit_nb_uniq_visitors>3</exit_nb_uniq_visitors>
								<exit_nb_visits>3</exit_nb_visits>
								<avg_time_on_page>0</avg_time_on_page>
								<bounce_rate>0%</bounce_rate>
								<exit_rate>150%</exit_rate>
								<url>http://matthieu.net/blog/orlais/the-western-approach</url>
								<segment>exitPageUrl==http%3A%2F%2Fmatthieu.net%2Fblog%2Forlais%2Fthe-western-approach</segment>
							</row>
						</subtable>
					</row>
					<row>
						<label>ferelden</label>
						<nb_visits>6</nb_visits>
						<nb_hits>11</nb_hits>
						<sum_time_spent>13</sum_time_spent>
						<entry_nb_visits>6</entry_nb_visits>
						<entry_nb_actions>28</entry_nb_actions>
						<entry_sum_visit_length>1</entry_sum_visit_length>
						<entry_bounce_count>0</entry_bounce_count>
						<exit_nb_visits>10</exit_nb_visits>
						<avg_time_on_page>1</avg_time_on_page>
						<bounce_rate>0%</bounce_rate>
						<exit_rate>167%</exit_rate>
						<segment>pageUrl=^matthieu.net%252Fblog%252Fferelden</segment>
						<subtable>
							<row>
								<label>/crestwood</label>
								<nb_visits>3</nb_visits>
								<nb_uniq_visitors>5</nb_uniq_visitors>
								<nb_hits>5</nb_hits>
								<sum_time_spent>13</sum_time_spent>
								<entry_nb_uniq_visitors>3</entry_nb_uniq_visitors>
								<entry_nb_visits>3</entry_nb_visits>
								<entry_nb_actions>17</entry_nb_actions>
								<entry_sum_visit_length>1</entry_sum_visit_length>
								<entry_bounce_count>0</entry_bounce_count>
								<exit_nb_uniq_visitors>4</exit_nb_uniq_visitors>
								<exit_nb_visits>4</exit_nb_visits>
								<avg_time_on_page>3</avg_time_on_page>
								<bounce_rate>0%</bounce_rate>
								<exit_rate>133%</exit_rate>
								<url>http://matthieu.net/blog/ferelden/crestwood</url>
								<segment>exitPageUrl==http%3A%2F%2Fmatthieu.net%2Fblog%2Fferelden%2Fcrestwood</segment>
							</row>
							<row>
								<label>crestwood</label>
								<nb_visits>2</nb_visits>
								<nb_hits>3</nb_hits>
								<sum_time_spent>0</sum_time_spent>
								<entry_nb_visits>2</entry_nb_visits>
								<entry_nb_actions>9</entry_nb_actions>
								<entry_sum_visit_length>0</entry_sum_visit_length>
								<entry_bounce_count>0</entry_bounce_count>
								<exit_nb_visits>3</exit_nb_visits>
								<avg_time_on_page>0</avg_time_on_page>
								<bounce_rate>0%</bounce_rate>
								<exit_rate>150%</exit_rate>
								<segment>pageUrl=^matthieu.net%252Fblog%252Fferelden%252Fcrestwood</segment>
								<subtable>
									<row>
										<label>/caer-bronach</label>
										<nb_visits>2</nb_visits>
										<nb_uniq_visitors>3</nb_uniq_visitors>
										<nb_hits>3</nb_hits>
										<sum_time_spent>0</sum_time_spent>
										<entry_nb_uniq_visitors>2</entry_nb_uniq_visitors>
										<entry_nb_visits>2</entry_nb_visits>
										<entry_nb_actions>9</entry_nb_actions>
										<entry_sum_visit_length>0</entry_sum_visit_length>
										<entry_bounce_count>0</entry_bounce_count>
										<exit_nb_uniq_visitors>3</exit_nb_uniq_visitors>
										<exit_nb_visits>3</exit_nb_visits>
										<avg_time_on_page>0</avg_time_on_page>
										<bounce_rate>0%</bounce_rate>
										<exit_rate>150%</exit_rate>
										<url>http://matthieu.net/blog/ferelden/crestwood/caer-bronach</url>
										<segment>exitPageUrl==http%3A%2F%2Fmatthieu.net%2Fblog%2Fferelden%2Fcrestwood%2Fcaer-bronach</segment>
									</row>
								</subtable>
							</row>
							<row>
								<label>the-hinterlands</label>
								<nb_visits>1</nb_visits>
								<nb_hits>3</nb_hits>
								<sum_time_spent>0</sum_time_spent>
								<entry_nb_visits>1</entry_nb_visits>
								<entry_nb_actions>2</entry_nb_actions>
								<entry_sum_visit_length>0</entry_sum_visit_length>
								<entry_bounce_count>0</entry_bounce_count>
								<exit_nb_visits>3</exit_nb_visits>
								<avg_time_on_page>0</avg_time_on_page>
								<bounce_rate>0%</bounce_rate>
								<exit_rate>300%</exit_rate>
								<segment>pageUrl=^matthieu.net%252Fblog%252Fferelden%252Fthe-hinterlands</segment>
								<subtable>
									<row>
										<label>/redcliffe</label>
										<nb_visits>1</nb_visits>
										<nb_uniq_visitors>3</nb_uniq_visitors>
										<nb_hits>3</nb_hits>
										<sum_time_spent>0</sum_time_spent>
										<entry_nb_uniq_visitors>1</entry_nb_uniq_visitors>
										<entry_nb_visits>1</entry_nb_visits>
										<entry_nb_actions>2</entry_nb_actions>
										<entry_sum_visit_length>0</entry_sum_visit_length>
										<entry_bounce_count>0</entry_bounce_count>
										<exit_nb_uniq_visitors>3</exit_nb_uniq_visitors>
										<exit_nb_visits>3</exit_nb_visits>
										<avg_time_on_page>0</avg_time_on_page>
										<bounce_rate>0%</bounce_rate>
										<exit_rate>300%</exit_rate>
										<url>http://matthieu.net/blog/ferelden/the-hinterlands/redcliffe</url>
										<segment>exitPageUrl==http%3A%2F%2Fmatthieu.net%2Fblog%2Fferelden%2Fthe-hinterlands%2Fredcliffe</segment>
									</row>
								</subtable>
							</row>
						</subtable>
					</row>
					<row>
						<label>anderfels</label>
						<nb_visits>4</nb_visits>
						<nb_hits>4</nb_hits>
						<sum_time_spent>37</sum_time_spent>
						<entry_nb_visits>4</entry_nb_visits>
						<entry_nb_actions>15</entry_nb_actions>
						<entry_sum_visit_length>37</entry_sum_visit_length>
						<entry_bounce_count>0</entry_bounce_count>
						<exit_nb_visits>3</exit_nb_visits>
						<avg_time_on_page>9</avg_time_on_page>
						<bounce_rate>0%</bounce_rate>
						<exit_rate>75%</exit_rate>
						<segment>pageUrl=^matthieu.net%252Fblog%252Fanderfels</segment>
						<subtable>
							<row>
								<label>/laysh</label>
								<nb_visits>4</nb_visits>
								<nb_uniq_visitors>4</nb_uniq_visitors>
								<nb_hits>4</nb_hits>
								<sum_time_spent>37</sum_time_spent>
								<entry_nb_uniq_visitors>4</entry_nb_uniq_visitors>
								<entry_nb_visits>4</entry_nb_visits>
								<entry_nb_actions>15</entry_nb_actions>
								<entry_sum_visit_length>37</entry_sum_visit_length>
								<entry_bounce_count>0</entry_bounce_count>
								<exit_nb_uniq_visitors>3</exit_nb_uniq_visitors>
								<exit_nb_visits>3</exit_nb_visits>
								<avg_time_on_page>9</avg_time_on_page>
								<bounce_rate>0%</bounce_rate>
								<exit_rate>75%</exit_rate>
								<url>http://matthieu.net/blog/anderfels/laysh</url>
								<segment>exitPageUrl==http%3A%2F%2Fmatthieu.net%2Fblog%2Fanderfels%2Flaysh</segment>
							</row>
						</subtable>
					</row>
					<row>
						<label>about</label>
						<nb_visits>3</nb_visits>
						<nb_hits>3</nb_hits>
						<sum_time_spent>81</sum_time_spent>
						<entry_nb_visits>3</entry_nb_visits>
						<entry_nb_actions>6</entry_nb_actions>
						<entry_sum_visit_length>81</entry_sum_visit_length>
						<entry_bounce_count>1</entry_bounce_count>
						<exit_nb_visits>2</exit_nb_visits>
						<avg_time_on_page>27</avg_time_on_page>
						<bounce_rate>33%</bounce_rate>
						<exit_rate>67%</exit_rate>
						<segment>pageUrl=^matthieu.net%252Fblog%252Fabout</segment>
						<subtable>
							<row>
								<label>/index</label>
								<nb_visits>3</nb_visits>
								<nb_uniq_visitors>3</nb_uniq_visitors>
								<nb_hits>3</nb_hits>
								<sum_time_spent>81</sum_time_spent>
								<entry_nb_uniq_visitors>3</entry_nb_uniq_visitors>
								<entry_nb_visits>3</entry_nb_visits>
								<entry_nb_actions>6</entry_nb_actions>
								<entry_sum_visit_length>81</entry_sum_visit_length>
								<entry_bounce_count>1</entry_bounce_count>
								<exit_nb_uniq_visitors>2</exit_nb_uniq_visitors>
								<exit_nb_visits>2</exit_nb_visits>
								<avg_time_on_page>27</avg_time_on_page>
								<bounce_rate>33%</bounce_rate>
								<exit_rate>67%</exit_rate>
								<url>http://matthieu.net/blog/about/</url>
								<segment>exitPageUrl==http%3A%2F%2Fmatthieu.net%2Fblog%2Fabout%2F</segment>
							</row>
						</subtable>
					</row>
					<row>
						<label>antiva</label>
						<nb_visits>3</nb_visits>
						<nb_hits>3</nb_hits>
						<sum_time_spent>0</sum_time_spent>
						<entry_nb_visits>3</entry_nb_visits>
						<entry_nb_actions>12</entry_nb_actions>
						<entry_sum_visit_length>0</entry_sum_visit_length>
						<entry_bounce_count>0</entry_bounce_count>
						<exit_nb_visits>3</exit_nb_visits>
						<avg_time_on_page>0</avg_time_on_page>
						<bounce_rate>0%</bounce_rate>
						<exit_rate>100%</exit_rate>
						<segment>pageUrl=^matthieu.net%252Fblog%252Fantiva</segment>
						<subtable>
							<row>
								<label>/seleny</label>
								<nb_visits>3</nb_visits>
								<nb_uniq_visitors>3</nb_uniq_visitors>
								<nb_hits>3</nb_hits>
								<sum_time_spent>0</sum_time_spent>
								<entry_nb_uniq_visitors>3</entry_nb_uniq_visitors>
								<entry_nb_visits>3</entry_nb_visits>
								<entry_nb_actions>12</entry_nb_actions>
								<entry_sum_visit_length>0</entry_sum_visit_length>
								<entry_bounce_count>0</entry_bounce_count>
								<exit_nb_uniq_visitors>3</exit_nb_uniq_visitors>
								<exit_nb_visits>3</exit_nb_visits>
								<avg_time_on_page>0</avg_time_on_page>
								<bounce_rate>0%</bounce_rate>
								<exit_rate>100%</exit_rate>
								<url>http://matthieu.net/blog/antiva/seleny</url>
								<segment>exitPageUrl==http%3A%2F%2Fmatthieu.net%2Fblog%2Fantiva%2Fseleny</segment>
							</row>
						</subtable>
					</row>
					<row>
						<label>inde-par-region-et-ville</label>
						<nb_visits>2</nb_visits>
						<nb_hits>3</nb_hits>
						<sum_time_spent>0</sum_time_spent>
						<entry_nb_visits>2</entry_nb_visits>
						<entry_nb_actions>3</entry_nb_actions>
						<entry_sum_visit_length>0</entry_sum_visit_length>
						<entry_bounce_count>1</entry_bounce_count>
						<exit_nb_visits>3</exit_nb_visits>
						<avg_time_on_page>0</avg_time_on_page>
						<bounce_rate>50%</bounce_rate>
						<exit_rate>150%</exit_rate>
						<segment>pageUrl=^matthieu.net%252Fblog%252Finde-par-region-et-ville</segment>
						<subtable>
							<row>
								<label>/index</label>
								<nb_visits>2</nb_visits>
								<nb_uniq_visitors>3</nb_uniq_visitors>
								<nb_hits>3</nb_hits>
								<sum_time_spent>0</sum_time_spent>
								<entry_nb_uniq_visitors>2</entry_nb_uniq_visitors>
								<entry_nb_visits>2</entry_nb_visits>
								<entry_nb_actions>3</entry_nb_actions>
								<entry_sum_visit_length>0</entry_sum_visit_length>
								<entry_bounce_count>1</entry_bounce_count>
								<exit_nb_uniq_visitors>3</exit_nb_uniq_visitors>
								<exit_nb_visits>3</exit_nb_visits>
								<avg_time_on_page>0</avg_time_on_page>
								<bounce_rate>50%</bounce_rate>
								<exit_rate>150%</exit_rate>
								<url>http://matthieu.net/blog/inde-par-region-et-ville/</url>
								<segment>exitPageUrl==http%3A%2F%2Fmatthieu.net%2Fblog%2Finde-par-region-et-ville%2F</segment>
							</row>
						</subtable>
					</row>
					<row>
						<label>tevinter</label>
						<nb_visits>2</nb_visits>
						<nb_hits>2</nb_hits>
						<sum_time_spent>0</sum_time_spent>
						<entry_nb_visits>2</entry_nb_visits>
						<entry_nb_actions>16</entry_nb_actions>
						<entry_sum_visit_length>0</entry_sum_visit_length>
						<entry_bounce_count>0</entry_bounce_count>
						<exit_nb_visits>2</exit_nb_visits>
						<avg_time_on_page>0</avg_time_on_page>
						<bounce_rate>0%</bounce_rate>
						<exit_rate>100%</exit_rate>
						<segment>pageUrl=^matthieu.net%252Fblog%252Ftevinter</segment>
						<subtable>
							<row>
								<label>/solas</label>
								<nb_visits>2</nb_visits>
								<nb_uniq_visitors>2</nb_uniq_visitors>
								<nb_hits>2</nb_hits>
								<sum_time_spent>0</sum_time_spent>
								<entry_nb_uniq_visitors>2</entry_nb_uniq_visitors>
								<entry_nb_visits>2</entry_nb_visits>
								<entry_nb_actions>16</entry_nb_actions>
								<entry_sum_visit_length>0</entry_sum_visit_length>
								<entry_bounce_count>0</entry_bounce_count>
								<exit_nb_uniq_visitors>2</exit_nb_uniq_visitors>
								<exit_nb_visits>2</exit_nb_visits>
								<avg_time_on_page>0</avg_time_on_page>
								<bounce_rate>0%</bounce_rate>
								<exit_rate>100%</exit_rate>
								<url>http://matthieu.net/blog/tevinter/solas</url>
								<segment>exitPageUrl==http%3A%2F%2Fmatthieu.net%2Fblog%2Ftevinter%2Fsolas</segment>
							</row>
						</subtable>
					</row>
					<row>
						<label>avis-de-mickael-sur-la-vie-a-chennai-en-inde</label>
						<nb_visits>1</nb_visits>
						<nb_hits>1</nb_hits>
						<sum_time_spent>0</sum_time_spent>
						<entry_nb_visits>1</entry_nb_visits>
						<entry_nb_actions>1</entry_nb_actions>
						<entry_sum_visit_length>0</entry_sum_visit_length>
						<entry_bounce_count>1</entry_bounce_count>
						<exit_nb_visits>1</exit_nb_visits>
						<avg_time_on_page>0</avg_time_on_page>
						<bounce_rate>100%</bounce_rate>
						<exit_rate>100%</exit_rate>
						<segment>pageUrl=^matthieu.net%252Fblog%252Favis-de-mickael-sur-la-vie-a-chennai-en-inde</segment>
						<subtable>
							<row>
								<label>/index</label>
								<nb_visits>1</nb_visits>
								<nb_uniq_visitors>1</nb_uniq_visitors>
								<nb_hits>1</nb_hits>
								<sum_time_spent>0</sum_time_spent>
								<entry_nb_uniq_visitors>1</entry_nb_uniq_visitors>
								<entry_nb_visits>1</entry_nb_visits>
								<entry_nb_actions>1</entry_nb_actions>
								<entry_sum_visit_length>0</entry_sum_visit_length>
								<entry_bounce_count>1</entry_bounce_count>
								<exit_nb_uniq_visitors>1</exit_nb_uniq_visitors>
								<exit_nb_visits>1</exit_nb_visits>
								<avg_time_on_page>0</avg_time_on_page>
								<bounce_rate>100%</bounce_rate>
								<exit_rate>100%</exit_rate>
								<url>http://matthieu.net/blog/avis-de-mickael-sur-la-vie-a-chennai-en-inde/</url>
								<segment>exitPageUrl==http%3A%2F%2Fmatthieu.net%2Fblog%2Favis-de-mickael-sur-la-vie-a-chennai-en-inde%2F</segment>
							</row>
						</subtable>
					</row>
					<row>
						<label>free-marches</label>
						<nb_visits>1</nb_visits>
						<nb_hits>1</nb_hits>
						<sum_time_spent>0</sum_time_spent>
						<entry_nb_visits>1</entry_nb_visits>
						<entry_nb_actions>2</entry_nb_actions>
						<entry_sum_visit_length>0</entry_sum_visit_length>
						<entry_bounce_count>0</entry_bounce_count>
						<exit_nb_visits>1</exit_nb_visits>
						<avg_time_on_page>0</avg_time_on_page>
						<bounce_rate>0%</bounce_rate>
						<exit_rate>100%</exit_rate>
						<segment>pageUrl=^matthieu.net%252Fblog%252Ffree-marches</segment>
						<subtable>
							<row>
								<label>/markhem</label>
								<nb_visits>1</nb_visits>
								<nb_uniq_visitors>1</nb_uniq_visitors>
								<nb_hits>1</nb_hits>
								<sum_time_spent>0</sum_time_spent>
								<entry_nb_uniq_visitors>1</entry_nb_uniq_visitors>
								<entry_nb_visits>1</entry_nb_visits>
								<entry_nb_actions>2</entry_nb_actions>
								<entry_sum_visit_length>0</entry_sum_visit_length>
								<entry_bounce_count>0</entry_bounce_count>
								<exit_nb_uniq_visitors>1</exit_nb_uniq_visitors>
								<exit_nb_visits>1</exit_nb_visits>
								<avg_time_on_page>0</avg_time_on_page>
								<bounce_rate>0%</bounce_rate>
								<exit_rate>100%</exit_rate>
								<url>http://matthieu.net/blog/free-marches/markhem</url>
								<segment>exitPageUrl==http%3A%2F%2Fmatthieu.net%2Fblog%2Ffree-marches%2Fmarkhem</segment>
							</row>
						</subtable>
					</row>
					<row>
						<label>interdiction-de-sembrasser-en-angleterre</label>
						<nb_visits>1</nb_visits>
						<nb_hits>1</nb_hits>
						<sum_time_spent>0</sum_time_spent>
						<entry_nb_visits>1</entry_nb_visits>
						<entry_nb_actions>1</entry_nb_actions>
						<entry_sum_visit_length>0</entry_sum_visit_length>
						<entry_bounce_count>1</entry_bounce_count>
						<exit_nb_visits>1</exit_nb_visits>
						<avg_time_on_page>0</avg_time_on_page>
						<bounce_rate>100%</bounce_rate>
						<exit_rate>100%</exit_rate>
						<segment>pageUrl=^matthieu.net%252Fblog%252Finterdiction-de-sembrasser-en-angleterre</segment>
						<subtable>
							<row>
								<label>/index</label>
								<nb_visits>1</nb_visits>
								<nb_uniq_visitors>1</nb_uniq_visitors>
								<nb_hits>1</nb_hits>
								<sum_time_spent>0</sum_time_spent>
								<entry_nb_uniq_visitors>1</entry_nb_uniq_visitors>
								<entry_nb_visits>1</entry_nb_visits>
								<entry_nb_actions>1</entry_nb_actions>
								<entry_sum_visit_length>0</entry_sum_visit_length>
								<entry_bounce_count>1</entry_bounce_count>
								<exit_nb_uniq_visitors>1</exit_nb_uniq_visitors>
								<exit_nb_visits>1</exit_nb_visits>
								<avg_time_on_page>0</avg_time_on_page>
								<bounce_rate>100%</bounce_rate>
								<exit_rate>100%</exit_rate>
								<url>http://matthieu.net/blog/interdiction-de-sembrasser-en-angleterre/</url>
								<segment>exitPageUrl==http%3A%2F%2Fmatthieu.net%2Fblog%2Finterdiction-de-sembrasser-en-angleterre%2F</segment>
							</row>
						</subtable>
					</row>
					<row>
						<label>le-theisme-philosophique</label>
						<nb_visits>1</nb_visits>
						<nb_hits>2</nb_hits>
						<sum_time_spent>261</sum_time_spent>
						<entry_nb_visits>1</entry_nb_visits>
						<entry_nb_actions>2</entry_nb_actions>
						<entry_sum_visit_length>261</entry_sum_visit_length>
						<entry_bounce_count>0</entry_bounce_count>
						<exit_nb_visits>1</exit_nb_visits>
						<avg_time_on_page>131</avg_time_on_page>
						<bounce_rate>0%</bounce_rate>
						<exit_rate>100%</exit_rate>
						<segment>pageUrl=^matthieu.net%252Fblog%252Fle-theisme-philosophique</segment>
						<subtable>
							<row>
								<label>/index</label>
								<nb_visits>1</nb_visits>
								<nb_uniq_visitors>1</nb_uniq_visitors>
								<nb_hits>2</nb_hits>
								<sum_time_spent>261</sum_time_spent>
								<entry_nb_uniq_visitors>1</entry_nb_uniq_visitors>
								<entry_nb_visits>1</entry_nb_visits>
								<entry_nb_actions>2</entry_nb_actions>
								<entry_sum_visit_length>261</entry_sum_visit_length>
								<entry_bounce_count>0</entry_bounce_count>
								<exit_nb_uniq_visitors>1</exit_nb_uniq_visitors>
								<exit_nb_visits>1</exit_nb_visits>
								<avg_time_on_page>131</avg_time_on_page>
								<bounce_rate>0%</bounce_rate>
								<exit_rate>100%</exit_rate>
								<url>http://matthieu.net/blog/le-theisme-philosophique/</url>
								<segment>exitPageUrl==http%3A%2F%2Fmatthieu.net%2Fblog%2Fle-theisme-philosophique%2F</segment>
							</row>
						</subtable>
					</row>
					<row>
						<label>photo-filles-en-bikini</label>
						<nb_visits>1</nb_visits>
						<nb_hits>1</nb_hits>
						<sum_time_spent>0</sum_time_spent>
						<entry_nb_visits>1</entry_nb_visits>
						<entry_nb_actions>1</entry_nb_actions>
						<entry_sum_visit_length>0</entry_sum_visit_length>
						<entry_bounce_count>1</entry_bounce_count>
						<exit_nb_visits>1</exit_nb_visits>
						<avg_time_on_page>0</avg_time_on_page>
						<bounce_rate>100%</bounce_rate>
						<exit_rate>100%</exit_rate>
						<segment>pageUrl=^matthieu.net%252Fblog%252Fphoto-filles-en-bikini</segment>
						<subtable>
							<row>
								<label>/index</label>
								<nb_visits>1</nb_visits>
								<nb_uniq_visitors>1</nb_uniq_visitors>
								<nb_hits>1</nb_hits>
								<sum_time_spent>0</sum_time_spent>
								<entry_nb_uniq_visitors>1</entry_nb_uniq_visitors>
								<entry_nb_visits>1</entry_nb_visits>
								<entry_nb_actions>1</entry_nb_actions>
								<entry_sum_visit_length>0</entry_sum_visit_length>
								<entry_bounce_count>1</entry_bounce_count>
								<exit_nb_uniq_visitors>1</exit_nb_uniq_visitors>
								<exit_nb_visits>1</exit_nb_visits>
								<avg_time_on_page>0</avg_time_on_page>
								<bounce_rate>100%</bounce_rate>
								<exit_rate>100%</exit_rate>
								<url>http://matthieu.net/blog/photo-filles-en-bikini/</url>
								<segment>exitPageUrl==http%3A%2F%2Fmatthieu.net%2Fblog%2Fphoto-filles-en-bikini%2F</segment>
							</row>
						</subtable>
					</row>
					<row>
						<label>visite-de-madurai</label>
						<nb_visits>1</nb_visits>
						<nb_hits>1</nb_hits>
						<sum_time_spent>0</sum_time_spent>
						<entry_nb_visits>1</entry_nb_visits>
						<entry_nb_actions>1</entry_nb_actions>
						<entry_sum_visit_length>0</entry_sum_visit_length>
						<entry_bounce_count>1</entry_bounce_count>
						<exit_nb_visits>1</exit_nb_visits>
						<avg_time_on_page>0</avg_time_on_page>
						<bounce_rate>100%</bounce_rate>
						<exit_rate>100%</exit_rate>
						<segment>pageUrl=^matthieu.net%252Fblog%252Fvisite-de-madurai</segment>
						<subtable>
							<row>
								<label>/index</label>
								<nb_visits>1</nb_visits>
								<nb_uniq_visitors>1</nb_uniq_visitors>
								<nb_hits>1</nb_hits>
								<sum_time_spent>0</sum_time_spent>
								<entry_nb_uniq_visitors>1</entry_nb_uniq_visitors>
								<entry_nb_visits>1</entry_nb_visits>
								<entry_nb_actions>1</entry_nb_actions>
								<entry_sum_visit_length>0</entry_sum_visit_length>
								<entry_bounce_count>1</entry_bounce_count>
								<exit_nb_uniq_visitors>1</exit_nb_uniq_visitors>
								<exit_nb_visits>1</exit_nb_visits>
								<avg_time_on_page>0</avg_time_on_page>
								<bounce_rate>100%</bounce_rate>
								<exit_rate>100%</exit_rate>
								<url>http://matthieu.net/blog/visite-de-madurai/</url>
								<segment>exitPageUrl==http%3A%2F%2Fmatthieu.net%2Fblog%2Fvisite-de-madurai%2F</segment>
							</row>
						</subtable>
					</row>
					<row>
						<label>nevarra</label>
						<nb_visits>0</nb_visits>
						<nb_hits>1</nb_hits>
						<sum_time_spent>0</sum_time_spent>
						<exit_nb_visits>1</exit_nb_visits>
						<avg_time_on_page>0</avg_time_on_page>
						<bounce_rate>0%</bounce_rate>
						<exit_rate>0%</exit_rate>
						<segment>pageUrl=^matthieu.net%252Fblog%252Fnevarra</segment>
						<subtable>
							<row>
								<label>/trevis</label>
								<nb_visits>0</nb_visits>
								<nb_uniq_visitors>1</nb_uniq_visitors>
								<nb_hits>1</nb_hits>
								<sum_time_spent>0</sum_time_spent>
								<exit_nb_uniq_visitors>1</exit_nb_uniq_visitors>
								<exit_nb_visits>1</exit_nb_visits>
								<avg_time_on_page>0</avg_time_on_page>
								<bounce_rate>0%</bounce_rate>
								<exit_rate>0%</exit_rate>
								<url>http://matthieu.net/blog/nevarra/trevis</url>
								<segment>exitPageUrl==http%3A%2F%2Fmatthieu.net%2Fblog%2Fnevarra%2Ftrevis</segment>
							</row>
						</subtable>
					</row>
					<row>
						<label>que-faire-a-bali</label>
						<nb_visits>0</nb_visits>
						<nb_hits>1</nb_hits>
						<sum_time_spent>0</sum_time_spent>
						<exit_nb_visits>1</exit_nb_visits>
						<avg_time_on_page>0</avg_time_on_page>
						<bounce_rate>0%</bounce_rate>
						<exit_rate>0%</exit_rate>
						<segment>pageUrl=^matthieu.net%252Fblog%252Fque-faire-a-bali</segment>
						<subtable>
							<row>
								<label>/index</label>
								<nb_visits>0</nb_visits>
								<nb_uniq_visitors>1</nb_uniq_visitors>
								<nb_hits>1</nb_hits>
								<sum_time_spent>0</sum_time_spent>
								<exit_nb_uniq_visitors>1</exit_nb_uniq_visitors>
								<exit_nb_visits>1</exit_nb_visits>
								<avg_time_on_page>0</avg_time_on_page>
								<bounce_rate>0%</bounce_rate>
								<exit_rate>0%</exit_rate>
								<url>http://matthieu.net/blog/que-faire-a-bali/</url>
								<segment>exitPageUrl==http%3A%2F%2Fmatthieu.net%2Fblog%2Fque-faire-a-bali%2F</segment>
							</row>
						</subtable>
					</row>
				</subtable>
			</row>
			<row>
				<label>/index</label>
				<nb_visits>1</nb_visits>
				<nb_uniq_visitors>3</nb_uniq_visitors>
				<nb_hits>3</nb_hits>
				<sum_time_spent>0</sum_time_spent>
				<entry_nb_uniq_visitors>1</entry_nb_uniq_visitors>
				<entry_nb_visits>1</entry_nb_visits>
				<entry_nb_actions>8</entry_nb_actions>
				<entry_sum_visit_length>0</entry_sum_visit_length>
				<entry_bounce_count>0</entry_bounce_count>
				<exit_nb_uniq_visitors>3</exit_nb_uniq_visitors>
				<exit_nb_visits>3</exit_nb_visits>
				<avg_time_on_page>0</avg_time_on_page>
				<bounce_rate>0%</bounce_rate>
				<exit_rate>300%</exit_rate>
				<url>http://matthieu.net/</url>
				<segment>exitPageUrl==http%3A%2F%2Fmatthieu.net%2F</segment>
			</row>
		</subtable>
	</row>
</result>