<?xml version="1.0" encoding="utf-8" ?>
<result>
	<row>
		<label>mauve</label>
		<nb_visits>11</nb_visits>
		<nb_actions>11</nb_actions>
		<sum_visit_length>3</sum_visit_length>
		<bounce_count>0</bounce_count>
		<nb_visits_converted>0</nb_visits_converted>
		<nb_conversions>5</nb_conversions>
		<revenue>32567</revenue>
		<sum_daily_nb_uniq_visitors>11</sum_daily_nb_uniq_visitors>
		<goals>
			<row idgoal='1'>
				<nb_conversions>0</nb_conversions>
				<revenue>0</revenue>
				<nb_visits_converted>0</nb_visits_converted>
			</row>
			<row idgoal='2'>
				<nb_conversions>0</nb_conversions>
				<revenue>0</revenue>
			</row>
		</goals>
		<avg_event_value>0</avg_event_value>
		<segment>eventCategory==mauve</segment>
		<subtable>
			<row>
				<label>falcon punch</label>
				<nb_visits>3</nb_visits>
				<nb_actions>3</nb_actions>
				<sum_visit_length>1</sum_visit_length>
				<bounce_count>0</bounce_count>
				<nb_visits_converted>0</nb_visits_converted>
				<nb_conversions>1</nb_conversions>
				<revenue>8456</revenue>
				<goals>
					<row idgoal='1'>
						<nb_conversions>0</nb_conversions>
						<revenue>0</revenue>
						<nb_visits_converted>0</nb_visits_converted>
					</row>
					<row idgoal='2'>
						<nb_conversions>0</nb_conversions>
						<revenue>0</revenue>
					</row>
				</goals>
				<sum_daily_nb_uniq_visitors>3</sum_daily_nb_uniq_visitors>
				<avg_event_value>0</avg_event_value>
			</row>
			<row>
				<label>uppercut</label>
				<nb_visits>3</nb_visits>
				<nb_actions>3</nb_actions>
				<sum_visit_length>0</sum_visit_length>
				<bounce_count>0</bounce_count>
				<nb_visits_converted>0</nb_visits_converted>
				<nb_conversions>2</nb_conversions>
				<revenue>13020</revenue>
				<sum_daily_nb_uniq_visitors>3</sum_daily_nb_uniq_visitors>
				<goals>
					<row idgoal='1'>
						<nb_conversions>0</nb_conversions>
						<revenue>0</revenue>
						<nb_visits_converted>0</nb_visits_converted>
					</row>
					<row idgoal='2'>
						<nb_conversions>0</nb_conversions>
						<revenue>0</revenue>
					</row>
				</goals>
				<avg_event_value>0</avg_event_value>
			</row>
			<row>
				<label>dragon punch</label>
				<nb_visits>2</nb_visits>
				<nb_actions>2</nb_actions>
				<sum_visit_length>0</sum_visit_length>
				<bounce_count>0</bounce_count>
				<nb_visits_converted>0</nb_visits_converted>
				<nb_conversions>1</nb_conversions>
				<revenue>6305</revenue>
				<goals>
					<row idgoal='1'>
						<nb_conversions>0</nb_conversions>
						<revenue>0</revenue>
						<nb_visits_converted>0</nb_visits_converted>
					</row>
					<row idgoal='2'>
						<nb_conversions>0</nb_conversions>
						<revenue>0</revenue>
					</row>
				</goals>
				<sum_daily_nb_uniq_visitors>2</sum_daily_nb_uniq_visitors>
				<avg_event_value>0</avg_event_value>
			</row>
			<row>
				<label>spear throw</label>
				<nb_visits>2</nb_visits>
				<nb_actions>2</nb_actions>
				<sum_visit_length>2</sum_visit_length>
				<bounce_count>0</bounce_count>
				<nb_visits_converted>0</nb_visits_converted>
				<nb_conversions>0</nb_conversions>
				<revenue>0</revenue>
				<sum_daily_nb_uniq_visitors>2</sum_daily_nb_uniq_visitors>
				<avg_event_value>0</avg_event_value>
			</row>
			<row>
				<label>izuna drop</label>
				<nb_visits>1</nb_visits>
				<nb_actions>1</nb_actions>
				<sum_visit_length>0</sum_visit_length>
				<bounce_count>0</bounce_count>
				<nb_visits_converted>0</nb_visits_converted>
				<nb_conversions>1</nb_conversions>
				<revenue>4786.0</revenue>
				<goals>
					<row idgoal='1'>
						<nb_conversions>0</nb_conversions>
						<revenue>0</revenue>
						<nb_visits_converted>0</nb_visits_converted>
					</row>
					<row idgoal='2'>
						<nb_conversions>0</nb_conversions>
						<revenue>0</revenue>
					</row>
				</goals>
				<sum_daily_nb_uniq_visitors>1</sum_daily_nb_uniq_visitors>
				<avg_event_value>0</avg_event_value>
			</row>
		</subtable>
	</row>
	<row>
		<label>viridian</label>
		<nb_visits>10</nb_visits>
		<nb_actions>10</nb_actions>
		<sum_visit_length>61</sum_visit_length>
		<bounce_count>0</bounce_count>
		<nb_visits_converted>0</nb_visits_converted>
		<nb_conversions>3</nb_conversions>
		<revenue>18178</revenue>
		<goals>
			<row idgoal='1'>
				<nb_conversions>0</nb_conversions>
				<revenue>0</revenue>
				<nb_visits_converted>0</nb_visits_converted>
			</row>
			<row idgoal='2'>
				<nb_conversions>0</nb_conversions>
				<revenue>0</revenue>
			</row>
		</goals>
		<sum_daily_nb_uniq_visitors>10</sum_daily_nb_uniq_visitors>
		<avg_event_value>0</avg_event_value>
		<segment>eventCategory==viridian</segment>
		<subtable>
			<row>
				<label>dragon punch</label>
				<nb_visits>3</nb_visits>
				<nb_actions>3</nb_actions>
				<sum_visit_length>0</sum_visit_length>
				<bounce_count>0</bounce_count>
				<nb_visits_converted>0</nb_visits_converted>
				<nb_conversions>1</nb_conversions>
				<revenue>5917</revenue>
				<goals>
					<row idgoal='1'>
						<nb_conversions>0</nb_conversions>
						<revenue>0</revenue>
						<nb_visits_converted>0</nb_visits_converted>
					</row>
					<row idgoal='2'>
						<nb_conversions>0</nb_conversions>
						<revenue>0</revenue>
					</row>
				</goals>
				<sum_daily_nb_uniq_visitors>3</sum_daily_nb_uniq_visitors>
				<avg_event_value>0</avg_event_value>
			</row>
			<row>
				<label>falcon punch</label>
				<nb_visits>2</nb_visits>
				<nb_actions>2</nb_actions>
				<sum_visit_length>61</sum_visit_length>
				<bounce_count>0</bounce_count>
				<nb_visits_converted>0</nb_visits_converted>
				<nb_conversions>1</nb_conversions>
				<revenue>7620</revenue>
				<goals>
					<row idgoal='1'>
						<nb_conversions>0</nb_conversions>
						<revenue>0</revenue>
						<nb_visits_converted>0</nb_visits_converted>
					</row>
					<row idgoal='2'>
						<nb_conversions>0</nb_conversions>
						<revenue>0</revenue>
					</row>
				</goals>
				<sum_daily_nb_uniq_visitors>2</sum_daily_nb_uniq_visitors>
				<avg_event_value>0</avg_event_value>
			</row>
			<row>
				<label>izuna drop</label>
				<nb_visits>2</nb_visits>
				<nb_actions>2</nb_actions>
				<sum_visit_length>0</sum_visit_length>
				<bounce_count>0</bounce_count>
				<nb_visits_converted>0</nb_visits_converted>
				<nb_conversions>0</nb_conversions>
				<revenue>0.0</revenue>
				<sum_daily_nb_uniq_visitors>2</sum_daily_nb_uniq_visitors>
				<avg_event_value>0</avg_event_value>
			</row>
			<row>
				<label>uppercut</label>
				<nb_visits>2</nb_visits>
				<nb_actions>2</nb_actions>
				<sum_visit_length>0</sum_visit_length>
				<bounce_count>0</bounce_count>
				<nb_visits_converted>0</nb_visits_converted>
				<nb_conversions>1</nb_conversions>
				<revenue>4641</revenue>
				<goals>
					<row idgoal='1'>
						<nb_conversions>0</nb_conversions>
						<revenue>0</revenue>
						<nb_visits_converted>0</nb_visits_converted>
					</row>
					<row idgoal='2'>
						<nb_conversions>0</nb_conversions>
						<revenue>0</revenue>
					</row>
				</goals>
				<sum_daily_nb_uniq_visitors>2</sum_daily_nb_uniq_visitors>
				<avg_event_value>0</avg_event_value>
			</row>
			<row>
				<label>spear throw</label>
				<nb_visits>1</nb_visits>
				<nb_actions>1</nb_actions>
				<sum_visit_length>0</sum_visit_length>
				<bounce_count>0</bounce_count>
				<nb_visits_converted>0</nb_visits_converted>
				<nb_conversions>0</nb_conversions>
				<revenue>0.0</revenue>
				<sum_daily_nb_uniq_visitors>1</sum_daily_nb_uniq_visitors>
				<avg_event_value>0</avg_event_value>
			</row>
		</subtable>
	</row>
	<row>
		<label>keylime</label>
		<nb_visits>6</nb_visits>
		<nb_actions>6</nb_actions>
		<sum_visit_length>0</sum_visit_length>
		<bounce_count>0</bounce_count>
		<nb_visits_converted>0</nb_visits_converted>
		<nb_conversions>5</nb_conversions>
		<revenue>30675</revenue>
		<goals>
			<row idgoal='1'>
				<nb_conversions>0</nb_conversions>
				<revenue>0</revenue>
				<nb_visits_converted>0</nb_visits_converted>
			</row>
			<row idgoal='2'>
				<nb_conversions>0</nb_conversions>
				<revenue>0</revenue>
			</row>
		</goals>
		<sum_daily_nb_uniq_visitors>6</sum_daily_nb_uniq_visitors>
		<avg_event_value>0</avg_event_value>
		<segment>eventCategory==keylime</segment>
		<subtable>
			<row>
				<label>spear throw</label>
				<nb_visits>2</nb_visits>
				<nb_actions>2</nb_actions>
				<sum_visit_length>0</sum_visit_length>
				<bounce_count>0</bounce_count>
				<nb_visits_converted>0</nb_visits_converted>
				<nb_conversions>2</nb_conversions>
				<revenue>10867</revenue>
				<goals>
					<row idgoal='1'>
						<nb_conversions>0</nb_conversions>
						<revenue>0</revenue>
						<nb_visits_converted>0</nb_visits_converted>
					</row>
					<row idgoal='2'>
						<nb_conversions>0</nb_conversions>
						<revenue>0</revenue>
					</row>
				</goals>
				<sum_daily_nb_uniq_visitors>2</sum_daily_nb_uniq_visitors>
				<avg_event_value>0</avg_event_value>
			</row>
			<row>
				<label>burn knuckle</label>
				<nb_visits>1</nb_visits>
				<nb_actions>1</nb_actions>
				<sum_visit_length>0</sum_visit_length>
				<bounce_count>0</bounce_count>
				<nb_visits_converted>0</nb_visits_converted>
				<nb_conversions>1</nb_conversions>
				<revenue>7172.0</revenue>
				<goals>
					<row idgoal='1'>
						<nb_conversions>0</nb_conversions>
						<revenue>0</revenue>
						<nb_visits_converted>0</nb_visits_converted>
					</row>
					<row idgoal='2'>
						<nb_conversions>0</nb_conversions>
						<revenue>0</revenue>
					</row>
				</goals>
				<sum_daily_nb_uniq_visitors>1</sum_daily_nb_uniq_visitors>
				<avg_event_value>0</avg_event_value>
			</row>
			<row>
				<label>dragon punch</label>
				<nb_visits>1</nb_visits>
				<nb_actions>1</nb_actions>
				<sum_visit_length>0</sum_visit_length>
				<bounce_count>0</bounce_count>
				<nb_visits_converted>0</nb_visits_converted>
				<nb_conversions>1</nb_conversions>
				<revenue>6208.0</revenue>
				<goals>
					<row idgoal='1'>
						<nb_conversions>0</nb_conversions>
						<revenue>0</revenue>
						<nb_visits_converted>0</nb_visits_converted>
					</row>
					<row idgoal='2'>
						<nb_conversions>0</nb_conversions>
						<revenue>0</revenue>
					</row>
				</goals>
				<sum_daily_nb_uniq_visitors>1</sum_daily_nb_uniq_visitors>
				<avg_event_value>0</avg_event_value>
			</row>
			<row>
				<label>falcon punch</label>
				<nb_visits>1</nb_visits>
				<nb_actions>1</nb_actions>
				<sum_visit_length>0</sum_visit_length>
				<bounce_count>0</bounce_count>
				<nb_visits_converted>0</nb_visits_converted>
				<nb_conversions>0</nb_conversions>
				<revenue>0.0</revenue>
				<sum_daily_nb_uniq_visitors>1</sum_daily_nb_uniq_visitors>
				<avg_event_value>0</avg_event_value>
			</row>
			<row>
				<label>izuna drop</label>
				<nb_visits>1</nb_visits>
				<nb_actions>1</nb_actions>
				<sum_visit_length>0</sum_visit_length>
				<bounce_count>0</bounce_count>
				<nb_visits_converted>0</nb_visits_converted>
				<nb_conversions>1</nb_conversions>
				<revenue>6428.0</revenue>
				<goals>
					<row idgoal='1'>
						<nb_conversions>0</nb_conversions>
						<revenue>0</revenue>
						<nb_visits_converted>0</nb_visits_converted>
					</row>
					<row idgoal='2'>
						<nb_conversions>0</nb_conversions>
						<revenue>0</revenue>
					</row>
				</goals>
				<sum_daily_nb_uniq_visitors>1</sum_daily_nb_uniq_visitors>
				<avg_event_value>0</avg_event_value>
			</row>
		</subtable>
	</row>
	<row>
		<label>scarlet</label>
		<nb_visits>3</nb_visits>
		<nb_actions>3</nb_actions>
		<sum_visit_length>0</sum_visit_length>
		<bounce_count>0</bounce_count>
		<nb_visits_converted>0</nb_visits_converted>
		<nb_conversions>1</nb_conversions>
		<revenue>5879</revenue>
		<goals>
			<row idgoal='1'>
				<nb_conversions>0</nb_conversions>
				<revenue>0</revenue>
				<nb_visits_converted>0</nb_visits_converted>
			</row>
			<row idgoal='2'>
				<nb_conversions>0</nb_conversions>
				<revenue>0</revenue>
			</row>
		</goals>
		<sum_daily_nb_uniq_visitors>3</sum_daily_nb_uniq_visitors>
		<avg_event_value>0</avg_event_value>
		<segment>eventCategory==scarlet</segment>
		<subtable>
			<row>
				<label>izuna drop</label>
				<nb_visits>2</nb_visits>
				<nb_actions>2</nb_actions>
				<sum_visit_length>0</sum_visit_length>
				<bounce_count>0</bounce_count>
				<nb_visits_converted>0</nb_visits_converted>
				<nb_conversions>1</nb_conversions>
				<revenue>5879</revenue>
				<goals>
					<row idgoal='1'>
						<nb_conversions>0</nb_conversions>
						<revenue>0</revenue>
						<nb_visits_converted>0</nb_visits_converted>
					</row>
					<row idgoal='2'>
						<nb_conversions>0</nb_conversions>
						<revenue>0</revenue>
					</row>
				</goals>
				<sum_daily_nb_uniq_visitors>2</sum_daily_nb_uniq_visitors>
				<avg_event_value>0</avg_event_value>
			</row>
			<row>
				<label>dragon punch</label>
				<nb_visits>1</nb_visits>
				<nb_actions>1</nb_actions>
				<sum_visit_length>0</sum_visit_length>
				<bounce_count>0</bounce_count>
				<nb_visits_converted>0</nb_visits_converted>
				<nb_conversions>0</nb_conversions>
				<revenue>0.0</revenue>
				<sum_daily_nb_uniq_visitors>1</sum_daily_nb_uniq_visitors>
				<avg_event_value>0</avg_event_value>
			</row>
		</subtable>
	</row>
</result>