<?xml version="1.0" encoding="utf-8" ?>
<result>
	<row>
		<label>reddit</label>
		<nb_uniq_visitors>8</nb_uniq_visitors>
		<nb_visits>8</nb_visits>
		<nb_actions>22</nb_actions>
		<sum_visit_length>2</sum_visit_length>
		<bounce_count>2</bounce_count>
		<nb_visits_converted>2</nb_visits_converted>
		<nb_conversions>3</nb_conversions>
		<revenue>6305</revenue>
		<goals>
			<row idgoal='1'>
				<nb_conversions>2</nb_conversions>
				<revenue>0</revenue>
				<nb_visits_converted>2</nb_visits_converted>
			</row>
			<row idgoal='2'>
				<nb_conversions>0</nb_conversions>
				<revenue>0</revenue>
			</row>
		</goals>
		<url>reddit.com</url>
		<logo>plugins/Morpheus/icons/dist/socials/reddit.com.png</logo>
		<subtable>
			<row>
				<label>http://reddit.com/r/scuba/comments/8mrd88/snapped_this_pic_on_my_first_dive_post_cert/</label>
				<nb_uniq_visitors>4</nb_uniq_visitors>
				<nb_visits>4</nb_visits>
				<nb_actions>9</nb_actions>
				<sum_visit_length>2</sum_visit_length>
				<bounce_count>1</bounce_count>
				<nb_visits_converted>1</nb_visits_converted>
				<nb_conversions>1</nb_conversions>
				<revenue>0.0</revenue>
				<goals>
					<row idgoal='1'>
						<nb_conversions>1</nb_conversions>
						<revenue>0</revenue>
						<nb_visits_converted>1</nb_visits_converted>
					</row>
					<row idgoal='2'>
						<nb_conversions>0</nb_conversions>
						<revenue>0</revenue>
					</row>
				</goals>
			</row>
			<row>
				<label>http://reddit.com/r/scuba/comments/8mpl4j/open_water_divers_being_born/</label>
				<nb_uniq_visitors>2</nb_uniq_visitors>
				<nb_visits>2</nb_visits>
				<nb_actions>4</nb_actions>
				<sum_visit_length>0</sum_visit_length>
				<bounce_count>0</bounce_count>
				<nb_visits_converted>0</nb_visits_converted>
				<nb_conversions>0</nb_conversions>
				<revenue>0.0</revenue>
			</row>
			<row>
				<label>http://reddit.com/r/scuba/comments/8mtp0i/five_rules_shearwater_broke_with_the_teric/</label>
				<nb_uniq_visitors>2</nb_uniq_visitors>
				<nb_visits>2</nb_visits>
				<nb_actions>9</nb_actions>
				<sum_visit_length>0</sum_visit_length>
				<bounce_count>1</bounce_count>
				<nb_visits_converted>1</nb_visits_converted>
				<nb_conversions>2</nb_conversions>
				<revenue>6305.0</revenue>
				<goals>
					<row idgoal='1'>
						<nb_conversions>1</nb_conversions>
						<revenue>0</revenue>
						<nb_visits_converted>1</nb_visits_converted>
					</row>
					<row idgoal='2'>
						<nb_conversions>0</nb_conversions>
						<revenue>0</revenue>
					</row>
				</goals>
			</row>
		</subtable>
	</row>
</result>