<?xml version="1.0" encoding="utf-8" ?>
<result>
	<row>
		<label>Ibuki</label>
		<nb_uniq_visitors>23</nb_uniq_visitors>
		<nb_visits>23</nb_visits>
		<nb_actions>23</nb_actions>
		<sum_visit_length>999</sum_visit_length>
		<bounce_count>0</bounce_count>
		<nb_visits_converted>0</nb_visits_converted>
		<nb_conversions>8</nb_conversions>
		<revenue>60320</revenue>
		<goals>
			<row idgoal='1'>
				<nb_conversions>0</nb_conversions>
				<revenue>0</revenue>
				<nb_visits_converted>0</nb_visits_converted>
			</row>
			<row idgoal='2'>
				<nb_conversions>0</nb_conversions>
				<revenue>0</revenue>
			</row>
		</goals>
		<avg_event_value>0</avg_event_value>
		<segment>eventName==Ibuki</segment>
		<subtable>
			<row>
				<label>spear throw</label>
				<nb_uniq_visitors>6</nb_uniq_visitors>
				<nb_visits>6</nb_visits>
				<nb_actions>6</nb_actions>
				<sum_visit_length>499</sum_visit_length>
				<bounce_count>0</bounce_count>
				<nb_visits_converted>0</nb_visits_converted>
				<nb_conversions>2</nb_conversions>
				<revenue>15804</revenue>
				<goals>
					<row idgoal='1'>
						<nb_conversions>0</nb_conversions>
						<revenue>0</revenue>
						<nb_visits_converted>0</nb_visits_converted>
					</row>
					<row idgoal='2'>
						<nb_conversions>0</nb_conversions>
						<revenue>0</revenue>
					</row>
				</goals>
				<avg_event_value>0</avg_event_value>
			</row>
			<row>
				<label>falcon punch</label>
				<nb_uniq_visitors>5</nb_uniq_visitors>
				<nb_visits>5</nb_visits>
				<nb_actions>5</nb_actions>
				<sum_visit_length>5</sum_visit_length>
				<bounce_count>0</bounce_count>
				<nb_visits_converted>0</nb_visits_converted>
				<nb_conversions>1</nb_conversions>
				<revenue>7141</revenue>
				<goals>
					<row idgoal='1'>
						<nb_conversions>0</nb_conversions>
						<revenue>0</revenue>
						<nb_visits_converted>0</nb_visits_converted>
					</row>
					<row idgoal='2'>
						<nb_conversions>0</nb_conversions>
						<revenue>0</revenue>
					</row>
				</goals>
				<avg_event_value>0</avg_event_value>
			</row>
			<row>
				<label>uppercut</label>
				<nb_uniq_visitors>4</nb_uniq_visitors>
				<nb_visits>4</nb_visits>
				<nb_actions>4</nb_actions>
				<sum_visit_length>223</sum_visit_length>
				<bounce_count>0</bounce_count>
				<nb_visits_converted>0</nb_visits_converted>
				<nb_conversions>2</nb_conversions>
				<revenue>9371</revenue>
				<goals>
					<row idgoal='1'>
						<nb_conversions>0</nb_conversions>
						<revenue>0</revenue>
						<nb_visits_converted>0</nb_visits_converted>
					</row>
					<row idgoal='2'>
						<nb_conversions>0</nb_conversions>
						<revenue>0</revenue>
					</row>
				</goals>
				<avg_event_value>0</avg_event_value>
			</row>
			<row>
				<label>burn knuckle</label>
				<nb_uniq_visitors>3</nb_uniq_visitors>
				<nb_visits>3</nb_visits>
				<nb_actions>3</nb_actions>
				<sum_visit_length>4</sum_visit_length>
				<bounce_count>0</bounce_count>
				<nb_visits_converted>0</nb_visits_converted>
				<nb_conversions>1</nb_conversions>
				<revenue>7315</revenue>
				<goals>
					<row idgoal='1'>
						<nb_conversions>0</nb_conversions>
						<revenue>0</revenue>
						<nb_visits_converted>0</nb_visits_converted>
					</row>
					<row idgoal='2'>
						<nb_conversions>0</nb_conversions>
						<revenue>0</revenue>
					</row>
				</goals>
				<avg_event_value>0</avg_event_value>
			</row>
			<row>
				<label>dragon punch</label>
				<nb_uniq_visitors>3</nb_uniq_visitors>
				<nb_visits>3</nb_visits>
				<nb_actions>3</nb_actions>
				<sum_visit_length>98</sum_visit_length>
				<bounce_count>0</bounce_count>
				<nb_visits_converted>0</nb_visits_converted>
				<nb_conversions>0</nb_conversions>
				<revenue>0</revenue>
				<avg_event_value>0</avg_event_value>
			</row>
			<row>
				<label>izuna drop</label>
				<nb_uniq_visitors>2</nb_uniq_visitors>
				<nb_visits>2</nb_visits>
				<nb_actions>2</nb_actions>
				<sum_visit_length>170</sum_visit_length>
				<bounce_count>0</bounce_count>
				<nb_visits_converted>0</nb_visits_converted>
				<nb_conversions>2</nb_conversions>
				<revenue>20689</revenue>
				<goals>
					<row idgoal='1'>
						<nb_conversions>0</nb_conversions>
						<revenue>0</revenue>
						<nb_visits_converted>0</nb_visits_converted>
					</row>
					<row idgoal='2'>
						<nb_conversions>0</nb_conversions>
						<revenue>0</revenue>
					</row>
				</goals>
				<avg_event_value>0</avg_event_value>
			</row>
		</subtable>
	</row>
	<row>
		<label>Ryu</label>
		<nb_uniq_visitors>20</nb_uniq_visitors>
		<nb_visits>21</nb_visits>
		<nb_actions>21</nb_actions>
		<sum_visit_length>2128</sum_visit_length>
		<bounce_count>0</bounce_count>
		<nb_visits_converted>0</nb_visits_converted>
		<nb_conversions>10</nb_conversions>
		<revenue>92661</revenue>
		<goals>
			<row idgoal='1'>
				<nb_conversions>0</nb_conversions>
				<revenue>0</revenue>
				<nb_visits_converted>0</nb_visits_converted>
			</row>
			<row idgoal='2'>
				<nb_conversions>0</nb_conversions>
				<revenue>0</revenue>
			</row>
		</goals>
		<avg_event_value>0</avg_event_value>
		<segment>eventName==Ryu</segment>
		<subtable>
			<row>
				<label>burn knuckle</label>
				<nb_uniq_visitors>7</nb_uniq_visitors>
				<nb_visits>7</nb_visits>
				<nb_actions>7</nb_actions>
				<sum_visit_length>639</sum_visit_length>
				<bounce_count>0</bounce_count>
				<nb_visits_converted>0</nb_visits_converted>
				<nb_conversions>4</nb_conversions>
				<revenue>35948</revenue>
				<goals>
					<row idgoal='1'>
						<nb_conversions>0</nb_conversions>
						<revenue>0</revenue>
						<nb_visits_converted>0</nb_visits_converted>
					</row>
					<row idgoal='2'>
						<nb_conversions>0</nb_conversions>
						<revenue>0</revenue>
					</row>
				</goals>
				<avg_event_value>0</avg_event_value>
			</row>
			<row>
				<label>falcon punch</label>
				<nb_uniq_visitors>4</nb_uniq_visitors>
				<nb_visits>5</nb_visits>
				<nb_actions>5</nb_actions>
				<sum_visit_length>848</sum_visit_length>
				<bounce_count>0</bounce_count>
				<nb_visits_converted>0</nb_visits_converted>
				<nb_conversions>1</nb_conversions>
				<revenue>12741</revenue>
				<goals>
					<row idgoal='1'>
						<nb_conversions>0</nb_conversions>
						<revenue>0</revenue>
						<nb_visits_converted>0</nb_visits_converted>
					</row>
					<row idgoal='2'>
						<nb_conversions>0</nb_conversions>
						<revenue>0</revenue>
					</row>
				</goals>
				<avg_event_value>0</avg_event_value>
			</row>
			<row>
				<label>dragon punch</label>
				<nb_uniq_visitors>4</nb_uniq_visitors>
				<nb_visits>4</nb_visits>
				<nb_actions>4</nb_actions>
				<sum_visit_length>6</sum_visit_length>
				<bounce_count>0</bounce_count>
				<nb_visits_converted>0</nb_visits_converted>
				<nb_conversions>2</nb_conversions>
				<revenue>14989</revenue>
				<goals>
					<row idgoal='1'>
						<nb_conversions>0</nb_conversions>
						<revenue>0</revenue>
						<nb_visits_converted>0</nb_visits_converted>
					</row>
					<row idgoal='2'>
						<nb_conversions>0</nb_conversions>
						<revenue>0</revenue>
					</row>
				</goals>
				<avg_event_value>0</avg_event_value>
			</row>
			<row>
				<label>izuna drop</label>
				<nb_uniq_visitors>3</nb_uniq_visitors>
				<nb_visits>3</nb_visits>
				<nb_actions>3</nb_actions>
				<sum_visit_length>222</sum_visit_length>
				<bounce_count>0</bounce_count>
				<nb_visits_converted>0</nb_visits_converted>
				<nb_conversions>2</nb_conversions>
				<revenue>14759</revenue>
				<goals>
					<row idgoal='1'>
						<nb_conversions>0</nb_conversions>
						<revenue>0</revenue>
						<nb_visits_converted>0</nb_visits_converted>
					</row>
					<row idgoal='2'>
						<nb_conversions>0</nb_conversions>
						<revenue>0</revenue>
					</row>
				</goals>
				<avg_event_value>0</avg_event_value>
			</row>
			<row>
				<label>spear throw</label>
				<nb_uniq_visitors>1</nb_uniq_visitors>
				<nb_visits>1</nb_visits>
				<nb_actions>1</nb_actions>
				<sum_visit_length>317</sum_visit_length>
				<bounce_count>0</bounce_count>
				<nb_visits_converted>0</nb_visits_converted>
				<nb_conversions>1</nb_conversions>
				<revenue>14224.0</revenue>
				<goals>
					<row idgoal='1'>
						<nb_conversions>0</nb_conversions>
						<revenue>0</revenue>
						<nb_visits_converted>0</nb_visits_converted>
					</row>
					<row idgoal='2'>
						<nb_conversions>0</nb_conversions>
						<revenue>0</revenue>
					</row>
				</goals>
				<avg_event_value>0</avg_event_value>
			</row>
			<row>
				<label>uppercut</label>
				<nb_uniq_visitors>1</nb_uniq_visitors>
				<nb_visits>1</nb_visits>
				<nb_actions>1</nb_actions>
				<sum_visit_length>96</sum_visit_length>
				<bounce_count>0</bounce_count>
				<nb_visits_converted>0</nb_visits_converted>
				<nb_conversions>0</nb_conversions>
				<revenue>0.0</revenue>
				<avg_event_value>0</avg_event_value>
			</row>
		</subtable>
	</row>
	<row>
		<label>Cammy</label>
		<nb_uniq_visitors>18</nb_uniq_visitors>
		<nb_visits>18</nb_visits>
		<nb_actions>18</nb_actions>
		<sum_visit_length>1803</sum_visit_length>
		<bounce_count>0</bounce_count>
		<nb_visits_converted>0</nb_visits_converted>
		<nb_conversions>7</nb_conversions>
		<revenue>55244</revenue>
		<goals>
			<row idgoal='1'>
				<nb_conversions>0</nb_conversions>
				<revenue>0</revenue>
				<nb_visits_converted>0</nb_visits_converted>
			</row>
			<row idgoal='2'>
				<nb_conversions>0</nb_conversions>
				<revenue>0</revenue>
			</row>
		</goals>
		<avg_event_value>0</avg_event_value>
		<segment>eventName==Cammy</segment>
		<subtable>
			<row>
				<label>dragon punch</label>
				<nb_uniq_visitors>5</nb_uniq_visitors>
				<nb_visits>5</nb_visits>
				<nb_actions>5</nb_actions>
				<sum_visit_length>1240</sum_visit_length>
				<bounce_count>0</bounce_count>
				<nb_visits_converted>0</nb_visits_converted>
				<nb_conversions>3</nb_conversions>
				<revenue>29687</revenue>
				<goals>
					<row idgoal='1'>
						<nb_conversions>0</nb_conversions>
						<revenue>0</revenue>
						<nb_visits_converted>0</nb_visits_converted>
					</row>
					<row idgoal='2'>
						<nb_conversions>0</nb_conversions>
						<revenue>0</revenue>
					</row>
				</goals>
				<avg_event_value>0</avg_event_value>
			</row>
			<row>
				<label>falcon punch</label>
				<nb_uniq_visitors>5</nb_uniq_visitors>
				<nb_visits>5</nb_visits>
				<nb_actions>5</nb_actions>
				<sum_visit_length>411</sum_visit_length>
				<bounce_count>0</bounce_count>
				<nb_visits_converted>0</nb_visits_converted>
				<nb_conversions>1</nb_conversions>
				<revenue>2109</revenue>
				<goals>
					<row idgoal='1'>
						<nb_conversions>0</nb_conversions>
						<revenue>0</revenue>
						<nb_visits_converted>0</nb_visits_converted>
					</row>
					<row idgoal='2'>
						<nb_conversions>0</nb_conversions>
						<revenue>0</revenue>
					</row>
				</goals>
				<avg_event_value>0</avg_event_value>
			</row>
			<row>
				<label>uppercut</label>
				<nb_uniq_visitors>3</nb_uniq_visitors>
				<nb_visits>3</nb_visits>
				<nb_actions>3</nb_actions>
				<sum_visit_length>24</sum_visit_length>
				<bounce_count>0</bounce_count>
				<nb_visits_converted>0</nb_visits_converted>
				<nb_conversions>0</nb_conversions>
				<revenue>0</revenue>
				<avg_event_value>0</avg_event_value>
			</row>
			<row>
				<label>izuna drop</label>
				<nb_uniq_visitors>2</nb_uniq_visitors>
				<nb_visits>2</nb_visits>
				<nb_actions>2</nb_actions>
				<sum_visit_length>101</sum_visit_length>
				<bounce_count>0</bounce_count>
				<nb_visits_converted>0</nb_visits_converted>
				<nb_conversions>1</nb_conversions>
				<revenue>5995</revenue>
				<goals>
					<row idgoal='1'>
						<nb_conversions>0</nb_conversions>
						<revenue>0</revenue>
						<nb_visits_converted>0</nb_visits_converted>
					</row>
					<row idgoal='2'>
						<nb_conversions>0</nb_conversions>
						<revenue>0</revenue>
					</row>
				</goals>
				<avg_event_value>0</avg_event_value>
			</row>
			<row>
				<label>spear throw</label>
				<nb_uniq_visitors>2</nb_uniq_visitors>
				<nb_visits>2</nb_visits>
				<nb_actions>2</nb_actions>
				<sum_visit_length>25</sum_visit_length>
				<bounce_count>0</bounce_count>
				<nb_visits_converted>0</nb_visits_converted>
				<nb_conversions>1</nb_conversions>
				<revenue>8736</revenue>
				<goals>
					<row idgoal='1'>
						<nb_conversions>0</nb_conversions>
						<revenue>0</revenue>
						<nb_visits_converted>0</nb_visits_converted>
					</row>
					<row idgoal='2'>
						<nb_conversions>0</nb_conversions>
						<revenue>0</revenue>
					</row>
				</goals>
				<avg_event_value>0</avg_event_value>
			</row>
			<row>
				<label>burn knuckle</label>
				<nb_uniq_visitors>1</nb_uniq_visitors>
				<nb_visits>1</nb_visits>
				<nb_actions>1</nb_actions>
				<sum_visit_length>2</sum_visit_length>
				<bounce_count>0</bounce_count>
				<nb_visits_converted>0</nb_visits_converted>
				<nb_conversions>1</nb_conversions>
				<revenue>8717.0</revenue>
				<goals>
					<row idgoal='1'>
						<nb_conversions>0</nb_conversions>
						<revenue>0</revenue>
						<nb_visits_converted>0</nb_visits_converted>
					</row>
					<row idgoal='2'>
						<nb_conversions>0</nb_conversions>
						<revenue>0</revenue>
					</row>
				</goals>
				<avg_event_value>0</avg_event_value>
			</row>
		</subtable>
	</row>
	<row>
		<label>Akuma</label>
		<nb_uniq_visitors>17</nb_uniq_visitors>
		<nb_visits>17</nb_visits>
		<nb_actions>17</nb_actions>
		<sum_visit_length>858</sum_visit_length>
		<bounce_count>0</bounce_count>
		<nb_visits_converted>0</nb_visits_converted>
		<nb_conversions>10</nb_conversions>
		<revenue>102442</revenue>
		<goals>
			<row idgoal='1'>
				<nb_conversions>0</nb_conversions>
				<revenue>0</revenue>
				<nb_visits_converted>0</nb_visits_converted>
			</row>
			<row idgoal='2'>
				<nb_conversions>0</nb_conversions>
				<revenue>0</revenue>
			</row>
		</goals>
		<avg_event_value>0</avg_event_value>
		<segment>eventName==Akuma</segment>
		<subtable>
			<row>
				<label>dragon punch</label>
				<nb_uniq_visitors>4</nb_uniq_visitors>
				<nb_visits>4</nb_visits>
				<nb_actions>4</nb_actions>
				<sum_visit_length>40</sum_visit_length>
				<bounce_count>0</bounce_count>
				<nb_visits_converted>0</nb_visits_converted>
				<nb_conversions>4</nb_conversions>
				<revenue>40547</revenue>
				<goals>
					<row idgoal='1'>
						<nb_conversions>0</nb_conversions>
						<revenue>0</revenue>
						<nb_visits_converted>0</nb_visits_converted>
					</row>
					<row idgoal='2'>
						<nb_conversions>0</nb_conversions>
						<revenue>0</revenue>
					</row>
				</goals>
				<avg_event_value>0</avg_event_value>
			</row>
			<row>
				<label>burn knuckle</label>
				<nb_uniq_visitors>3</nb_uniq_visitors>
				<nb_visits>3</nb_visits>
				<nb_actions>3</nb_actions>
				<sum_visit_length>156</sum_visit_length>
				<bounce_count>0</bounce_count>
				<nb_visits_converted>0</nb_visits_converted>
				<nb_conversions>1</nb_conversions>
				<revenue>12488</revenue>
				<goals>
					<row idgoal='1'>
						<nb_conversions>0</nb_conversions>
						<revenue>0</revenue>
						<nb_visits_converted>0</nb_visits_converted>
					</row>
					<row idgoal='2'>
						<nb_conversions>0</nb_conversions>
						<revenue>0</revenue>
					</row>
				</goals>
				<avg_event_value>0</avg_event_value>
			</row>
			<row>
				<label>falcon punch</label>
				<nb_uniq_visitors>3</nb_uniq_visitors>
				<nb_visits>3</nb_visits>
				<nb_actions>3</nb_actions>
				<sum_visit_length>554</sum_visit_length>
				<bounce_count>0</bounce_count>
				<nb_visits_converted>0</nb_visits_converted>
				<nb_conversions>2</nb_conversions>
				<revenue>27720</revenue>
				<goals>
					<row idgoal='1'>
						<nb_conversions>0</nb_conversions>
						<revenue>0</revenue>
						<nb_visits_converted>0</nb_visits_converted>
					</row>
					<row idgoal='2'>
						<nb_conversions>0</nb_conversions>
						<revenue>0</revenue>
					</row>
				</goals>
				<avg_event_value>0</avg_event_value>
			</row>
			<row>
				<label>uppercut</label>
				<nb_uniq_visitors>3</nb_uniq_visitors>
				<nb_visits>3</nb_visits>
				<nb_actions>3</nb_actions>
				<sum_visit_length>102</sum_visit_length>
				<bounce_count>0</bounce_count>
				<nb_visits_converted>0</nb_visits_converted>
				<nb_conversions>1</nb_conversions>
				<revenue>6676.0</revenue>
				<goals>
					<row idgoal='1'>
						<nb_conversions>0</nb_conversions>
						<revenue>0</revenue>
						<nb_visits_converted>0</nb_visits_converted>
					</row>
					<row idgoal='2'>
						<nb_conversions>0</nb_conversions>
						<revenue>0</revenue>
					</row>
				</goals>
				<avg_event_value>0</avg_event_value>
			</row>
			<row>
				<label>izuna drop</label>
				<nb_uniq_visitors>2</nb_uniq_visitors>
				<nb_visits>2</nb_visits>
				<nb_actions>2</nb_actions>
				<sum_visit_length>3</sum_visit_length>
				<bounce_count>0</bounce_count>
				<nb_visits_converted>0</nb_visits_converted>
				<nb_conversions>1</nb_conversions>
				<revenue>3917</revenue>
				<goals>
					<row idgoal='1'>
						<nb_conversions>0</nb_conversions>
						<revenue>0</revenue>
						<nb_visits_converted>0</nb_visits_converted>
					</row>
					<row idgoal='2'>
						<nb_conversions>0</nb_conversions>
						<revenue>0</revenue>
					</row>
				</goals>
				<avg_event_value>0</avg_event_value>
			</row>
			<row>
				<label>spear throw</label>
				<nb_uniq_visitors>2</nb_uniq_visitors>
				<nb_visits>2</nb_visits>
				<nb_actions>2</nb_actions>
				<sum_visit_length>3</sum_visit_length>
				<bounce_count>0</bounce_count>
				<nb_visits_converted>0</nb_visits_converted>
				<nb_conversions>1</nb_conversions>
				<revenue>11094</revenue>
				<goals>
					<row idgoal='1'>
						<nb_conversions>0</nb_conversions>
						<revenue>0</revenue>
						<nb_visits_converted>0</nb_visits_converted>
					</row>
					<row idgoal='2'>
						<nb_conversions>0</nb_conversions>
						<revenue>0</revenue>
					</row>
				</goals>
				<avg_event_value>0</avg_event_value>
			</row>
		</subtable>
	</row>
	<row>
		<label>Vega</label>
		<nb_uniq_visitors>15</nb_uniq_visitors>
		<nb_visits>15</nb_visits>
		<nb_actions>15</nb_actions>
		<sum_visit_length>1002</sum_visit_length>
		<bounce_count>0</bounce_count>
		<nb_visits_converted>0</nb_visits_converted>
		<nb_conversions>10</nb_conversions>
		<revenue>65944</revenue>
		<goals>
			<row idgoal='1'>
				<nb_conversions>0</nb_conversions>
				<revenue>0</revenue>
				<nb_visits_converted>0</nb_visits_converted>
			</row>
			<row idgoal='2'>
				<nb_conversions>0</nb_conversions>
				<revenue>0</revenue>
			</row>
		</goals>
		<avg_event_value>0</avg_event_value>
		<segment>eventName==Vega</segment>
		<subtable>
			<row>
				<label>burn knuckle</label>
				<nb_uniq_visitors>4</nb_uniq_visitors>
				<nb_visits>4</nb_visits>
				<nb_actions>4</nb_actions>
				<sum_visit_length>309</sum_visit_length>
				<bounce_count>0</bounce_count>
				<nb_visits_converted>0</nb_visits_converted>
				<nb_conversions>3</nb_conversions>
				<revenue>16085</revenue>
				<goals>
					<row idgoal='1'>
						<nb_conversions>0</nb_conversions>
						<revenue>0</revenue>
						<nb_visits_converted>0</nb_visits_converted>
					</row>
					<row idgoal='2'>
						<nb_conversions>0</nb_conversions>
						<revenue>0</revenue>
					</row>
				</goals>
				<avg_event_value>0</avg_event_value>
			</row>
			<row>
				<label>dragon punch</label>
				<nb_uniq_visitors>4</nb_uniq_visitors>
				<nb_visits>4</nb_visits>
				<nb_actions>4</nb_actions>
				<sum_visit_length>7</sum_visit_length>
				<bounce_count>0</bounce_count>
				<nb_visits_converted>0</nb_visits_converted>
				<nb_conversions>3</nb_conversions>
				<revenue>29527</revenue>
				<goals>
					<row idgoal='1'>
						<nb_conversions>0</nb_conversions>
						<revenue>0</revenue>
						<nb_visits_converted>0</nb_visits_converted>
					</row>
					<row idgoal='2'>
						<nb_conversions>0</nb_conversions>
						<revenue>0</revenue>
					</row>
				</goals>
				<avg_event_value>0</avg_event_value>
			</row>
			<row>
				<label>izuna drop</label>
				<nb_uniq_visitors>3</nb_uniq_visitors>
				<nb_visits>3</nb_visits>
				<nb_actions>3</nb_actions>
				<sum_visit_length>81</sum_visit_length>
				<bounce_count>0</bounce_count>
				<nb_visits_converted>0</nb_visits_converted>
				<nb_conversions>1</nb_conversions>
				<revenue>4914</revenue>
				<goals>
					<row idgoal='1'>
						<nb_conversions>0</nb_conversions>
						<revenue>0</revenue>
						<nb_visits_converted>0</nb_visits_converted>
					</row>
					<row idgoal='2'>
						<nb_conversions>0</nb_conversions>
						<revenue>0</revenue>
					</row>
				</goals>
				<avg_event_value>0</avg_event_value>
			</row>
			<row>
				<label>falcon punch</label>
				<nb_uniq_visitors>2</nb_uniq_visitors>
				<nb_visits>2</nb_visits>
				<nb_actions>2</nb_actions>
				<sum_visit_length>594</sum_visit_length>
				<bounce_count>0</bounce_count>
				<nb_visits_converted>0</nb_visits_converted>
				<nb_conversions>2</nb_conversions>
				<revenue>10606</revenue>
				<goals>
					<row idgoal='1'>
						<nb_conversions>0</nb_conversions>
						<revenue>0</revenue>
						<nb_visits_converted>0</nb_visits_converted>
					</row>
					<row idgoal='2'>
						<nb_conversions>0</nb_conversions>
						<revenue>0</revenue>
					</row>
				</goals>
				<avg_event_value>0</avg_event_value>
			</row>
			<row>
				<label>spear throw</label>
				<nb_uniq_visitors>2</nb_uniq_visitors>
				<nb_visits>2</nb_visits>
				<nb_actions>2</nb_actions>
				<sum_visit_length>11</sum_visit_length>
				<bounce_count>0</bounce_count>
				<nb_visits_converted>0</nb_visits_converted>
				<nb_conversions>1</nb_conversions>
				<revenue>4812</revenue>
				<goals>
					<row idgoal='1'>
						<nb_conversions>0</nb_conversions>
						<revenue>0</revenue>
						<nb_visits_converted>0</nb_visits_converted>
					</row>
					<row idgoal='2'>
						<nb_conversions>0</nb_conversions>
						<revenue>0</revenue>
					</row>
				</goals>
				<avg_event_value>0</avg_event_value>
			</row>
		</subtable>
	</row>
	<row>
		<label>Crimson Viper</label>
		<nb_uniq_visitors>13</nb_uniq_visitors>
		<nb_visits>13</nb_visits>
		<nb_actions>13</nb_actions>
		<sum_visit_length>791</sum_visit_length>
		<bounce_count>0</bounce_count>
		<nb_visits_converted>0</nb_visits_converted>
		<nb_conversions>7</nb_conversions>
		<revenue>50336</revenue>
		<goals>
			<row idgoal='1'>
				<nb_conversions>0</nb_conversions>
				<revenue>0</revenue>
				<nb_visits_converted>0</nb_visits_converted>
			</row>
			<row idgoal='2'>
				<nb_conversions>0</nb_conversions>
				<revenue>0</revenue>
			</row>
		</goals>
		<avg_event_value>0</avg_event_value>
		<segment>eventName==Crimson+Viper</segment>
		<subtable>
			<row>
				<label>izuna drop</label>
				<nb_uniq_visitors>7</nb_uniq_visitors>
				<nb_visits>7</nb_visits>
				<nb_actions>7</nb_actions>
				<sum_visit_length>611</sum_visit_length>
				<bounce_count>0</bounce_count>
				<nb_visits_converted>0</nb_visits_converted>
				<nb_conversions>4</nb_conversions>
				<revenue>27740</revenue>
				<goals>
					<row idgoal='1'>
						<nb_conversions>0</nb_conversions>
						<revenue>0</revenue>
						<nb_visits_converted>0</nb_visits_converted>
					</row>
					<row idgoal='2'>
						<nb_conversions>0</nb_conversions>
						<revenue>0</revenue>
					</row>
				</goals>
				<avg_event_value>0</avg_event_value>
			</row>
			<row>
				<label>falcon punch</label>
				<nb_uniq_visitors>2</nb_uniq_visitors>
				<nb_visits>2</nb_visits>
				<nb_actions>2</nb_actions>
				<sum_visit_length>2</sum_visit_length>
				<bounce_count>0</bounce_count>
				<nb_visits_converted>0</nb_visits_converted>
				<nb_conversions>0</nb_conversions>
				<revenue>0.0</revenue>
				<avg_event_value>0</avg_event_value>
			</row>
			<row>
				<label>spear throw</label>
				<nb_uniq_visitors>2</nb_uniq_visitors>
				<nb_visits>2</nb_visits>
				<nb_actions>2</nb_actions>
				<sum_visit_length>4</sum_visit_length>
				<bounce_count>0</bounce_count>
				<nb_visits_converted>0</nb_visits_converted>
				<nb_conversions>2</nb_conversions>
				<revenue>20749</revenue>
				<goals>
					<row idgoal='1'>
						<nb_conversions>0</nb_conversions>
						<revenue>0</revenue>
						<nb_visits_converted>0</nb_visits_converted>
					</row>
					<row idgoal='2'>
						<nb_conversions>0</nb_conversions>
						<revenue>0</revenue>
					</row>
				</goals>
				<avg_event_value>0</avg_event_value>
			</row>
			<row>
				<label>dragon punch</label>
				<nb_uniq_visitors>1</nb_uniq_visitors>
				<nb_visits>1</nb_visits>
				<nb_actions>1</nb_actions>
				<sum_visit_length>172</sum_visit_length>
				<bounce_count>0</bounce_count>
				<nb_visits_converted>0</nb_visits_converted>
				<nb_conversions>0</nb_conversions>
				<revenue>0.0</revenue>
				<avg_event_value>0</avg_event_value>
			</row>
			<row>
				<label>uppercut</label>
				<nb_uniq_visitors>1</nb_uniq_visitors>
				<nb_visits>1</nb_visits>
				<nb_actions>1</nb_actions>
				<sum_visit_length>2</sum_visit_length>
				<bounce_count>0</bounce_count>
				<nb_visits_converted>0</nb_visits_converted>
				<nb_conversions>1</nb_conversions>
				<revenue>1847.0</revenue>
				<goals>
					<row idgoal='1'>
						<nb_conversions>0</nb_conversions>
						<revenue>0</revenue>
						<nb_visits_converted>0</nb_visits_converted>
					</row>
					<row idgoal='2'>
						<nb_conversions>0</nb_conversions>
						<revenue>0</revenue>
					</row>
				</goals>
				<avg_event_value>0</avg_event_value>
			</row>
		</subtable>
	</row>
	<row>
		<label>Chun-Li</label>
		<nb_uniq_visitors>11</nb_uniq_visitors>
		<nb_visits>11</nb_visits>
		<nb_actions>11</nb_actions>
		<sum_visit_length>529</sum_visit_length>
		<bounce_count>0</bounce_count>
		<nb_visits_converted>0</nb_visits_converted>
		<nb_conversions>6</nb_conversions>
		<revenue>43868</revenue>
		<goals>
			<row idgoal='1'>
				<nb_conversions>0</nb_conversions>
				<revenue>0</revenue>
				<nb_visits_converted>0</nb_visits_converted>
			</row>
			<row idgoal='2'>
				<nb_conversions>0</nb_conversions>
				<revenue>0</revenue>
			</row>
		</goals>
		<avg_event_value>0</avg_event_value>
		<segment>eventName==Chun-Li</segment>
		<subtable>
			<row>
				<label>uppercut</label>
				<nb_uniq_visitors>4</nb_uniq_visitors>
				<nb_visits>4</nb_visits>
				<nb_actions>4</nb_actions>
				<sum_visit_length>7</sum_visit_length>
				<bounce_count>0</bounce_count>
				<nb_visits_converted>0</nb_visits_converted>
				<nb_conversions>3</nb_conversions>
				<revenue>18825</revenue>
				<goals>
					<row idgoal='1'>
						<nb_conversions>0</nb_conversions>
						<revenue>0</revenue>
						<nb_visits_converted>0</nb_visits_converted>
					</row>
					<row idgoal='2'>
						<nb_conversions>0</nb_conversions>
						<revenue>0</revenue>
					</row>
				</goals>
				<avg_event_value>0</avg_event_value>
			</row>
			<row>
				<label>spear throw</label>
				<nb_uniq_visitors>3</nb_uniq_visitors>
				<nb_visits>3</nb_visits>
				<nb_actions>3</nb_actions>
				<sum_visit_length>184</sum_visit_length>
				<bounce_count>0</bounce_count>
				<nb_visits_converted>0</nb_visits_converted>
				<nb_conversions>2</nb_conversions>
				<revenue>18232</revenue>
				<goals>
					<row idgoal='1'>
						<nb_conversions>0</nb_conversions>
						<revenue>0</revenue>
						<nb_visits_converted>0</nb_visits_converted>
					</row>
					<row idgoal='2'>
						<nb_conversions>0</nb_conversions>
						<revenue>0</revenue>
					</row>
				</goals>
				<avg_event_value>0</avg_event_value>
			</row>
			<row>
				<label>dragon punch</label>
				<nb_uniq_visitors>2</nb_uniq_visitors>
				<nb_visits>2</nb_visits>
				<nb_actions>2</nb_actions>
				<sum_visit_length>294</sum_visit_length>
				<bounce_count>0</bounce_count>
				<nb_visits_converted>0</nb_visits_converted>
				<nb_conversions>0</nb_conversions>
				<revenue>0</revenue>
				<avg_event_value>0</avg_event_value>
			</row>
			<row>
				<label>falcon punch</label>
				<nb_uniq_visitors>1</nb_uniq_visitors>
				<nb_visits>1</nb_visits>
				<nb_actions>1</nb_actions>
				<sum_visit_length>13</sum_visit_length>
				<bounce_count>0</bounce_count>
				<nb_visits_converted>0</nb_visits_converted>
				<nb_conversions>1</nb_conversions>
				<revenue>6811.0</revenue>
				<goals>
					<row idgoal='1'>
						<nb_conversions>0</nb_conversions>
						<revenue>0</revenue>
						<nb_visits_converted>0</nb_visits_converted>
					</row>
					<row idgoal='2'>
						<nb_conversions>0</nb_conversions>
						<revenue>0</revenue>
					</row>
				</goals>
				<avg_event_value>0</avg_event_value>
			</row>
			<row>
				<label>izuna drop</label>
				<nb_uniq_visitors>1</nb_uniq_visitors>
				<nb_visits>1</nb_visits>
				<nb_actions>1</nb_actions>
				<sum_visit_length>31</sum_visit_length>
				<bounce_count>0</bounce_count>
				<nb_visits_converted>0</nb_visits_converted>
				<nb_conversions>0</nb_conversions>
				<revenue>0.0</revenue>
				<avg_event_value>0</avg_event_value>
			</row>
		</subtable>
	</row>
</result>