<?xml version="1.0" encoding="utf-8" ?>
<result>
	<row>
		<label>0+ days</label>
		<nb_uniq_visitors>74</nb_uniq_visitors>
		<nb_visits>170</nb_visits>
		<nb_actions>564</nb_actions>
		<sum_visit_length>8918</sum_visit_length>
		<bounce_count>55</bounce_count>
		<nb_visits_converted>69</nb_visits_converted>
		<nb_conversions>124</nb_conversions>
		<revenue>454703.0</revenue>
		<goals>
			<row idgoal='1'>
				<nb_conversions>36</nb_conversions>
				<revenue>0</revenue>
				<nb_visits_converted>35</nb_visits_converted>
			</row>
			<row idgoal='2'>
				<nb_conversions>31</nb_conversions>
				<revenue>0</revenue>
				<nb_visits_converted>30</nb_visits_converted>
			</row>
			<row idgoal='3'>
				<nb_conversions>2</nb_conversions>
				<revenue>0</revenue>
				<nb_visits_converted>2</nb_visits_converted>
			</row>
		</goals>
	</row>
	<row>
		<label>1+ days</label>
		<nb_uniq_visitors>19</nb_uniq_visitors>
		<nb_visits>19</nb_visits>
		<nb_actions>91</nb_actions>
		<sum_visit_length>1300</sum_visit_length>
		<bounce_count>0</bounce_count>
		<nb_visits_converted>6</nb_visits_converted>
		<nb_conversions>15</nb_conversions>
		<revenue>82612.0</revenue>
		<goals>
			<row idgoal='1'>
				<nb_conversions>2</nb_conversions>
				<revenue>0</revenue>
				<nb_visits_converted>2</nb_visits_converted>
			</row>
			<row idgoal='2'>
				<nb_conversions>4</nb_conversions>
				<revenue>0</revenue>
				<nb_visits_converted>3</nb_visits_converted>
			</row>
			<row idgoal='3'>
				<nb_conversions>0</nb_conversions>
				<revenue>0</revenue>
				<nb_visits_converted>0</nb_visits_converted>
			</row>
		</goals>
	</row>
	<row>
		<label>2+ days</label>
		<nb_uniq_visitors>6</nb_uniq_visitors>
		<nb_visits>6</nb_visits>
		<nb_actions>20</nb_actions>
		<sum_visit_length>704</sum_visit_length>
		<bounce_count>1</bounce_count>
		<nb_visits_converted>3</nb_visits_converted>
		<nb_conversions>4</nb_conversions>
		<revenue>10088.0</revenue>
		<goals>
			<row idgoal='1'>
				<nb_conversions>2</nb_conversions>
				<revenue>0</revenue>
				<nb_visits_converted>1</nb_visits_converted>
			</row>
			<row idgoal='2'>
				<nb_conversions>1</nb_conversions>
				<revenue>0</revenue>
				<nb_visits_converted>1</nb_visits_converted>
			</row>
			<row idgoal='3'>
				<nb_conversions>0</nb_conversions>
				<revenue>0</revenue>
				<nb_visits_converted>0</nb_visits_converted>
			</row>
		</goals>
	</row>
	<row>
		<label>6+ days</label>
		<nb_uniq_visitors>1</nb_uniq_visitors>
		<nb_visits>1</nb_visits>
		<nb_actions>1</nb_actions>
		<sum_visit_length>0</sum_visit_length>
		<bounce_count>1</bounce_count>
		<nb_visits_converted>0</nb_visits_converted>
		<nb_conversions>0</nb_conversions>
		<revenue>0.0</revenue>
	</row>
</result>