<?xml version="1.0" encoding="utf-8" ?>
<result>
	<row>
		<label>Unknown</label>
		<nb_uniq_visitors>25</nb_uniq_visitors>
		<nb_visits>174</nb_visits>
		<nb_actions>769</nb_actions>
		<sum_visit_length>2559</sum_visit_length>
		<bounce_count>21</bounce_count>
		<nb_visits_converted>24</nb_visits_converted>
		<nb_conversions>87</nb_conversions>
		<revenue>797955.0</revenue>
		<goals>
			<row idgoal='1'>
				<nb_conversions>13</nb_conversions>
				<revenue>0</revenue>
				<nb_visits_converted>13</nb_visits_converted>
			</row>
			<row idgoal='2'>
				<nb_conversions>11</nb_conversions>
				<revenue>0</revenue>
				<nb_visits_converted>11</nb_visits_converted>
			</row>
			<row idgoal='3'>
				<nb_conversions>0</nb_conversions>
				<revenue>0</revenue>
				<nb_visits_converted>0</nb_visits_converted>
			</row>
		</goals>
		<segment>languageCode==xx</segment>
	</row>
	<row>
		<label>French</label>
		<nb_uniq_visitors>19</nb_uniq_visitors>
		<nb_visits>20</nb_visits>
		<nb_actions>27</nb_actions>
		<sum_visit_length>3709</sum_visit_length>
		<bounce_count>14</bounce_count>
		<nb_visits_converted>1</nb_visits_converted>
		<nb_conversions>2</nb_conversions>
		<revenue>0</revenue>
		<segment>languageCode==fr,languageCode=@fr-</segment>
	</row>
	<row>
		<label>English</label>
		<nb_uniq_visitors>1</nb_uniq_visitors>
		<nb_visits>1</nb_visits>
		<nb_actions>2</nb_actions>
		<sum_visit_length>44</sum_visit_length>
		<bounce_count>0</bounce_count>
		<nb_visits_converted>0</nb_visits_converted>
		<nb_conversions>0</nb_conversions>
		<revenue>0.0</revenue>
		<segment>languageCode==en,languageCode=@en-</segment>
	</row>
	<row>
		<label>Lithuanian</label>
		<nb_uniq_visitors>1</nb_uniq_visitors>
		<nb_visits>1</nb_visits>
		<nb_actions>1</nb_actions>
		<sum_visit_length>0</sum_visit_length>
		<bounce_count>1</bounce_count>
		<nb_visits_converted>0</nb_visits_converted>
		<nb_conversions>0</nb_conversions>
		<revenue>0.0</revenue>
		<segment>languageCode==lt,languageCode=@lt-</segment>
	</row>
</result>