<?xml version="1.0" encoding="utf-8" ?>
<result>
	<row>
		<label>falcon punch</label>
		<nb_visits>53</nb_visits>
		<nb_actions>53</nb_actions>
		<sum_visit_length>2619</sum_visit_length>
		<bounce_count>0</bounce_count>
		<nb_visits_converted>0</nb_visits_converted>
		<nb_conversions>18</nb_conversions>
		<revenue>203088</revenue>
		<goals>
			<row idgoal='1'>
				<nb_conversions>0</nb_conversions>
				<revenue>0</revenue>
				<nb_visits_converted>0</nb_visits_converted>
			</row>
			<row idgoal='2'>
				<nb_conversions>0</nb_conversions>
				<revenue>0</revenue>
			</row>
		</goals>
		<sum_daily_nb_uniq_visitors>51</sum_daily_nb_uniq_visitors>
		<avg_event_value>0</avg_event_value>
		<segment>eventAction==falcon+punch</segment>
		<subtable>
			<row>
				<label>Cammy</label>
				<nb_visits>13</nb_visits>
				<nb_actions>13</nb_actions>
				<sum_visit_length>522</sum_visit_length>
				<bounce_count>0</bounce_count>
				<nb_visits_converted>0</nb_visits_converted>
				<nb_conversions>3</nb_conversions>
				<revenue>22126</revenue>
				<goals>
					<row idgoal='1'>
						<nb_conversions>0</nb_conversions>
						<revenue>0</revenue>
						<nb_visits_converted>0</nb_visits_converted>
					</row>
					<row idgoal='2'>
						<nb_conversions>0</nb_conversions>
						<revenue>0</revenue>
					</row>
				</goals>
				<sum_daily_nb_uniq_visitors>13</sum_daily_nb_uniq_visitors>
				<avg_event_value>0</avg_event_value>
			</row>
			<row>
				<label>Ryu</label>
				<nb_visits>11</nb_visits>
				<nb_actions>11</nb_actions>
				<sum_visit_length>928</sum_visit_length>
				<bounce_count>0</bounce_count>
				<nb_visits_converted>0</nb_visits_converted>
				<nb_conversions>3</nb_conversions>
				<revenue>44681</revenue>
				<sum_daily_nb_uniq_visitors>10</sum_daily_nb_uniq_visitors>
				<goals>
					<row idgoal='1'>
						<nb_conversions>0</nb_conversions>
						<revenue>0</revenue>
						<nb_visits_converted>0</nb_visits_converted>
					</row>
					<row idgoal='2'>
						<nb_conversions>0</nb_conversions>
						<revenue>0</revenue>
					</row>
				</goals>
				<avg_event_value>0</avg_event_value>
			</row>
			<row>
				<label>Crimson Viper</label>
				<nb_visits>8</nb_visits>
				<nb_actions>8</nb_actions>
				<sum_visit_length>2</sum_visit_length>
				<bounce_count>0</bounce_count>
				<nb_visits_converted>0</nb_visits_converted>
				<nb_conversions>2</nb_conversions>
				<revenue>23438</revenue>
				<goals>
					<row idgoal='1'>
						<nb_conversions>0</nb_conversions>
						<revenue>0</revenue>
						<nb_visits_converted>0</nb_visits_converted>
					</row>
					<row idgoal='2'>
						<nb_conversions>0</nb_conversions>
						<revenue>0</revenue>
					</row>
				</goals>
				<sum_daily_nb_uniq_visitors>7</sum_daily_nb_uniq_visitors>
				<avg_event_value>0</avg_event_value>
			</row>
			<row>
				<label>Ibuki</label>
				<nb_visits>8</nb_visits>
				<nb_actions>8</nb_actions>
				<sum_visit_length>5</sum_visit_length>
				<bounce_count>0</bounce_count>
				<nb_visits_converted>0</nb_visits_converted>
				<nb_conversions>3</nb_conversions>
				<revenue>45040</revenue>
				<goals>
					<row idgoal='1'>
						<nb_conversions>0</nb_conversions>
						<revenue>0</revenue>
						<nb_visits_converted>0</nb_visits_converted>
					</row>
					<row idgoal='2'>
						<nb_conversions>0</nb_conversions>
						<revenue>0</revenue>
					</row>
				</goals>
				<sum_daily_nb_uniq_visitors>8</sum_daily_nb_uniq_visitors>
				<avg_event_value>0</avg_event_value>
			</row>
			<row>
				<label>Akuma</label>
				<nb_visits>6</nb_visits>
				<nb_actions>6</nb_actions>
				<sum_visit_length>555</sum_visit_length>
				<bounce_count>0</bounce_count>
				<nb_visits_converted>0</nb_visits_converted>
				<nb_conversions>3</nb_conversions>
				<revenue>36176</revenue>
				<goals>
					<row idgoal='1'>
						<nb_conversions>0</nb_conversions>
						<revenue>0</revenue>
						<nb_visits_converted>0</nb_visits_converted>
					</row>
					<row idgoal='2'>
						<nb_conversions>0</nb_conversions>
						<revenue>0</revenue>
					</row>
				</goals>
				<sum_daily_nb_uniq_visitors>6</sum_daily_nb_uniq_visitors>
				<avg_event_value>0</avg_event_value>
			</row>
			<row>
				<label>Chun-Li</label>
				<nb_visits>4</nb_visits>
				<nb_actions>4</nb_actions>
				<sum_visit_length>13</sum_visit_length>
				<bounce_count>0</bounce_count>
				<nb_visits_converted>0</nb_visits_converted>
				<nb_conversions>2</nb_conversions>
				<revenue>21021</revenue>
				<goals>
					<row idgoal='1'>
						<nb_conversions>0</nb_conversions>
						<revenue>0</revenue>
						<nb_visits_converted>0</nb_visits_converted>
					</row>
					<row idgoal='2'>
						<nb_conversions>0</nb_conversions>
						<revenue>0</revenue>
					</row>
				</goals>
				<sum_daily_nb_uniq_visitors>4</sum_daily_nb_uniq_visitors>
				<avg_event_value>0</avg_event_value>
			</row>
			<row>
				<label>Vega</label>
				<nb_visits>3</nb_visits>
				<nb_actions>3</nb_actions>
				<sum_visit_length>594</sum_visit_length>
				<bounce_count>0</bounce_count>
				<nb_visits_converted>0</nb_visits_converted>
				<nb_conversions>2</nb_conversions>
				<revenue>10606</revenue>
				<sum_daily_nb_uniq_visitors>3</sum_daily_nb_uniq_visitors>
				<goals>
					<row idgoal='1'>
						<nb_conversions>0</nb_conversions>
						<revenue>0</revenue>
						<nb_visits_converted>0</nb_visits_converted>
					</row>
					<row idgoal='2'>
						<nb_conversions>0</nb_conversions>
						<revenue>0</revenue>
					</row>
				</goals>
				<avg_event_value>0</avg_event_value>
			</row>
		</subtable>
	</row>
	<row>
		<label>izuna drop</label>
		<nb_visits>50</nb_visits>
		<nb_actions>50</nb_actions>
		<sum_visit_length>1393</sum_visit_length>
		<bounce_count>0</bounce_count>
		<nb_visits_converted>0</nb_visits_converted>
		<nb_conversions>21</nb_conversions>
		<revenue>182745</revenue>
		<goals>
			<row idgoal='1'>
				<nb_conversions>0</nb_conversions>
				<revenue>0</revenue>
				<nb_visits_converted>0</nb_visits_converted>
			</row>
			<row idgoal='2'>
				<nb_conversions>0</nb_conversions>
				<revenue>0</revenue>
			</row>
		</goals>
		<sum_daily_nb_uniq_visitors>50</sum_daily_nb_uniq_visitors>
		<avg_event_value>0</avg_event_value>
		<segment>eventAction==izuna+drop</segment>
		<subtable>
			<row>
				<label>Crimson Viper</label>
				<nb_visits>15</nb_visits>
				<nb_actions>15</nb_actions>
				<sum_visit_length>630</sum_visit_length>
				<bounce_count>0</bounce_count>
				<nb_visits_converted>0</nb_visits_converted>
				<nb_conversions>8</nb_conversions>
				<revenue>66658</revenue>
				<goals>
					<row idgoal='1'>
						<nb_conversions>0</nb_conversions>
						<revenue>0</revenue>
						<nb_visits_converted>0</nb_visits_converted>
					</row>
					<row idgoal='2'>
						<nb_conversions>0</nb_conversions>
						<revenue>0</revenue>
					</row>
				</goals>
				<sum_daily_nb_uniq_visitors>15</sum_daily_nb_uniq_visitors>
				<avg_event_value>0</avg_event_value>
			</row>
			<row>
				<label>Akuma</label>
				<nb_visits>10</nb_visits>
				<nb_actions>10</nb_actions>
				<sum_visit_length>3</sum_visit_length>
				<bounce_count>0</bounce_count>
				<nb_visits_converted>0</nb_visits_converted>
				<nb_conversions>4</nb_conversions>
				<revenue>37980</revenue>
				<sum_daily_nb_uniq_visitors>10</sum_daily_nb_uniq_visitors>
				<goals>
					<row idgoal='1'>
						<nb_conversions>0</nb_conversions>
						<revenue>0</revenue>
						<nb_visits_converted>0</nb_visits_converted>
					</row>
					<row idgoal='2'>
						<nb_conversions>0</nb_conversions>
						<revenue>0</revenue>
					</row>
				</goals>
				<avg_event_value>0</avg_event_value>
			</row>
			<row>
				<label>Vega</label>
				<nb_visits>7</nb_visits>
				<nb_actions>7</nb_actions>
				<sum_visit_length>213</sum_visit_length>
				<bounce_count>0</bounce_count>
				<nb_visits_converted>0</nb_visits_converted>
				<nb_conversions>2</nb_conversions>
				<revenue>19702</revenue>
				<goals>
					<row idgoal='1'>
						<nb_conversions>0</nb_conversions>
						<revenue>0</revenue>
						<nb_visits_converted>0</nb_visits_converted>
					</row>
					<row idgoal='2'>
						<nb_conversions>0</nb_conversions>
						<revenue>0</revenue>
					</row>
				</goals>
				<sum_daily_nb_uniq_visitors>7</sum_daily_nb_uniq_visitors>
				<avg_event_value>0</avg_event_value>
			</row>
			<row>
				<label>Ryu</label>
				<nb_visits>6</nb_visits>
				<nb_actions>6</nb_actions>
				<sum_visit_length>245</sum_visit_length>
				<bounce_count>0</bounce_count>
				<nb_visits_converted>0</nb_visits_converted>
				<nb_conversions>3</nb_conversions>
				<revenue>22827</revenue>
				<goals>
					<row idgoal='1'>
						<nb_conversions>0</nb_conversions>
						<revenue>0</revenue>
						<nb_visits_converted>0</nb_visits_converted>
					</row>
					<row idgoal='2'>
						<nb_conversions>0</nb_conversions>
						<revenue>0</revenue>
					</row>
				</goals>
				<sum_daily_nb_uniq_visitors>6</sum_daily_nb_uniq_visitors>
				<avg_event_value>0</avg_event_value>
			</row>
			<row>
				<label>Ibuki</label>
				<nb_visits>5</nb_visits>
				<nb_actions>5</nb_actions>
				<sum_visit_length>170</sum_visit_length>
				<bounce_count>0</bounce_count>
				<nb_visits_converted>0</nb_visits_converted>
				<nb_conversions>3</nb_conversions>
				<revenue>29583</revenue>
				<goals>
					<row idgoal='1'>
						<nb_conversions>0</nb_conversions>
						<revenue>0</revenue>
						<nb_visits_converted>0</nb_visits_converted>
					</row>
					<row idgoal='2'>
						<nb_conversions>0</nb_conversions>
						<revenue>0</revenue>
					</row>
				</goals>
				<sum_daily_nb_uniq_visitors>5</sum_daily_nb_uniq_visitors>
				<avg_event_value>0</avg_event_value>
			</row>
			<row>
				<label>Chun-Li</label>
				<nb_visits>4</nb_visits>
				<nb_actions>4</nb_actions>
				<sum_visit_length>31</sum_visit_length>
				<bounce_count>0</bounce_count>
				<nb_visits_converted>0</nb_visits_converted>
				<nb_conversions>0</nb_conversions>
				<revenue>0</revenue>
				<sum_daily_nb_uniq_visitors>4</sum_daily_nb_uniq_visitors>
				<avg_event_value>0</avg_event_value>
			</row>
			<row>
				<label>Cammy</label>
				<nb_visits>3</nb_visits>
				<nb_actions>3</nb_actions>
				<sum_visit_length>101</sum_visit_length>
				<bounce_count>0</bounce_count>
				<nb_visits_converted>0</nb_visits_converted>
				<nb_conversions>1</nb_conversions>
				<revenue>5995</revenue>
				<sum_daily_nb_uniq_visitors>3</sum_daily_nb_uniq_visitors>
				<goals>
					<row idgoal='1'>
						<nb_conversions>0</nb_conversions>
						<revenue>0</revenue>
						<nb_visits_converted>0</nb_visits_converted>
					</row>
					<row idgoal='2'>
						<nb_conversions>0</nb_conversions>
						<revenue>0</revenue>
					</row>
				</goals>
				<avg_event_value>0</avg_event_value>
			</row>
		</subtable>
	</row>
	<row>
		<label>dragon punch</label>
		<nb_visits>49</nb_visits>
		<nb_actions>49</nb_actions>
		<sum_visit_length>2445</sum_visit_length>
		<bounce_count>0</bounce_count>
		<nb_visits_converted>0</nb_visits_converted>
		<nb_conversions>26</nb_conversions>
		<revenue>290274</revenue>
		<goals>
			<row idgoal='1'>
				<nb_conversions>0</nb_conversions>
				<revenue>0</revenue>
				<nb_visits_converted>0</nb_visits_converted>
			</row>
			<row idgoal='2'>
				<nb_conversions>0</nb_conversions>
				<revenue>0</revenue>
			</row>
		</goals>
		<sum_daily_nb_uniq_visitors>49</sum_daily_nb_uniq_visitors>
		<avg_event_value>0</avg_event_value>
		<segment>eventAction==dragon+punch</segment>
		<subtable>
			<row>
				<label>Cammy</label>
				<nb_visits>10</nb_visits>
				<nb_actions>10</nb_actions>
				<sum_visit_length>1444</sum_visit_length>
				<bounce_count>0</bounce_count>
				<nb_visits_converted>0</nb_visits_converted>
				<nb_conversions>5</nb_conversions>
				<revenue>57598</revenue>
				<sum_daily_nb_uniq_visitors>10</sum_daily_nb_uniq_visitors>
				<goals>
					<row idgoal='1'>
						<nb_conversions>0</nb_conversions>
						<revenue>0</revenue>
						<nb_visits_converted>0</nb_visits_converted>
					</row>
					<row idgoal='2'>
						<nb_conversions>0</nb_conversions>
						<revenue>0</revenue>
					</row>
				</goals>
				<avg_event_value>0</avg_event_value>
			</row>
			<row>
				<label>Ryu</label>
				<nb_visits>8</nb_visits>
				<nb_actions>8</nb_actions>
				<sum_visit_length>6</sum_visit_length>
				<bounce_count>0</bounce_count>
				<nb_visits_converted>0</nb_visits_converted>
				<nb_conversions>4</nb_conversions>
				<revenue>44478</revenue>
				<sum_daily_nb_uniq_visitors>8</sum_daily_nb_uniq_visitors>
				<goals>
					<row idgoal='1'>
						<nb_conversions>0</nb_conversions>
						<revenue>0</revenue>
						<nb_visits_converted>0</nb_visits_converted>
					</row>
					<row idgoal='2'>
						<nb_conversions>0</nb_conversions>
						<revenue>0</revenue>
					</row>
				</goals>
				<avg_event_value>0</avg_event_value>
			</row>
			<row>
				<label>Vega</label>
				<nb_visits>8</nb_visits>
				<nb_actions>8</nb_actions>
				<sum_visit_length>155</sum_visit_length>
				<bounce_count>0</bounce_count>
				<nb_visits_converted>0</nb_visits_converted>
				<nb_conversions>6</nb_conversions>
				<revenue>62819</revenue>
				<goals>
					<row idgoal='1'>
						<nb_conversions>0</nb_conversions>
						<revenue>0</revenue>
						<nb_visits_converted>0</nb_visits_converted>
					</row>
					<row idgoal='2'>
						<nb_conversions>0</nb_conversions>
						<revenue>0</revenue>
					</row>
				</goals>
				<sum_daily_nb_uniq_visitors>8</sum_daily_nb_uniq_visitors>
				<avg_event_value>0</avg_event_value>
			</row>
			<row>
				<label>Akuma</label>
				<nb_visits>7</nb_visits>
				<nb_actions>7</nb_actions>
				<sum_visit_length>40</sum_visit_length>
				<bounce_count>0</bounce_count>
				<nb_visits_converted>0</nb_visits_converted>
				<nb_conversions>4</nb_conversions>
				<revenue>40547</revenue>
				<sum_daily_nb_uniq_visitors>7</sum_daily_nb_uniq_visitors>
				<goals>
					<row idgoal='1'>
						<nb_conversions>0</nb_conversions>
						<revenue>0</revenue>
						<nb_visits_converted>0</nb_visits_converted>
					</row>
					<row idgoal='2'>
						<nb_conversions>0</nb_conversions>
						<revenue>0</revenue>
					</row>
				</goals>
				<avg_event_value>0</avg_event_value>
			</row>
			<row>
				<label>Ibuki</label>
				<nb_visits>6</nb_visits>
				<nb_actions>6</nb_actions>
				<sum_visit_length>333</sum_visit_length>
				<bounce_count>0</bounce_count>
				<nb_visits_converted>0</nb_visits_converted>
				<nb_conversions>2</nb_conversions>
				<revenue>29011</revenue>
				<goals>
					<row idgoal='1'>
						<nb_conversions>0</nb_conversions>
						<revenue>0</revenue>
						<nb_visits_converted>0</nb_visits_converted>
					</row>
					<row idgoal='2'>
						<nb_conversions>0</nb_conversions>
						<revenue>0</revenue>
					</row>
				</goals>
				<sum_daily_nb_uniq_visitors>6</sum_daily_nb_uniq_visitors>
				<avg_event_value>0</avg_event_value>
			</row>
			<row>
				<label>Chun-Li</label>
				<nb_visits>5</nb_visits>
				<nb_actions>5</nb_actions>
				<sum_visit_length>294</sum_visit_length>
				<bounce_count>0</bounce_count>
				<nb_visits_converted>0</nb_visits_converted>
				<nb_conversions>3</nb_conversions>
				<revenue>35325</revenue>
				<goals>
					<row idgoal='1'>
						<nb_conversions>0</nb_conversions>
						<revenue>0</revenue>
						<nb_visits_converted>0</nb_visits_converted>
					</row>
					<row idgoal='2'>
						<nb_conversions>0</nb_conversions>
						<revenue>0</revenue>
					</row>
				</goals>
				<sum_daily_nb_uniq_visitors>5</sum_daily_nb_uniq_visitors>
				<avg_event_value>0</avg_event_value>
			</row>
			<row>
				<label>Crimson Viper</label>
				<nb_visits>5</nb_visits>
				<nb_actions>5</nb_actions>
				<sum_visit_length>173</sum_visit_length>
				<bounce_count>0</bounce_count>
				<nb_visits_converted>0</nb_visits_converted>
				<nb_conversions>2</nb_conversions>
				<revenue>20496</revenue>
				<goals>
					<row idgoal='1'>
						<nb_conversions>0</nb_conversions>
						<revenue>0</revenue>
						<nb_visits_converted>0</nb_visits_converted>
					</row>
					<row idgoal='2'>
						<nb_conversions>0</nb_conversions>
						<revenue>0</revenue>
					</row>
				</goals>
				<sum_daily_nb_uniq_visitors>5</sum_daily_nb_uniq_visitors>
				<avg_event_value>0</avg_event_value>
			</row>
		</subtable>
	</row>
	<row>
		<label>spear throw</label>
		<nb_visits>41</nb_visits>
		<nb_actions>41</nb_actions>
		<sum_visit_length>1214</sum_visit_length>
		<bounce_count>0</bounce_count>
		<nb_visits_converted>0</nb_visits_converted>
		<nb_conversions>17</nb_conversions>
		<revenue>159487</revenue>
		<goals>
			<row idgoal='1'>
				<nb_conversions>0</nb_conversions>
				<revenue>0</revenue>
				<nb_visits_converted>0</nb_visits_converted>
			</row>
			<row idgoal='2'>
				<nb_conversions>0</nb_conversions>
				<revenue>0</revenue>
			</row>
		</goals>
		<sum_daily_nb_uniq_visitors>40</sum_daily_nb_uniq_visitors>
		<avg_event_value>0</avg_event_value>
		<segment>eventAction==spear+throw</segment>
		<subtable>
			<row>
				<label>Ibuki</label>
				<nb_visits>8</nb_visits>
				<nb_actions>8</nb_actions>
				<sum_visit_length>499</sum_visit_length>
				<bounce_count>0</bounce_count>
				<nb_visits_converted>0</nb_visits_converted>
				<nb_conversions>2</nb_conversions>
				<revenue>15804</revenue>
				<sum_daily_nb_uniq_visitors>8</sum_daily_nb_uniq_visitors>
				<goals>
					<row idgoal='1'>
						<nb_conversions>0</nb_conversions>
						<revenue>0</revenue>
						<nb_visits_converted>0</nb_visits_converted>
					</row>
					<row idgoal='2'>
						<nb_conversions>0</nb_conversions>
						<revenue>0</revenue>
					</row>
				</goals>
				<avg_event_value>0</avg_event_value>
			</row>
			<row>
				<label>Akuma</label>
				<nb_visits>6</nb_visits>
				<nb_actions>6</nb_actions>
				<sum_visit_length>3</sum_visit_length>
				<bounce_count>0</bounce_count>
				<nb_visits_converted>0</nb_visits_converted>
				<nb_conversions>2</nb_conversions>
				<revenue>15880</revenue>
				<goals>
					<row idgoal='1'>
						<nb_conversions>0</nb_conversions>
						<revenue>0</revenue>
						<nb_visits_converted>0</nb_visits_converted>
					</row>
					<row idgoal='2'>
						<nb_conversions>0</nb_conversions>
						<revenue>0</revenue>
					</row>
				</goals>
				<sum_daily_nb_uniq_visitors>6</sum_daily_nb_uniq_visitors>
				<avg_event_value>0</avg_event_value>
			</row>
			<row>
				<label>Chun-Li</label>
				<nb_visits>6</nb_visits>
				<nb_actions>6</nb_actions>
				<sum_visit_length>269</sum_visit_length>
				<bounce_count>0</bounce_count>
				<nb_visits_converted>0</nb_visits_converted>
				<nb_conversions>3</nb_conversions>
				<revenue>31061</revenue>
				<goals>
					<row idgoal='1'>
						<nb_conversions>0</nb_conversions>
						<revenue>0</revenue>
						<nb_visits_converted>0</nb_visits_converted>
					</row>
					<row idgoal='2'>
						<nb_conversions>0</nb_conversions>
						<revenue>0</revenue>
					</row>
				</goals>
				<sum_daily_nb_uniq_visitors>6</sum_daily_nb_uniq_visitors>
				<avg_event_value>0</avg_event_value>
			</row>
			<row>
				<label>Crimson Viper</label>
				<nb_visits>6</nb_visits>
				<nb_actions>6</nb_actions>
				<sum_visit_length>43</sum_visit_length>
				<bounce_count>0</bounce_count>
				<nb_visits_converted>0</nb_visits_converted>
				<nb_conversions>3</nb_conversions>
				<revenue>35908</revenue>
				<goals>
					<row idgoal='1'>
						<nb_conversions>0</nb_conversions>
						<revenue>0</revenue>
						<nb_visits_converted>0</nb_visits_converted>
					</row>
					<row idgoal='2'>
						<nb_conversions>0</nb_conversions>
						<revenue>0</revenue>
					</row>
				</goals>
				<sum_daily_nb_uniq_visitors>5</sum_daily_nb_uniq_visitors>
				<avg_event_value>0</avg_event_value>
			</row>
			<row>
				<label>Vega</label>
				<nb_visits>6</nb_visits>
				<nb_actions>6</nb_actions>
				<sum_visit_length>13</sum_visit_length>
				<bounce_count>0</bounce_count>
				<nb_visits_converted>0</nb_visits_converted>
				<nb_conversions>2</nb_conversions>
				<revenue>10893</revenue>
				<goals>
					<row idgoal='1'>
						<nb_conversions>0</nb_conversions>
						<revenue>0</revenue>
						<nb_visits_converted>0</nb_visits_converted>
					</row>
					<row idgoal='2'>
						<nb_conversions>0</nb_conversions>
						<revenue>0</revenue>
					</row>
				</goals>
				<sum_daily_nb_uniq_visitors>6</sum_daily_nb_uniq_visitors>
				<avg_event_value>0</avg_event_value>
			</row>
			<row>
				<label>Ryu</label>
				<nb_visits>5</nb_visits>
				<nb_actions>5</nb_actions>
				<sum_visit_length>317</sum_visit_length>
				<bounce_count>0</bounce_count>
				<nb_visits_converted>0</nb_visits_converted>
				<nb_conversions>2</nb_conversions>
				<revenue>18584</revenue>
				<sum_daily_nb_uniq_visitors>5</sum_daily_nb_uniq_visitors>
				<goals>
					<row idgoal='1'>
						<nb_conversions>0</nb_conversions>
						<revenue>0</revenue>
						<nb_visits_converted>0</nb_visits_converted>
					</row>
					<row idgoal='2'>
						<nb_conversions>0</nb_conversions>
						<revenue>0</revenue>
					</row>
				</goals>
				<avg_event_value>0</avg_event_value>
			</row>
			<row>
				<label>Cammy</label>
				<nb_visits>4</nb_visits>
				<nb_actions>4</nb_actions>
				<sum_visit_length>70</sum_visit_length>
				<bounce_count>0</bounce_count>
				<nb_visits_converted>0</nb_visits_converted>
				<nb_conversions>3</nb_conversions>
				<revenue>31357</revenue>
				<goals>
					<row idgoal='1'>
						<nb_conversions>0</nb_conversions>
						<revenue>0</revenue>
						<nb_visits_converted>0</nb_visits_converted>
					</row>
					<row idgoal='2'>
						<nb_conversions>0</nb_conversions>
						<revenue>0</revenue>
					</row>
				</goals>
				<sum_daily_nb_uniq_visitors>4</sum_daily_nb_uniq_visitors>
				<avg_event_value>0</avg_event_value>
			</row>
		</subtable>
	</row>
	<row>
		<label>burn knuckle</label>
		<nb_visits>39</nb_visits>
		<nb_actions>39</nb_actions>
		<sum_visit_length>1473</sum_visit_length>
		<bounce_count>0</bounce_count>
		<nb_visits_converted>0</nb_visits_converted>
		<nb_conversions>18</nb_conversions>
		<revenue>190092</revenue>
		<goals>
			<row idgoal='1'>
				<nb_conversions>0</nb_conversions>
				<revenue>0</revenue>
				<nb_visits_converted>0</nb_visits_converted>
			</row>
			<row idgoal='2'>
				<nb_conversions>0</nb_conversions>
				<revenue>0</revenue>
			</row>
		</goals>
		<sum_daily_nb_uniq_visitors>39</sum_daily_nb_uniq_visitors>
		<avg_event_value>0</avg_event_value>
		<segment>eventAction==burn+knuckle</segment>
		<subtable>
			<row>
				<label>Ryu</label>
				<nb_visits>11</nb_visits>
				<nb_actions>11</nb_actions>
				<sum_visit_length>641</sum_visit_length>
				<bounce_count>0</bounce_count>
				<nb_visits_converted>0</nb_visits_converted>
				<nb_conversions>7</nb_conversions>
				<revenue>88661</revenue>
				<goals>
					<row idgoal='1'>
						<nb_conversions>0</nb_conversions>
						<revenue>0</revenue>
						<nb_visits_converted>0</nb_visits_converted>
					</row>
					<row idgoal='2'>
						<nb_conversions>0</nb_conversions>
						<revenue>0</revenue>
					</row>
				</goals>
				<sum_daily_nb_uniq_visitors>11</sum_daily_nb_uniq_visitors>
				<avg_event_value>0</avg_event_value>
			</row>
			<row>
				<label>Akuma</label>
				<nb_visits>8</nb_visits>
				<nb_actions>8</nb_actions>
				<sum_visit_length>190</sum_visit_length>
				<bounce_count>0</bounce_count>
				<nb_visits_converted>0</nb_visits_converted>
				<nb_conversions>1</nb_conversions>
				<revenue>12488</revenue>
				<sum_daily_nb_uniq_visitors>8</sum_daily_nb_uniq_visitors>
				<goals>
					<row idgoal='1'>
						<nb_conversions>0</nb_conversions>
						<revenue>0</revenue>
						<nb_visits_converted>0</nb_visits_converted>
					</row>
					<row idgoal='2'>
						<nb_conversions>0</nb_conversions>
						<revenue>0</revenue>
					</row>
				</goals>
				<avg_event_value>0</avg_event_value>
			</row>
			<row>
				<label>Ibuki</label>
				<nb_visits>7</nb_visits>
				<nb_actions>7</nb_actions>
				<sum_visit_length>177</sum_visit_length>
				<bounce_count>0</bounce_count>
				<nb_visits_converted>0</nb_visits_converted>
				<nb_conversions>2</nb_conversions>
				<revenue>17798</revenue>
				<goals>
					<row idgoal='1'>
						<nb_conversions>0</nb_conversions>
						<revenue>0</revenue>
						<nb_visits_converted>0</nb_visits_converted>
					</row>
					<row idgoal='2'>
						<nb_conversions>0</nb_conversions>
						<revenue>0</revenue>
					</row>
				</goals>
				<sum_daily_nb_uniq_visitors>7</sum_daily_nb_uniq_visitors>
				<avg_event_value>0</avg_event_value>
			</row>
			<row>
				<label>Vega</label>
				<nb_visits>6</nb_visits>
				<nb_actions>6</nb_actions>
				<sum_visit_length>355</sum_visit_length>
				<bounce_count>0</bounce_count>
				<nb_visits_converted>0</nb_visits_converted>
				<nb_conversions>4</nb_conversions>
				<revenue>30515</revenue>
				<goals>
					<row idgoal='1'>
						<nb_conversions>0</nb_conversions>
						<revenue>0</revenue>
						<nb_visits_converted>0</nb_visits_converted>
					</row>
					<row idgoal='2'>
						<nb_conversions>0</nb_conversions>
						<revenue>0</revenue>
					</row>
				</goals>
				<sum_daily_nb_uniq_visitors>6</sum_daily_nb_uniq_visitors>
				<avg_event_value>0</avg_event_value>
			</row>
			<row>
				<label>Cammy</label>
				<nb_visits>3</nb_visits>
				<nb_actions>3</nb_actions>
				<sum_visit_length>110</sum_visit_length>
				<bounce_count>0</bounce_count>
				<nb_visits_converted>0</nb_visits_converted>
				<nb_conversions>2</nb_conversions>
				<revenue>18401</revenue>
				<goals>
					<row idgoal='1'>
						<nb_conversions>0</nb_conversions>
						<revenue>0</revenue>
						<nb_visits_converted>0</nb_visits_converted>
					</row>
					<row idgoal='2'>
						<nb_conversions>0</nb_conversions>
						<revenue>0</revenue>
					</row>
				</goals>
				<sum_daily_nb_uniq_visitors>3</sum_daily_nb_uniq_visitors>
				<avg_event_value>0</avg_event_value>
			</row>
			<row>
				<label>Crimson Viper</label>
				<nb_visits>3</nb_visits>
				<nb_actions>3</nb_actions>
				<sum_visit_length>0</sum_visit_length>
				<bounce_count>0</bounce_count>
				<nb_visits_converted>0</nb_visits_converted>
				<nb_conversions>1</nb_conversions>
				<revenue>11824.0</revenue>
				<goals>
					<row idgoal='1'>
						<nb_conversions>0</nb_conversions>
						<revenue>0</revenue>
						<nb_visits_converted>0</nb_visits_converted>
					</row>
					<row idgoal='2'>
						<nb_conversions>0</nb_conversions>
						<revenue>0</revenue>
					</row>
				</goals>
				<sum_daily_nb_uniq_visitors>3</sum_daily_nb_uniq_visitors>
				<avg_event_value>0</avg_event_value>
			</row>
			<row>
				<label>Chun-Li</label>
				<nb_visits>1</nb_visits>
				<nb_actions>1</nb_actions>
				<sum_visit_length>0</sum_visit_length>
				<bounce_count>0</bounce_count>
				<nb_visits_converted>0</nb_visits_converted>
				<nb_conversions>1</nb_conversions>
				<revenue>10405.0</revenue>
				<goals>
					<row idgoal='1'>
						<nb_conversions>0</nb_conversions>
						<revenue>0</revenue>
						<nb_visits_converted>0</nb_visits_converted>
					</row>
					<row idgoal='2'>
						<nb_conversions>0</nb_conversions>
						<revenue>0</revenue>
					</row>
				</goals>
				<sum_daily_nb_uniq_visitors>1</sum_daily_nb_uniq_visitors>
				<avg_event_value>0</avg_event_value>
			</row>
		</subtable>
	</row>
	<row>
		<label>uppercut</label>
		<nb_visits>34</nb_visits>
		<nb_actions>34</nb_actions>
		<sum_visit_length>565</sum_visit_length>
		<bounce_count>0</bounce_count>
		<nb_visits_converted>0</nb_visits_converted>
		<nb_conversions>13</nb_conversions>
		<revenue>96717</revenue>
		<goals>
			<row idgoal='1'>
				<nb_conversions>0</nb_conversions>
				<revenue>0</revenue>
				<nb_visits_converted>0</nb_visits_converted>
			</row>
			<row idgoal='2'>
				<nb_conversions>0</nb_conversions>
				<revenue>0</revenue>
			</row>
		</goals>
		<sum_daily_nb_uniq_visitors>33</sum_daily_nb_uniq_visitors>
		<avg_event_value>0</avg_event_value>
		<segment>eventAction==uppercut</segment>
		<subtable>
			<row>
				<label>Cammy</label>
				<nb_visits>7</nb_visits>
				<nb_actions>7</nb_actions>
				<sum_visit_length>24</sum_visit_length>
				<bounce_count>0</bounce_count>
				<nb_visits_converted>0</nb_visits_converted>
				<nb_conversions>2</nb_conversions>
				<revenue>20591</revenue>
				<sum_daily_nb_uniq_visitors>7</sum_daily_nb_uniq_visitors>
				<goals>
					<row idgoal='1'>
						<nb_conversions>0</nb_conversions>
						<revenue>0</revenue>
						<nb_visits_converted>0</nb_visits_converted>
					</row>
					<row idgoal='2'>
						<nb_conversions>0</nb_conversions>
						<revenue>0</revenue>
					</row>
				</goals>
				<avg_event_value>0</avg_event_value>
			</row>
			<row>
				<label>Chun-Li</label>
				<nb_visits>7</nb_visits>
				<nb_actions>7</nb_actions>
				<sum_visit_length>7</sum_visit_length>
				<bounce_count>0</bounce_count>
				<nb_visits_converted>0</nb_visits_converted>
				<nb_conversions>4</nb_conversions>
				<revenue>25611</revenue>
				<goals>
					<row idgoal='1'>
						<nb_conversions>0</nb_conversions>
						<revenue>0</revenue>
						<nb_visits_converted>0</nb_visits_converted>
					</row>
					<row idgoal='2'>
						<nb_conversions>0</nb_conversions>
						<revenue>0</revenue>
					</row>
				</goals>
				<sum_daily_nb_uniq_visitors>7</sum_daily_nb_uniq_visitors>
				<avg_event_value>0</avg_event_value>
			</row>
			<row>
				<label>Akuma</label>
				<nb_visits>5</nb_visits>
				<nb_actions>5</nb_actions>
				<sum_visit_length>102</sum_visit_length>
				<bounce_count>0</bounce_count>
				<nb_visits_converted>0</nb_visits_converted>
				<nb_conversions>1</nb_conversions>
				<revenue>6676</revenue>
				<sum_daily_nb_uniq_visitors>5</sum_daily_nb_uniq_visitors>
				<goals>
					<row idgoal='1'>
						<nb_conversions>0</nb_conversions>
						<revenue>0</revenue>
						<nb_visits_converted>0</nb_visits_converted>
					</row>
					<row idgoal='2'>
						<nb_conversions>0</nb_conversions>
						<revenue>0</revenue>
					</row>
				</goals>
				<avg_event_value>0</avg_event_value>
			</row>
			<row>
				<label>Ibuki</label>
				<nb_visits>5</nb_visits>
				<nb_actions>5</nb_actions>
				<sum_visit_length>223</sum_visit_length>
				<bounce_count>0</bounce_count>
				<nb_visits_converted>0</nb_visits_converted>
				<nb_conversions>2</nb_conversions>
				<revenue>9371</revenue>
				<sum_daily_nb_uniq_visitors>5</sum_daily_nb_uniq_visitors>
				<goals>
					<row idgoal='1'>
						<nb_conversions>0</nb_conversions>
						<revenue>0</revenue>
						<nb_visits_converted>0</nb_visits_converted>
					</row>
					<row idgoal='2'>
						<nb_conversions>0</nb_conversions>
						<revenue>0</revenue>
					</row>
				</goals>
				<avg_event_value>0</avg_event_value>
			</row>
			<row>
				<label>Ryu</label>
				<nb_visits>4</nb_visits>
				<nb_actions>4</nb_actions>
				<sum_visit_length>96</sum_visit_length>
				<bounce_count>0</bounce_count>
				<nb_visits_converted>0</nb_visits_converted>
				<nb_conversions>1</nb_conversions>
				<revenue>13712</revenue>
				<goals>
					<row idgoal='1'>
						<nb_conversions>0</nb_conversions>
						<revenue>0</revenue>
						<nb_visits_converted>0</nb_visits_converted>
					</row>
					<row idgoal='2'>
						<nb_conversions>0</nb_conversions>
						<revenue>0</revenue>
					</row>
				</goals>
				<sum_daily_nb_uniq_visitors>3</sum_daily_nb_uniq_visitors>
				<avg_event_value>0</avg_event_value>
			</row>
			<row>
				<label>Vega</label>
				<nb_visits>4</nb_visits>
				<nb_actions>4</nb_actions>
				<sum_visit_length>111</sum_visit_length>
				<bounce_count>0</bounce_count>
				<nb_visits_converted>0</nb_visits_converted>
				<nb_conversions>1</nb_conversions>
				<revenue>14268</revenue>
				<goals>
					<row idgoal='1'>
						<nb_conversions>0</nb_conversions>
						<revenue>0</revenue>
						<nb_visits_converted>0</nb_visits_converted>
					</row>
					<row idgoal='2'>
						<nb_conversions>0</nb_conversions>
						<revenue>0</revenue>
					</row>
				</goals>
				<sum_daily_nb_uniq_visitors>4</sum_daily_nb_uniq_visitors>
				<avg_event_value>0</avg_event_value>
			</row>
			<row>
				<label>Crimson Viper</label>
				<nb_visits>2</nb_visits>
				<nb_actions>2</nb_actions>
				<sum_visit_length>2</sum_visit_length>
				<bounce_count>0</bounce_count>
				<nb_visits_converted>0</nb_visits_converted>
				<nb_conversions>2</nb_conversions>
				<revenue>6488</revenue>
				<goals>
					<row idgoal='1'>
						<nb_conversions>0</nb_conversions>
						<revenue>0</revenue>
						<nb_visits_converted>0</nb_visits_converted>
					</row>
					<row idgoal='2'>
						<nb_conversions>0</nb_conversions>
						<revenue>0</revenue>
					</row>
				</goals>
				<sum_daily_nb_uniq_visitors>2</sum_daily_nb_uniq_visitors>
				<avg_event_value>0</avg_event_value>
			</row>
		</subtable>
	</row>
</result>