<?xml version="1.0" encoding="utf-8" ?>
<result>
	<row>
		<label>0+ days</label>
		<nb_visits>420</nb_visits>
		<nb_actions>1534</nb_actions>
		<sum_visit_length>17559</sum_visit_length>
		<bounce_count>108</bounce_count>
		<nb_visits_converted>101</nb_visits_converted>
		<nb_conversions>232</nb_conversions>
		<revenue>1327991</revenue>
		<goals>
			<row idgoal='1'>
				<nb_conversions>52</nb_conversions>
				<revenue>0</revenue>
				<nb_visits_converted>50</nb_visits_converted>
			</row>
			<row idgoal='2'>
				<nb_conversions>45</nb_conversions>
				<revenue>0</revenue>
				<nb_visits_converted>43</nb_visits_converted>
			</row>
			<row idgoal='3'>
				<nb_conversions>4</nb_conversions>
				<revenue>0</revenue>
				<nb_visits_converted>3</nb_visits_converted>
			</row>
		</goals>
		<sum_daily_nb_uniq_visitors>156</sum_daily_nb_uniq_visitors>
	</row>
	<row>
		<label>1+ days</label>
		<nb_visits>20</nb_visits>
		<nb_actions>93</nb_actions>
		<sum_visit_length>1561</sum_visit_length>
		<bounce_count>0</bounce_count>
		<nb_visits_converted>6</nb_visits_converted>
		<nb_conversions>15</nb_conversions>
		<revenue>82612</revenue>
		<sum_daily_nb_uniq_visitors>20</sum_daily_nb_uniq_visitors>
		<goals>
			<row idgoal='1'>
				<nb_conversions>2</nb_conversions>
				<revenue>0</revenue>
				<nb_visits_converted>2</nb_visits_converted>
			</row>
			<row idgoal='2'>
				<nb_conversions>4</nb_conversions>
				<revenue>0</revenue>
				<nb_visits_converted>3</nb_visits_converted>
			</row>
			<row idgoal='3'>
				<nb_conversions>0</nb_conversions>
				<revenue>0</revenue>
				<nb_visits_converted>0</nb_visits_converted>
			</row>
		</goals>
	</row>
	<row>
		<label>3+ days</label>
		<nb_visits>1</nb_visits>
		<nb_actions>1</nb_actions>
		<sum_visit_length>0</sum_visit_length>
		<bounce_count>1</bounce_count>
		<nb_visits_converted>0</nb_visits_converted>
		<nb_conversions>0</nb_conversions>
		<revenue>0.0</revenue>
		<sum_daily_nb_uniq_visitors>1</sum_daily_nb_uniq_visitors>
	</row>
	<row>
		<label>2+ days</label>
		<nb_visits>6</nb_visits>
		<nb_actions>20</nb_actions>
		<sum_visit_length>704</sum_visit_length>
		<bounce_count>1</bounce_count>
		<nb_visits_converted>3</nb_visits_converted>
		<nb_conversions>4</nb_conversions>
		<revenue>10088.0</revenue>
		<goals>
			<row idgoal='1'>
				<nb_conversions>2</nb_conversions>
				<revenue>0</revenue>
				<nb_visits_converted>1</nb_visits_converted>
			</row>
			<row idgoal='2'>
				<nb_conversions>1</nb_conversions>
				<revenue>0</revenue>
				<nb_visits_converted>1</nb_visits_converted>
			</row>
			<row idgoal='3'>
				<nb_conversions>0</nb_conversions>
				<revenue>0</revenue>
				<nb_visits_converted>0</nb_visits_converted>
			</row>
		</goals>
		<sum_daily_nb_uniq_visitors>6</sum_daily_nb_uniq_visitors>
	</row>
	<row>
		<label>6+ days</label>
		<nb_visits>1</nb_visits>
		<nb_actions>1</nb_actions>
		<sum_visit_length>0</sum_visit_length>
		<bounce_count>1</bounce_count>
		<nb_visits_converted>0</nb_visits_converted>
		<nb_conversions>0</nb_conversions>
		<revenue>0.0</revenue>
		<sum_daily_nb_uniq_visitors>1</sum_daily_nb_uniq_visitors>
	</row>
</result>