<?xml version="1.0" encoding="utf-8" ?>
<result>
	<row>
		<label>(not provided)</label>
		<nb_visits>95</nb_visits>
		<nb_actions>175</nb_actions>
		<sum_visit_length>10210</sum_visit_length>
		<bounce_count>75</bounce_count>
		<nb_visits_converted>5</nb_visits_converted>
		<nb_conversions>5</nb_conversions>
		<revenue>0</revenue>
		<goals>
			<row idgoal='3'>
				<nb_conversions>5</nb_conversions>
				<revenue>0</revenue>
				<nb_visits_converted>3</nb_visits_converted>
			</row>
		</goals>
		<sum_daily_nb_uniq_visitors>93</sum_daily_nb_uniq_visitors>
		<segment>referrerType==search;referrerKeyword==%28not+provided%29</segment>
		<subtable>
			<row>
				<label>Google</label>
				<nb_visits>94</nb_visits>
				<nb_actions>172</nb_actions>
				<sum_visit_length>10062</sum_visit_length>
				<bounce_count>75</bounce_count>
				<nb_visits_converted>5</nb_visits_converted>
				<nb_conversions>5</nb_conversions>
				<revenue>0</revenue>
				<goals>
					<row idgoal='3'>
						<nb_conversions>5</nb_conversions>
						<revenue>0</revenue>
						<nb_visits_converted>3</nb_visits_converted>
					</row>
				</goals>
				<sum_daily_nb_uniq_visitors>92</sum_daily_nb_uniq_visitors>
			</row>
			<row>
				<label>Bing</label>
				<nb_visits>1</nb_visits>
				<nb_actions>3</nb_actions>
				<sum_visit_length>148</sum_visit_length>
				<bounce_count>0</bounce_count>
				<nb_visits_converted>0</nb_visits_converted>
				<nb_conversions>0</nb_conversions>
				<revenue>0.0</revenue>
				<goals>
				</goals>
				<sum_daily_nb_uniq_visitors>1</sum_daily_nb_uniq_visitors>
			</row>
		</subtable>
	</row>
	<row>
		<label>théisme philosophique</label>
		<nb_visits>1</nb_visits>
		<nb_actions>1</nb_actions>
		<sum_visit_length>0</sum_visit_length>
		<bounce_count>1</bounce_count>
		<nb_visits_converted>0</nb_visits_converted>
		<nb_conversions>0</nb_conversions>
		<revenue>0.0</revenue>
		<goals>
		</goals>
		<sum_daily_nb_uniq_visitors>1</sum_daily_nb_uniq_visitors>
		<segment>referrerType==search;referrerKeyword==th%C3%A9isme+philosophique</segment>
		<subtable>
			<row>
				<label>Google</label>
				<nb_visits>1</nb_visits>
				<nb_actions>1</nb_actions>
				<sum_visit_length>0</sum_visit_length>
				<bounce_count>1</bounce_count>
				<nb_visits_converted>0</nb_visits_converted>
				<nb_conversions>0</nb_conversions>
				<revenue>0.0</revenue>
				<goals>
				</goals>
				<sum_daily_nb_uniq_visitors>1</sum_daily_nb_uniq_visitors>
			</row>
		</subtable>
	</row>
	<row>
		<label>top 10 spot plongée</label>
		<nb_visits>1</nb_visits>
		<nb_actions>1</nb_actions>
		<sum_visit_length>0</sum_visit_length>
		<bounce_count>1</bounce_count>
		<nb_visits_converted>0</nb_visits_converted>
		<nb_conversions>0</nb_conversions>
		<revenue>0.0</revenue>
		<goals>
		</goals>
		<sum_daily_nb_uniq_visitors>1</sum_daily_nb_uniq_visitors>
		<segment>referrerType==search;referrerKeyword==top+10+spot+plong%C3%A9e</segment>
		<subtable>
			<row>
				<label>Google</label>
				<nb_visits>1</nb_visits>
				<nb_actions>1</nb_actions>
				<sum_visit_length>0</sum_visit_length>
				<bounce_count>1</bounce_count>
				<nb_visits_converted>0</nb_visits_converted>
				<nb_conversions>0</nb_conversions>
				<revenue>0.0</revenue>
				<goals>
				</goals>
				<sum_daily_nb_uniq_visitors>1</sum_daily_nb_uniq_visitors>
			</row>
		</subtable>
	</row>
</result>