<?xml version="1.0" encoding="utf-8" ?>
<result>
	<row>
		<label>Washington, United States</label>
		<nb_visits>265</nb_visits>
		<nb_actions>265</nb_actions>
		<sum_visit_length>0</sum_visit_length>
		<bounce_count>0</bounce_count>
		<nb_visits_converted>0</nb_visits_converted>
		<nb_conversions>4</nb_conversions>
		<revenue>27012.0</revenue>
		<goals>
			<row idgoal='1'>
				<nb_conversions>0</nb_conversions>
				<revenue>0</revenue>
				<nb_visits_converted>0</nb_visits_converted>
			</row>
			<row idgoal='2'>
				<nb_conversions>0</nb_conversions>
				<revenue>0</revenue>
			</row>
		</goals>
		<sum_daily_nb_uniq_visitors>265</sum_daily_nb_uniq_visitors>
		<segment>regionCode==WA;countryCode==US</segment>
		<region>WA</region>
		<country>US</country>
		<country_name>United States</country_name>
		<region_name>Washington</region_name>
		<logo>plugins/Morpheus/icons/dist/flags/US.png</logo>
	</row>
	<row>
		<label>British Columbia, Canada</label>
		<nb_visits>19</nb_visits>
		<nb_actions>19</nb_actions>
		<sum_visit_length>0</sum_visit_length>
		<bounce_count>0</bounce_count>
		<nb_visits_converted>0</nb_visits_converted>
		<nb_conversions>0</nb_conversions>
		<revenue>0.0</revenue>
		<sum_daily_nb_uniq_visitors>19</sum_daily_nb_uniq_visitors>
		<segment>regionCode==BC;countryCode==CA</segment>
		<region>BC</region>
		<country>CA</country>
		<country_name>Canada</country_name>
		<region_name>British Columbia</region_name>
		<logo>plugins/Morpheus/icons/dist/flags/CA.png</logo>
	</row>
	<row>
		<label>Unknown, Canada</label>
		<nb_visits>18</nb_visits>
		<nb_actions>56</nb_actions>
		<sum_visit_length>81</sum_visit_length>
		<bounce_count>6</bounce_count>
		<nb_visits_converted>3</nb_visits_converted>
		<nb_conversions>7</nb_conversions>
		<revenue>24550</revenue>
		<goals>
			<row idgoal='1'>
				<nb_conversions>2</nb_conversions>
				<revenue>0</revenue>
				<nb_visits_converted>1</nb_visits_converted>
			</row>
			<row idgoal='2'>
				<nb_conversions>1</nb_conversions>
				<revenue>0</revenue>
				<nb_visits_converted>0</nb_visits_converted>
			</row>
			<row idgoal='3'>
				<nb_conversions>0</nb_conversions>
				<revenue>0</revenue>
				<nb_visits_converted>0</nb_visits_converted>
			</row>
		</goals>
		<sum_daily_nb_uniq_visitors>16</sum_daily_nb_uniq_visitors>
		<segment>regionCode==;countryCode==CA</segment>
		<region>xx</region>
		<country>CA</country>
		<country_name>Canada</country_name>
		<region_name>Unknown</region_name>
		<logo>plugins/Morpheus/icons/dist/flags/CA.png</logo>
	</row>
	<row>
		<label>Unknown, France</label>
		<nb_visits>18</nb_visits>
		<nb_actions>43</nb_actions>
		<sum_visit_length>320</sum_visit_length>
		<bounce_count>12</bounce_count>
		<nb_visits_converted>0</nb_visits_converted>
		<nb_conversions>3</nb_conversions>
		<revenue>19527</revenue>
		<goals>
			<row idgoal='1'>
				<nb_conversions>0</nb_conversions>
				<revenue>0</revenue>
				<nb_visits_converted>0</nb_visits_converted>
			</row>
			<row idgoal='2'>
				<nb_conversions>0</nb_conversions>
				<revenue>0</revenue>
			</row>
		</goals>
		<sum_daily_nb_uniq_visitors>17</sum_daily_nb_uniq_visitors>
		<segment>regionCode==;countryCode==FR</segment>
		<region>xx</region>
		<country>FR</country>
		<country_name>France</country_name>
		<region_name>Unknown</region_name>
		<logo>plugins/Morpheus/icons/dist/flags/FR.png</logo>
	</row>
	<row>
		<label>Unknown, Unknown</label>
		<nb_visits>13</nb_visits>
		<nb_actions>21</nb_actions>
		<sum_visit_length>0</sum_visit_length>
		<bounce_count>5</bounce_count>
		<nb_visits_converted>0</nb_visits_converted>
		<nb_conversions>2</nb_conversions>
		<revenue>10481</revenue>
		<goals>
			<row idgoal='1'>
				<nb_conversions>0</nb_conversions>
				<revenue>0</revenue>
				<nb_visits_converted>0</nb_visits_converted>
			</row>
			<row idgoal='2'>
				<nb_conversions>0</nb_conversions>
				<revenue>0</revenue>
			</row>
		</goals>
		<sum_daily_nb_uniq_visitors>13</sum_daily_nb_uniq_visitors>
		<segment>regionCode==;countryCode==ZZ</segment>
		<region>xx</region>
		<country>ZZ</country>
		<country_name>Unknown</country_name>
		<region_name>Unknown</region_name>
		<logo>plugins/Morpheus/icons/dist/flags/xx.png</logo>
	</row>
	<row>
		<label>Bali, Indonesia</label>
		<nb_visits>12</nb_visits>
		<nb_actions>12</nb_actions>
		<sum_visit_length>0</sum_visit_length>
		<bounce_count>1</bounce_count>
		<nb_visits_converted>0</nb_visits_converted>
		<nb_conversions>1</nb_conversions>
		<revenue>7714.0</revenue>
		<goals>
			<row idgoal='1'>
				<nb_conversions>0</nb_conversions>
				<revenue>0</revenue>
				<nb_visits_converted>0</nb_visits_converted>
			</row>
			<row idgoal='2'>
				<nb_conversions>0</nb_conversions>
				<revenue>0</revenue>
			</row>
		</goals>
		<sum_daily_nb_uniq_visitors>12</sum_daily_nb_uniq_visitors>
		<segment>regionCode==BA;countryCode==ID</segment>
		<region>BA</region>
		<country>ID</country>
		<country_name>Indonesia</country_name>
		<region_name>Bali</region_name>
		<logo>plugins/Morpheus/icons/dist/flags/ID.png</logo>
	</row>
	<row>
		<label>Bayern, Germany</label>
		<nb_visits>12</nb_visits>
		<nb_actions>12</nb_actions>
		<sum_visit_length>0</sum_visit_length>
		<bounce_count>2</bounce_count>
		<nb_visits_converted>0</nb_visits_converted>
		<nb_conversions>1</nb_conversions>
		<revenue>6612.0</revenue>
		<goals>
			<row idgoal='1'>
				<nb_conversions>0</nb_conversions>
				<revenue>0</revenue>
				<nb_visits_converted>0</nb_visits_converted>
			</row>
			<row idgoal='2'>
				<nb_conversions>0</nb_conversions>
				<revenue>0</revenue>
			</row>
		</goals>
		<sum_daily_nb_uniq_visitors>12</sum_daily_nb_uniq_visitors>
		<segment>regionCode==BY;countryCode==DE</segment>
		<region>BY</region>
		<country>DE</country>
		<country_name>Germany</country_name>
		<region_name>Bayern</region_name>
		<logo>plugins/Morpheus/icons/dist/flags/DE.png</logo>
	</row>
	<row>
		<label>Sichuan, China</label>
		<nb_visits>12</nb_visits>
		<nb_actions>12</nb_actions>
		<sum_visit_length>0</sum_visit_length>
		<bounce_count>1</bounce_count>
		<nb_visits_converted>0</nb_visits_converted>
		<nb_conversions>0</nb_conversions>
		<revenue>0.0</revenue>
		<sum_daily_nb_uniq_visitors>12</sum_daily_nb_uniq_visitors>
		<segment>regionCode==32;countryCode==CN</segment>
		<region>32</region>
		<country>CN</country>
		<country_name>China</country_name>
		<region_name>Sichuan</region_name>
		<logo>plugins/Morpheus/icons/dist/flags/CN.png</logo>
	</row>
	<row>
		<label>Lazio, Italy</label>
		<nb_visits>11</nb_visits>
		<nb_actions>11</nb_actions>
		<sum_visit_length>0</sum_visit_length>
		<bounce_count>0</bounce_count>
		<nb_visits_converted>0</nb_visits_converted>
		<nb_conversions>0</nb_conversions>
		<revenue>0.0</revenue>
		<sum_daily_nb_uniq_visitors>11</sum_daily_nb_uniq_visitors>
		<segment>regionCode==62;countryCode==IT</segment>
		<region>62</region>
		<country>IT</country>
		<country_name>Italy</country_name>
		<region_name>Lazio</region_name>
		<logo>plugins/Morpheus/icons/dist/flags/IT.png</logo>
	</row>
	<row>
		<label>Bourgogne-Franche-Comté, France</label>
		<nb_visits>8</nb_visits>
		<nb_actions>8</nb_actions>
		<sum_visit_length>0</sum_visit_length>
		<bounce_count>1</bounce_count>
		<nb_visits_converted>0</nb_visits_converted>
		<nb_conversions>0</nb_conversions>
		<revenue>0.0</revenue>
		<sum_daily_nb_uniq_visitors>8</sum_daily_nb_uniq_visitors>
		<segment>regionCode==BFC;countryCode==FR</segment>
		<region>BFC</region>
		<country>FR</country>
		<country_name>France</country_name>
		<region_name>Bourgogne-Franche-Comté</region_name>
		<logo>plugins/Morpheus/icons/dist/flags/FR.png</logo>
	</row>
	<row>
		<label>Unknown, Indonesia</label>
		<nb_visits>7</nb_visits>
		<nb_actions>36</nb_actions>
		<sum_visit_length>71</sum_visit_length>
		<bounce_count>0</bounce_count>
		<nb_visits_converted>1</nb_visits_converted>
		<nb_conversions>4</nb_conversions>
		<revenue>19246</revenue>
		<goals>
			<row idgoal='1'>
				<nb_conversions>0</nb_conversions>
				<revenue>0</revenue>
				<nb_visits_converted>0</nb_visits_converted>
			</row>
			<row idgoal='2'>
				<nb_conversions>1</nb_conversions>
				<revenue>0</revenue>
				<nb_visits_converted>1</nb_visits_converted>
			</row>
			<row idgoal='3'>
				<nb_conversions>0</nb_conversions>
				<revenue>0</revenue>
				<nb_visits_converted>0</nb_visits_converted>
			</row>
		</goals>
		<sum_daily_nb_uniq_visitors>7</sum_daily_nb_uniq_visitors>
		<segment>regionCode==;countryCode==ID</segment>
		<region>xx</region>
		<country>ID</country>
		<country_name>Indonesia</country_name>
		<region_name>Unknown</region_name>
		<logo>plugins/Morpheus/icons/dist/flags/ID.png</logo>
	</row>
	<row>
		<label>Unknown, China</label>
		<nb_visits>6</nb_visits>
		<nb_actions>30</nb_actions>
		<sum_visit_length>2</sum_visit_length>
		<bounce_count>1</bounce_count>
		<nb_visits_converted>1</nb_visits_converted>
		<nb_conversions>4</nb_conversions>
		<revenue>18158</revenue>
		<goals>
			<row idgoal='1'>
				<nb_conversions>1</nb_conversions>
				<revenue>0</revenue>
				<nb_visits_converted>1</nb_visits_converted>
			</row>
			<row idgoal='2'>
				<nb_conversions>0</nb_conversions>
				<revenue>0</revenue>
			</row>
		</goals>
		<sum_daily_nb_uniq_visitors>6</sum_daily_nb_uniq_visitors>
		<segment>regionCode==;countryCode==CN</segment>
		<region>xx</region>
		<country>CN</country>
		<country_name>China</country_name>
		<region_name>Unknown</region_name>
		<logo>plugins/Morpheus/icons/dist/flags/CN.png</logo>
	</row>
	<row>
		<label>Unknown, Germany</label>
		<nb_visits>6</nb_visits>
		<nb_actions>17</nb_actions>
		<sum_visit_length>38</sum_visit_length>
		<bounce_count>2</bounce_count>
		<nb_visits_converted>0</nb_visits_converted>
		<nb_conversions>1</nb_conversions>
		<revenue>8456</revenue>
		<sum_daily_nb_uniq_visitors>6</sum_daily_nb_uniq_visitors>
		<goals>
			<row idgoal='1'>
				<nb_conversions>0</nb_conversions>
				<revenue>0</revenue>
				<nb_visits_converted>0</nb_visits_converted>
			</row>
			<row idgoal='2'>
				<nb_conversions>0</nb_conversions>
				<revenue>0</revenue>
			</row>
		</goals>
		<segment>regionCode==;countryCode==DE</segment>
		<region>xx</region>
		<country>DE</country>
		<country_name>Germany</country_name>
		<region_name>Unknown</region_name>
		<logo>plugins/Morpheus/icons/dist/flags/DE.png</logo>
	</row>
	<row>
		<label>Unknown, Italy</label>
		<nb_visits>5</nb_visits>
		<nb_actions>24</nb_actions>
		<sum_visit_length>12</sum_visit_length>
		<bounce_count>0</bounce_count>
		<nb_visits_converted>1</nb_visits_converted>
		<nb_conversions>3</nb_conversions>
		<revenue>10665.0</revenue>
		<goals>
			<row idgoal='1'>
				<nb_conversions>0</nb_conversions>
				<revenue>0</revenue>
				<nb_visits_converted>0</nb_visits_converted>
			</row>
			<row idgoal='2'>
				<nb_conversions>1</nb_conversions>
				<revenue>0</revenue>
				<nb_visits_converted>1</nb_visits_converted>
			</row>
			<row idgoal='3'>
				<nb_conversions>0</nb_conversions>
				<revenue>0</revenue>
				<nb_visits_converted>0</nb_visits_converted>
			</row>
		</goals>
		<sum_daily_nb_uniq_visitors>4</sum_daily_nb_uniq_visitors>
		<segment>regionCode==;countryCode==IT</segment>
		<region>xx</region>
		<country>IT</country>
		<country_name>Italy</country_name>
		<region_name>Unknown</region_name>
		<logo>plugins/Morpheus/icons/dist/flags/IT.png</logo>
	</row>
	<row>
		<label>Île-de-France, France</label>
		<nb_visits>5</nb_visits>
		<nb_actions>5</nb_actions>
		<sum_visit_length>0</sum_visit_length>
		<bounce_count>5</bounce_count>
		<nb_visits_converted>0</nb_visits_converted>
		<nb_conversions>0</nb_conversions>
		<revenue>0</revenue>
		<sum_daily_nb_uniq_visitors>4</sum_daily_nb_uniq_visitors>
		<segment>regionCode==IDF;countryCode==FR</segment>
		<region>IDF</region>
		<country>FR</country>
		<country_name>France</country_name>
		<region_name>Île-de-France</region_name>
		<logo>plugins/Morpheus/icons/dist/flags/FR.png</logo>
	</row>
	<row>
		<label>Unknown, United States</label>
		<nb_visits>4</nb_visits>
		<nb_actions>4</nb_actions>
		<sum_visit_length>0</sum_visit_length>
		<bounce_count>4</bounce_count>
		<nb_visits_converted>0</nb_visits_converted>
		<nb_conversions>0</nb_conversions>
		<revenue>0.0</revenue>
		<sum_daily_nb_uniq_visitors>4</sum_daily_nb_uniq_visitors>
		<segment>regionCode==;countryCode==US</segment>
		<region>xx</region>
		<country>US</country>
		<country_name>United States</country_name>
		<region_name>Unknown</region_name>
		<logo>plugins/Morpheus/icons/dist/flags/US.png</logo>
	</row>
	<row>
		<label>Illinois, United States</label>
		<nb_visits>3</nb_visits>
		<nb_actions>3</nb_actions>
		<sum_visit_length>0</sum_visit_length>
		<bounce_count>3</bounce_count>
		<nb_visits_converted>0</nb_visits_converted>
		<nb_conversions>0</nb_conversions>
		<revenue>0.0</revenue>
		<sum_daily_nb_uniq_visitors>3</sum_daily_nb_uniq_visitors>
		<segment>regionCode==IL;countryCode==US</segment>
		<region>IL</region>
		<country>US</country>
		<country_name>United States</country_name>
		<region_name>Illinois</region_name>
		<logo>plugins/Morpheus/icons/dist/flags/US.png</logo>
	</row>
	<row>
		<label>Provence-Alpes-Côte-d’Azur, France</label>
		<nb_visits>3</nb_visits>
		<nb_actions>4</nb_actions>
		<sum_visit_length>92</sum_visit_length>
		<bounce_count>2</bounce_count>
		<nb_visits_converted>0</nb_visits_converted>
		<nb_conversions>0</nb_conversions>
		<revenue>0</revenue>
		<sum_daily_nb_uniq_visitors>2</sum_daily_nb_uniq_visitors>
		<segment>regionCode==PAC;countryCode==FR</segment>
		<region>PAC</region>
		<country>FR</country>
		<country_name>France</country_name>
		<region_name>Provence-Alpes-Côte-d’Azur</region_name>
		<logo>plugins/Morpheus/icons/dist/flags/FR.png</logo>
	</row>
	<row>
		<label>Hauts-de-France, France</label>
		<nb_visits>2</nb_visits>
		<nb_actions>2</nb_actions>
		<sum_visit_length>0</sum_visit_length>
		<bounce_count>2</bounce_count>
		<nb_visits_converted>0</nb_visits_converted>
		<nb_conversions>0</nb_conversions>
		<revenue>0</revenue>
		<sum_daily_nb_uniq_visitors>2</sum_daily_nb_uniq_visitors>
		<segment>regionCode==HDF;countryCode==FR</segment>
		<region>HDF</region>
		<country>FR</country>
		<country_name>France</country_name>
		<region_name>Hauts-de-France</region_name>
		<logo>plugins/Morpheus/icons/dist/flags/FR.png</logo>
	</row>
	<row>
		<label>Hồ Chí Minh [Sài Gòn], Vietnam</label>
		<nb_visits>2</nb_visits>
		<nb_actions>2</nb_actions>
		<sum_visit_length>0</sum_visit_length>
		<bounce_count>2</bounce_count>
		<nb_visits_converted>0</nb_visits_converted>
		<nb_conversions>0</nb_conversions>
		<revenue>0.0</revenue>
		<sum_daily_nb_uniq_visitors>2</sum_daily_nb_uniq_visitors>
		<segment>regionCode==SG;countryCode==VN</segment>
		<region>SG</region>
		<country>VN</country>
		<country_name>Vietnam</country_name>
		<region_name>Hồ Chí Minh [Sài Gòn]</region_name>
		<logo>plugins/Morpheus/icons/dist/flags/VN.png</logo>
	</row>
	<row>
		<label>Wellington, New Zealand</label>
		<nb_visits>2</nb_visits>
		<nb_actions>16</nb_actions>
		<sum_visit_length>796</sum_visit_length>
		<bounce_count>0</bounce_count>
		<nb_visits_converted>0</nb_visits_converted>
		<nb_conversions>1</nb_conversions>
		<revenue>6899.0</revenue>
		<goals>
			<row idgoal='1'>
				<nb_conversions>0</nb_conversions>
				<revenue>0</revenue>
				<nb_visits_converted>0</nb_visits_converted>
			</row>
			<row idgoal='2'>
				<nb_conversions>0</nb_conversions>
				<revenue>0</revenue>
			</row>
		</goals>
		<sum_daily_nb_uniq_visitors>1</sum_daily_nb_uniq_visitors>
		<segment>regionCode==WGN;countryCode==NZ</segment>
		<region>WGN</region>
		<country>NZ</country>
		<country_name>New Zealand</country_name>
		<region_name>Wellington</region_name>
		<logo>plugins/Morpheus/icons/dist/flags/NZ.png</logo>
	</row>
	<row>
		<label>Antananarivo, Madagascar</label>
		<nb_visits>1</nb_visits>
		<nb_actions>1</nb_actions>
		<sum_visit_length>0</sum_visit_length>
		<bounce_count>1</bounce_count>
		<nb_visits_converted>0</nb_visits_converted>
		<nb_conversions>0</nb_conversions>
		<revenue>0.0</revenue>
		<sum_daily_nb_uniq_visitors>1</sum_daily_nb_uniq_visitors>
		<segment>regionCode==T;countryCode==MG</segment>
		<region>T</region>
		<country>MG</country>
		<country_name>Madagascar</country_name>
		<region_name>Antananarivo</region_name>
		<logo>plugins/Morpheus/icons/dist/flags/MG.png</logo>
	</row>
	<row>
		<label>Auvergne-Rhône-Alpes, France</label>
		<nb_visits>1</nb_visits>
		<nb_actions>2</nb_actions>
		<sum_visit_length>66</sum_visit_length>
		<bounce_count>0</bounce_count>
		<nb_visits_converted>0</nb_visits_converted>
		<nb_conversions>0</nb_conversions>
		<revenue>0.0</revenue>
		<sum_daily_nb_uniq_visitors>1</sum_daily_nb_uniq_visitors>
		<segment>regionCode==ARA;countryCode==FR</segment>
		<region>ARA</region>
		<country>FR</country>
		<country_name>France</country_name>
		<region_name>Auvergne-Rhône-Alpes</region_name>
		<logo>plugins/Morpheus/icons/dist/flags/FR.png</logo>
	</row>
	<row>
		<label>Bruxelles-Capitale, Région de;Brussels Hoofdstedelijk Gewest, Belgium</label>
		<nb_visits>1</nb_visits>
		<nb_actions>1</nb_actions>
		<sum_visit_length>0</sum_visit_length>
		<bounce_count>1</bounce_count>
		<nb_visits_converted>0</nb_visits_converted>
		<nb_conversions>0</nb_conversions>
		<revenue>0.0</revenue>
		<sum_daily_nb_uniq_visitors>1</sum_daily_nb_uniq_visitors>
		<segment>regionCode==BRU;countryCode==BE</segment>
		<region>BRU</region>
		<country>BE</country>
		<country_name>Belgium</country_name>
		<region_name>Bruxelles-Capitale, Région de;Brussels Hoofdstedelijk Gewest</region_name>
		<logo>plugins/Morpheus/icons/dist/flags/BE.png</logo>
	</row>
	<row>
		<label>Catalunya, Spain</label>
		<nb_visits>1</nb_visits>
		<nb_actions>1</nb_actions>
		<sum_visit_length>0</sum_visit_length>
		<bounce_count>1</bounce_count>
		<nb_visits_converted>0</nb_visits_converted>
		<nb_conversions>0</nb_conversions>
		<revenue>0.0</revenue>
		<sum_daily_nb_uniq_visitors>1</sum_daily_nb_uniq_visitors>
		<segment>regionCode==CT;countryCode==ES</segment>
		<region>CT</region>
		<country>ES</country>
		<country_name>Spain</country_name>
		<region_name>Catalunya</region_name>
		<logo>plugins/Morpheus/icons/dist/flags/ES.png</logo>
	</row>
	<row>
		<label>Chaouia-Ouardigha, Morocco</label>
		<nb_visits>1</nb_visits>
		<nb_actions>1</nb_actions>
		<sum_visit_length>0</sum_visit_length>
		<bounce_count>1</bounce_count>
		<nb_visits_converted>0</nb_visits_converted>
		<nb_conversions>0</nb_conversions>
		<revenue>0.0</revenue>
		<sum_daily_nb_uniq_visitors>1</sum_daily_nb_uniq_visitors>
		<segment>regionCode==09;countryCode==MA</segment>
		<region>09</region>
		<country>MA</country>
		<country_name>Morocco</country_name>
		<region_name>Chaouia-Ouardigha</region_name>
		<logo>plugins/Morpheus/icons/dist/flags/MA.png</logo>
	</row>
	<row>
		<label>Kanagawa, Japan</label>
		<nb_visits>1</nb_visits>
		<nb_actions>1</nb_actions>
		<sum_visit_length>0</sum_visit_length>
		<bounce_count>1</bounce_count>
		<nb_visits_converted>0</nb_visits_converted>
		<nb_conversions>0</nb_conversions>
		<revenue>0.0</revenue>
		<sum_daily_nb_uniq_visitors>1</sum_daily_nb_uniq_visitors>
		<segment>regionCode==14;countryCode==JP</segment>
		<region>14</region>
		<country>JP</country>
		<country_name>Japan</country_name>
		<region_name>Kanagawa</region_name>
		<logo>plugins/Morpheus/icons/dist/flags/JP.png</logo>
	</row>
	<row>
		<label>Meknès-Tafilalet, Morocco</label>
		<nb_visits>1</nb_visits>
		<nb_actions>1</nb_actions>
		<sum_visit_length>0</sum_visit_length>
		<bounce_count>1</bounce_count>
		<nb_visits_converted>0</nb_visits_converted>
		<nb_conversions>0</nb_conversions>
		<revenue>0.0</revenue>
		<sum_daily_nb_uniq_visitors>1</sum_daily_nb_uniq_visitors>
		<segment>regionCode==06;countryCode==MA</segment>
		<region>06</region>
		<country>MA</country>
		<country_name>Morocco</country_name>
		<region_name>Meknès-Tafilalet</region_name>
		<logo>plugins/Morpheus/icons/dist/flags/MA.png</logo>
	</row>
	<row>
		<label>Occitanie, France</label>
		<nb_visits>1</nb_visits>
		<nb_actions>1</nb_actions>
		<sum_visit_length>0</sum_visit_length>
		<bounce_count>1</bounce_count>
		<nb_visits_converted>0</nb_visits_converted>
		<nb_conversions>0</nb_conversions>
		<revenue>0.0</revenue>
		<sum_daily_nb_uniq_visitors>1</sum_daily_nb_uniq_visitors>
		<segment>regionCode==OCC;countryCode==FR</segment>
		<region>OCC</region>
		<country>FR</country>
		<country_name>France</country_name>
		<region_name>Occitanie</region_name>
		<logo>plugins/Morpheus/icons/dist/flags/FR.png</logo>
	</row>
	<row>
		<label>Quebec, Canada</label>
		<nb_visits>1</nb_visits>
		<nb_actions>1</nb_actions>
		<sum_visit_length>0</sum_visit_length>
		<bounce_count>1</bounce_count>
		<nb_visits_converted>0</nb_visits_converted>
		<nb_conversions>0</nb_conversions>
		<revenue>0.0</revenue>
		<sum_daily_nb_uniq_visitors>1</sum_daily_nb_uniq_visitors>
		<segment>regionCode==QC;countryCode==CA</segment>
		<region>QC</region>
		<country>CA</country>
		<country_name>Canada</country_name>
		<region_name>Quebec</region_name>
		<logo>plugins/Morpheus/icons/dist/flags/CA.png</logo>
	</row>
	<row>
		<label>Région Maritime, Togo</label>
		<nb_visits>1</nb_visits>
		<nb_actions>1</nb_actions>
		<sum_visit_length>0</sum_visit_length>
		<bounce_count>1</bounce_count>
		<nb_visits_converted>0</nb_visits_converted>
		<nb_conversions>0</nb_conversions>
		<revenue>0.0</revenue>
		<sum_daily_nb_uniq_visitors>1</sum_daily_nb_uniq_visitors>
		<segment>regionCode==M;countryCode==TG</segment>
		<region>M</region>
		<country>TG</country>
		<country_name>Togo</country_name>
		<region_name>Région Maritime</region_name>
		<logo>plugins/Morpheus/icons/dist/flags/TG.png</logo>
	</row>
	<row>
		<label>Unknown, Australia</label>
		<nb_visits>1</nb_visits>
		<nb_actions>1</nb_actions>
		<sum_visit_length>0</sum_visit_length>
		<bounce_count>1</bounce_count>
		<nb_visits_converted>0</nb_visits_converted>
		<nb_conversions>0</nb_conversions>
		<revenue>0.0</revenue>
		<sum_daily_nb_uniq_visitors>1</sum_daily_nb_uniq_visitors>
		<segment>regionCode==;countryCode==AU</segment>
		<region>xx</region>
		<country>AU</country>
		<country_name>Australia</country_name>
		<region_name>Unknown</region_name>
		<logo>plugins/Morpheus/icons/dist/flags/AU.png</logo>
	</row>
	<row>
		<label>Unknown, Réunion</label>
		<nb_visits>1</nb_visits>
		<nb_actions>1</nb_actions>
		<sum_visit_length>0</sum_visit_length>
		<bounce_count>1</bounce_count>
		<nb_visits_converted>0</nb_visits_converted>
		<nb_conversions>0</nb_conversions>
		<revenue>0.0</revenue>
		<sum_daily_nb_uniq_visitors>1</sum_daily_nb_uniq_visitors>
		<segment>regionCode==;countryCode==RE</segment>
		<region>xx</region>
		<country>RE</country>
		<country_name>Réunion</country_name>
		<region_name>Unknown</region_name>
		<logo>plugins/Morpheus/icons/dist/flags/RE.png</logo>
	</row>
	<row>
		<label>Unknown, Tunisia</label>
		<nb_visits>1</nb_visits>
		<nb_actions>3</nb_actions>
		<sum_visit_length>380</sum_visit_length>
		<bounce_count>0</bounce_count>
		<nb_visits_converted>0</nb_visits_converted>
		<nb_conversions>0</nb_conversions>
		<revenue>0.0</revenue>
		<sum_daily_nb_uniq_visitors>1</sum_daily_nb_uniq_visitors>
		<segment>regionCode==;countryCode==TN</segment>
		<region>xx</region>
		<country>TN</country>
		<country_name>Tunisia</country_name>
		<region_name>Unknown</region_name>
		<logo>plugins/Morpheus/icons/dist/flags/TN.png</logo>
	</row>
</result>