<?xml version="1.0" encoding="utf-8" ?>
<result>
	<row>
		<label>Unknown, Canada</label>
		<nb_uniq_visitors>20</nb_uniq_visitors>
		<nb_visits>44</nb_visits>
		<nb_actions>179</nb_actions>
		<sum_visit_length>563</sum_visit_length>
		<bounce_count>4</bounce_count>
		<nb_visits_converted>4</nb_visits_converted>
		<nb_conversions>17</nb_conversions>
		<revenue>163201.0</revenue>
		<goals>
			<row idgoal='1'>
				<nb_conversions>3</nb_conversions>
				<revenue>0</revenue>
				<nb_visits_converted>2</nb_visits_converted>
			</row>
			<row idgoal='2'>
				<nb_conversions>1</nb_conversions>
				<revenue>0</revenue>
				<nb_visits_converted>1</nb_visits_converted>
			</row>
			<row idgoal='3'>
				<nb_conversions>0</nb_conversions>
				<revenue>0</revenue>
				<nb_visits_converted>0</nb_visits_converted>
			</row>
		</goals>
		<lat>0</lat>
		<long>0</long>
		<segment>city==;regionCode==;countryCode==ca</segment>
		<city_name>Unknown</city_name>
		<city>xx</city>
		<region>xx</region>
		<country>ca</country>
		<country_name>Canada</country_name>
		<region_name>Unknown</region_name>
		<logo>plugins/Morpheus/icons/dist/flags/ca.png</logo>
	</row>
	<row>
		<label>Unknown, Unknown</label>
		<nb_uniq_visitors>16</nb_uniq_visitors>
		<nb_visits>31</nb_visits>
		<nb_actions>108</nb_actions>
		<sum_visit_length>303</sum_visit_length>
		<bounce_count>6</bounce_count>
		<nb_visits_converted>4</nb_visits_converted>
		<nb_conversions>11</nb_conversions>
		<revenue>92741.0</revenue>
		<goals>
			<row idgoal='1'>
				<nb_conversions>2</nb_conversions>
				<revenue>0</revenue>
				<nb_visits_converted>1</nb_visits_converted>
			</row>
			<row idgoal='2'>
				<nb_conversions>2</nb_conversions>
				<revenue>0</revenue>
				<nb_visits_converted>1</nb_visits_converted>
			</row>
			<row idgoal='3'>
				<nb_conversions>0</nb_conversions>
				<revenue>0</revenue>
				<nb_visits_converted>0</nb_visits_converted>
			</row>
		</goals>
		<lat>0</lat>
		<long>0</long>
		<segment>city==;regionCode==;countryCode==zz</segment>
		<city_name>Unknown</city_name>
		<city>xx</city>
		<region>xx</region>
		<country>zz</country>
		<country_name>Unknown</country_name>
		<region_name>Unknown</region_name>
		<logo>plugins/Morpheus/icons/dist/flags/xx.png</logo>
	</row>
	<row>
		<label>Besancon, France</label>
		<nb_uniq_visitors>17</nb_uniq_visitors>
		<nb_visits>26</nb_visits>
		<nb_actions>121</nb_actions>
		<sum_visit_length>238</sum_visit_length>
		<bounce_count>2</bounce_count>
		<nb_visits_converted>3</nb_visits_converted>
		<nb_conversions>14</nb_conversions>
		<revenue>122581.0</revenue>
		<goals>
			<row idgoal='1'>
				<nb_conversions>0</nb_conversions>
				<revenue>0</revenue>
				<nb_visits_converted>0</nb_visits_converted>
			</row>
			<row idgoal='2'>
				<nb_conversions>3</nb_conversions>
				<revenue>0</revenue>
				<nb_visits_converted>3</nb_visits_converted>
			</row>
			<row idgoal='3'>
				<nb_conversions>0</nb_conversions>
				<revenue>0</revenue>
				<nb_visits_converted>0</nb_visits_converted>
			</row>
		</goals>
		<lat>47.238</lat>
		<long>6.024</long>
		<segment>city==Besancon;regionCode==;countryCode==fr</segment>
		<city_name>Besancon</city_name>
		<region>xx</region>
		<country>fr</country>
		<country_name>France</country_name>
		<region_name>Unknown</region_name>
		<logo>plugins/Morpheus/icons/dist/flags/fr.png</logo>
	</row>
	<row>
		<label>Wurzburg, Germany</label>
		<nb_uniq_visitors>14</nb_uniq_visitors>
		<nb_visits>23</nb_visits>
		<nb_actions>104</nb_actions>
		<sum_visit_length>417</sum_visit_length>
		<bounce_count>4</bounce_count>
		<nb_visits_converted>5</nb_visits_converted>
		<nb_conversions>14</nb_conversions>
		<revenue>116740.0</revenue>
		<goals>
			<row idgoal='1'>
				<nb_conversions>4</nb_conversions>
				<revenue>0</revenue>
				<nb_visits_converted>3</nb_visits_converted>
			</row>
			<row idgoal='2'>
				<nb_conversions>1</nb_conversions>
				<revenue>0</revenue>
				<nb_visits_converted>0</nb_visits_converted>
			</row>
			<row idgoal='3'>
				<nb_conversions>0</nb_conversions>
				<revenue>0</revenue>
				<nb_visits_converted>0</nb_visits_converted>
			</row>
		</goals>
		<lat>49.791</lat>
		<long>9.953</long>
		<segment>city==Wurzburg;regionCode==;countryCode==de</segment>
		<city_name>Wurzburg</city_name>
		<region>xx</region>
		<country>de</country>
		<country_name>Germany</country_name>
		<region_name>Unknown</region_name>
		<logo>plugins/Morpheus/icons/dist/flags/de.png</logo>
	</row>
	<row>
		<label>Denpasar, Indonesia</label>
		<nb_uniq_visitors>15</nb_uniq_visitors>
		<nb_visits>20</nb_visits>
		<nb_actions>122</nb_actions>
		<sum_visit_length>697</sum_visit_length>
		<bounce_count>2</bounce_count>
		<nb_visits_converted>3</nb_visits_converted>
		<nb_conversions>14</nb_conversions>
		<revenue>141034.0</revenue>
		<goals>
			<row idgoal='1'>
				<nb_conversions>1</nb_conversions>
				<revenue>0</revenue>
				<nb_visits_converted>1</nb_visits_converted>
			</row>
			<row idgoal='2'>
				<nb_conversions>2</nb_conversions>
				<revenue>0</revenue>
				<nb_visits_converted>2</nb_visits_converted>
			</row>
			<row idgoal='3'>
				<nb_conversions>0</nb_conversions>
				<revenue>0</revenue>
				<nb_visits_converted>0</nb_visits_converted>
			</row>
		</goals>
		<lat>-8.671</lat>
		<long>115.213</long>
		<segment>city==Denpasar;regionCode==;countryCode==id</segment>
		<city_name>Denpasar</city_name>
		<region>xx</region>
		<country>id</country>
		<country_name>Indonesia</country_name>
		<region_name>Unknown</region_name>
		<logo>plugins/Morpheus/icons/dist/flags/id.png</logo>
	</row>
	<row>
		<label>Rome, Italy</label>
		<nb_uniq_visitors>11</nb_uniq_visitors>
		<nb_visits>17</nb_visits>
		<nb_actions>85</nb_actions>
		<sum_visit_length>280</sum_visit_length>
		<bounce_count>1</bounce_count>
		<nb_visits_converted>3</nb_visits_converted>
		<nb_conversions>11</nb_conversions>
		<revenue>117432.0</revenue>
		<goals>
			<row idgoal='1'>
				<nb_conversions>2</nb_conversions>
				<revenue>0</revenue>
				<nb_visits_converted>2</nb_visits_converted>
			</row>
			<row idgoal='2'>
				<nb_conversions>1</nb_conversions>
				<revenue>0</revenue>
				<nb_visits_converted>1</nb_visits_converted>
			</row>
			<row idgoal='3'>
				<nb_conversions>0</nb_conversions>
				<revenue>0</revenue>
				<nb_visits_converted>0</nb_visits_converted>
			</row>
		</goals>
		<lat>41.903</lat>
		<long>12.496</long>
		<segment>city==Rome;regionCode==;countryCode==it</segment>
		<city_name>Rome</city_name>
		<region>xx</region>
		<country>it</country>
		<country_name>Italy</country_name>
		<region_name>Unknown</region_name>
		<logo>plugins/Morpheus/icons/dist/flags/it.png</logo>
	</row>
	<row>
		<label>Suzhou, China</label>
		<nb_uniq_visitors>12</nb_uniq_visitors>
		<nb_visits>13</nb_visits>
		<nb_actions>50</nb_actions>
		<sum_visit_length>61</sum_visit_length>
		<bounce_count>2</bounce_count>
		<nb_visits_converted>2</nb_visits_converted>
		<nb_conversions>6</nb_conversions>
		<revenue>44226.0</revenue>
		<goals>
			<row idgoal='1'>
				<nb_conversions>1</nb_conversions>
				<revenue>0</revenue>
				<nb_visits_converted>1</nb_visits_converted>
			</row>
			<row idgoal='2'>
				<nb_conversions>1</nb_conversions>
				<revenue>0</revenue>
				<nb_visits_converted>1</nb_visits_converted>
			</row>
			<row idgoal='3'>
				<nb_conversions>0</nb_conversions>
				<revenue>0</revenue>
				<nb_visits_converted>0</nb_visits_converted>
			</row>
		</goals>
		<lat>31.299</lat>
		<long>120.585</long>
		<segment>city==Suzhou;regionCode==;countryCode==cn</segment>
		<city_name>Suzhou</city_name>
		<region>xx</region>
		<country>cn</country>
		<country_name>China</country_name>
		<region_name>Unknown</region_name>
		<logo>plugins/Morpheus/icons/dist/flags/cn.png</logo>
	</row>
	<row>
		<label>Paris, France</label>
		<nb_uniq_visitors>9</nb_uniq_visitors>
		<nb_visits>10</nb_visits>
		<nb_actions>13</nb_actions>
		<sum_visit_length>3392</sum_visit_length>
		<bounce_count>7</bounce_count>
		<nb_visits_converted>2</nb_visits_converted>
		<nb_conversions>2</nb_conversions>
		<revenue>0.0</revenue>
		<lat>48.857</lat>
		<long>2.352</long>
		<segment>city==Paris;regionCode==;countryCode==fr</segment>
		<city_name>Paris</city_name>
		<region>xx</region>
		<country>fr</country>
		<country_name>France</country_name>
		<region_name>Unknown</region_name>
		<logo>plugins/Morpheus/icons/dist/flags/fr.png</logo>
	</row>
	<row>
		<label>Lyon, France</label>
		<nb_uniq_visitors>2</nb_uniq_visitors>
		<nb_visits>2</nb_visits>
		<nb_actions>2</nb_actions>
		<sum_visit_length>0</sum_visit_length>
		<bounce_count>2</bounce_count>
		<nb_visits_converted>0</nb_visits_converted>
		<nb_conversions>0</nb_conversions>
		<revenue>0.0</revenue>
		<lat>45.764</lat>
		<long>4.836</long>
		<segment>city==Lyon;regionCode==;countryCode==fr</segment>
		<city_name>Lyon</city_name>
		<region>xx</region>
		<country>fr</country>
		<country_name>France</country_name>
		<region_name>Unknown</region_name>
		<logo>plugins/Morpheus/icons/dist/flags/fr.png</logo>
	</row>
	<row>
		<label>Lausanne, Switzerland</label>
		<nb_uniq_visitors>1</nb_uniq_visitors>
		<nb_visits>1</nb_visits>
		<nb_actions>1</nb_actions>
		<sum_visit_length>0</sum_visit_length>
		<bounce_count>1</bounce_count>
		<nb_visits_converted>0</nb_visits_converted>
		<nb_conversions>0</nb_conversions>
		<revenue>0.0</revenue>
		<lat>46.52</lat>
		<long>6.632</long>
		<segment>city==Lausanne;regionCode==;countryCode==ch</segment>
		<city_name>Lausanne</city_name>
		<region>xx</region>
		<country>ch</country>
		<country_name>Switzerland</country_name>
		<region_name>Unknown</region_name>
		<logo>plugins/Morpheus/icons/dist/flags/ch.png</logo>
	</row>
	<row>
		<label>Le Coudray-Montceaux, France</label>
		<nb_uniq_visitors>1</nb_uniq_visitors>
		<nb_visits>1</nb_visits>
		<nb_actions>1</nb_actions>
		<sum_visit_length>0</sum_visit_length>
		<bounce_count>1</bounce_count>
		<nb_visits_converted>0</nb_visits_converted>
		<nb_conversions>0</nb_conversions>
		<revenue>0.0</revenue>
		<lat>48.566</lat>
		<long>2.486</long>
		<segment>city==Le+Coudray-Montceaux;regionCode==;countryCode==fr</segment>
		<city_name>Le Coudray-Montceaux</city_name>
		<region>xx</region>
		<country>fr</country>
		<country_name>France</country_name>
		<region_name>Unknown</region_name>
		<logo>plugins/Morpheus/icons/dist/flags/fr.png</logo>
	</row>
	<row>
		<label>Mazeikiai, Lithuania</label>
		<nb_uniq_visitors>1</nb_uniq_visitors>
		<nb_visits>1</nb_visits>
		<nb_actions>1</nb_actions>
		<sum_visit_length>0</sum_visit_length>
		<bounce_count>1</bounce_count>
		<nb_visits_converted>0</nb_visits_converted>
		<nb_conversions>0</nb_conversions>
		<revenue>0.0</revenue>
		<lat>56.309</lat>
		<long>22.342</long>
		<segment>city==Mazeikiai;regionCode==;countryCode==lt</segment>
		<city_name>Mazeikiai</city_name>
		<region>xx</region>
		<country>lt</country>
		<country_name>Lithuania</country_name>
		<region_name>Unknown</region_name>
		<logo>plugins/Morpheus/icons/dist/flags/lt.png</logo>
	</row>
	<row>
		<label>Pelussin, France</label>
		<nb_uniq_visitors>1</nb_uniq_visitors>
		<nb_visits>1</nb_visits>
		<nb_actions>3</nb_actions>
		<sum_visit_length>152</sum_visit_length>
		<bounce_count>0</bounce_count>
		<nb_visits_converted>0</nb_visits_converted>
		<nb_conversions>0</nb_conversions>
		<revenue>0.0</revenue>
		<lat>45.418</lat>
		<long>4.676</long>
		<segment>city==Pelussin;regionCode==;countryCode==fr</segment>
		<city_name>Pelussin</city_name>
		<region>xx</region>
		<country>fr</country>
		<country_name>France</country_name>
		<region_name>Unknown</region_name>
		<logo>plugins/Morpheus/icons/dist/flags/fr.png</logo>
	</row>
	<row>
		<label>Poissy, France</label>
		<nb_uniq_visitors>1</nb_uniq_visitors>
		<nb_visits>1</nb_visits>
		<nb_actions>1</nb_actions>
		<sum_visit_length>0</sum_visit_length>
		<bounce_count>1</bounce_count>
		<nb_visits_converted>0</nb_visits_converted>
		<nb_conversions>0</nb_conversions>
		<revenue>0.0</revenue>
		<lat>48.93</lat>
		<long>2.047</long>
		<segment>city==Poissy;regionCode==;countryCode==fr</segment>
		<city_name>Poissy</city_name>
		<region>xx</region>
		<country>fr</country>
		<country_name>France</country_name>
		<region_name>Unknown</region_name>
		<logo>plugins/Morpheus/icons/dist/flags/fr.png</logo>
	</row>
	<row>
		<label>Royan, France</label>
		<nb_uniq_visitors>1</nb_uniq_visitors>
		<nb_visits>1</nb_visits>
		<nb_actions>2</nb_actions>
		<sum_visit_length>14</sum_visit_length>
		<bounce_count>0</bounce_count>
		<nb_visits_converted>0</nb_visits_converted>
		<nb_conversions>0</nb_conversions>
		<revenue>0.0</revenue>
		<lat>45.623</lat>
		<long>-1.043</long>
		<segment>city==Royan;regionCode==;countryCode==fr</segment>
		<city_name>Royan</city_name>
		<region>xx</region>
		<country>fr</country>
		<country_name>France</country_name>
		<region_name>Unknown</region_name>
		<logo>plugins/Morpheus/icons/dist/flags/fr.png</logo>
	</row>
	<row>
		<label>Spartanburg, United States</label>
		<nb_uniq_visitors>1</nb_uniq_visitors>
		<nb_visits>1</nb_visits>
		<nb_actions>2</nb_actions>
		<sum_visit_length>44</sum_visit_length>
		<bounce_count>0</bounce_count>
		<nb_visits_converted>0</nb_visits_converted>
		<nb_conversions>0</nb_conversions>
		<revenue>0.0</revenue>
		<lat>34.95</lat>
		<long>-81.932</long>
		<segment>city==Spartanburg;regionCode==;countryCode==us</segment>
		<city_name>Spartanburg</city_name>
		<region>xx</region>
		<country>us</country>
		<country_name>United States</country_name>
		<region_name>Unknown</region_name>
		<logo>plugins/Morpheus/icons/dist/flags/us.png</logo>
	</row>
	<row>
		<label>Toulon, France</label>
		<nb_uniq_visitors>1</nb_uniq_visitors>
		<nb_visits>1</nb_visits>
		<nb_actions>2</nb_actions>
		<sum_visit_length>151</sum_visit_length>
		<bounce_count>0</bounce_count>
		<nb_visits_converted>0</nb_visits_converted>
		<nb_conversions>0</nb_conversions>
		<revenue>0.0</revenue>
		<lat>43.124</lat>
		<long>5.928</long>
		<segment>city==Toulon;regionCode==;countryCode==fr</segment>
		<city_name>Toulon</city_name>
		<region>xx</region>
		<country>fr</country>
		<country_name>France</country_name>
		<region_name>Unknown</region_name>
		<logo>plugins/Morpheus/icons/dist/flags/fr.png</logo>
	</row>
	<row>
		<label>Toulouse, France</label>
		<nb_uniq_visitors>1</nb_uniq_visitors>
		<nb_visits>1</nb_visits>
		<nb_actions>1</nb_actions>
		<sum_visit_length>0</sum_visit_length>
		<bounce_count>1</bounce_count>
		<nb_visits_converted>0</nb_visits_converted>
		<nb_conversions>0</nb_conversions>
		<revenue>0.0</revenue>
		<lat>43.605</lat>
		<long>1.444</long>
		<segment>city==Toulouse;regionCode==;countryCode==fr</segment>
		<city_name>Toulouse</city_name>
		<region>xx</region>
		<country>fr</country>
		<country_name>France</country_name>
		<region_name>Unknown</region_name>
		<logo>plugins/Morpheus/icons/dist/flags/fr.png</logo>
	</row>
	<row>
		<label>Unknown, France</label>
		<nb_uniq_visitors>1</nb_uniq_visitors>
		<nb_visits>1</nb_visits>
		<nb_actions>1</nb_actions>
		<sum_visit_length>0</sum_visit_length>
		<bounce_count>1</bounce_count>
		<nb_visits_converted>0</nb_visits_converted>
		<nb_conversions>0</nb_conversions>
		<revenue>0.0</revenue>
		<lat>0</lat>
		<long>0</long>
		<segment>city==;regionCode==;countryCode==fr</segment>
		<city_name>Unknown</city_name>
		<city>xx</city>
		<region>xx</region>
		<country>fr</country>
		<country_name>France</country_name>
		<region_name>Unknown</region_name>
		<logo>plugins/Morpheus/icons/dist/flags/fr.png</logo>
	</row>
</result>